ARM GAS  C:\Users\latao\AppData\Local\Temp\ccRSIRUm.s 			page 1


   1              		.syntax unified
   2              		.cpu cortex-m0
   3              		.fpu softvfp
   4              		.eabi_attribute 20, 1
   5              		.eabi_attribute 21, 1
   6              		.eabi_attribute 23, 3
   7              		.eabi_attribute 24, 1
   8              		.eabi_attribute 25, 1
   9              		.eabi_attribute 26, 1
  10              		.eabi_attribute 30, 1
  11              		.eabi_attribute 34, 0
  12              		.eabi_attribute 18, 4
  13              		.thumb
  14              		.syntax unified
  15              		.file	"cyfitter_cfg.c"
  16              		.text
  17              	.Ltext0:
  18              		.cfi_sections	.debug_frame
  19              		.section	.text.cfg_write_bytes32,"ax",%progbits
  20              		.align	2
  21              		.code	16
  22              		.thumb_func
  23              		.type	cfg_write_bytes32, %function
  24              	cfg_write_bytes32:
  25              	.LFB3:
  26              		.file 1 "Generated_Source\\PSoC4\\cyfitter_cfg.c"
   1:Generated_Source\PSoC4/cyfitter_cfg.c **** 
   2:Generated_Source\PSoC4/cyfitter_cfg.c **** /*******************************************************************************
   3:Generated_Source\PSoC4/cyfitter_cfg.c **** * File Name: cyfitter_cfg.c
   4:Generated_Source\PSoC4/cyfitter_cfg.c **** * 
   5:Generated_Source\PSoC4/cyfitter_cfg.c **** * PSoC Creator  4.4
   6:Generated_Source\PSoC4/cyfitter_cfg.c **** *
   7:Generated_Source\PSoC4/cyfitter_cfg.c **** * Description:
   8:Generated_Source\PSoC4/cyfitter_cfg.c **** * This file contains device initialization code.
   9:Generated_Source\PSoC4/cyfitter_cfg.c **** * Except for the user defined sections in CyClockStartupError(), this file should not be modified.
  10:Generated_Source\PSoC4/cyfitter_cfg.c **** * This file is automatically generated by PSoC Creator.
  11:Generated_Source\PSoC4/cyfitter_cfg.c **** *
  12:Generated_Source\PSoC4/cyfitter_cfg.c **** ********************************************************************************
  13:Generated_Source\PSoC4/cyfitter_cfg.c **** * Copyright (c) 2007-2020 Cypress Semiconductor.  All rights reserved.
  14:Generated_Source\PSoC4/cyfitter_cfg.c **** * You may use this file only in accordance with the license, terms, conditions, 
  15:Generated_Source\PSoC4/cyfitter_cfg.c **** * disclaimers, and limitations in the end user license agreement accompanying 
  16:Generated_Source\PSoC4/cyfitter_cfg.c **** * the software package with which this file was provided.
  17:Generated_Source\PSoC4/cyfitter_cfg.c **** ********************************************************************************/
  18:Generated_Source\PSoC4/cyfitter_cfg.c **** 
  19:Generated_Source\PSoC4/cyfitter_cfg.c **** #include <string.h>
  20:Generated_Source\PSoC4/cyfitter_cfg.c **** #include "cytypes.h"
  21:Generated_Source\PSoC4/cyfitter_cfg.c **** #include "cydevice_trm.h"
  22:Generated_Source\PSoC4/cyfitter_cfg.c **** #include "cyfitter.h"
  23:Generated_Source\PSoC4/cyfitter_cfg.c **** #include "CyLib.h"
  24:Generated_Source\PSoC4/cyfitter_cfg.c **** #include "CyLFClk.h"
  25:Generated_Source\PSoC4/cyfitter_cfg.c **** #include "cyfitter_cfg.h"
  26:Generated_Source\PSoC4/cyfitter_cfg.c **** #include "cyapicallbacks.h"
  27:Generated_Source\PSoC4/cyfitter_cfg.c **** 
  28:Generated_Source\PSoC4/cyfitter_cfg.c **** 
  29:Generated_Source\PSoC4/cyfitter_cfg.c **** #if defined(__GNUC__) || defined(__ARMCC_VERSION)
  30:Generated_Source\PSoC4/cyfitter_cfg.c ****     #define CYPACKED 
  31:Generated_Source\PSoC4/cyfitter_cfg.c ****     #define CYPACKED_ATTR __attribute__ ((packed))
ARM GAS  C:\Users\latao\AppData\Local\Temp\ccRSIRUm.s 			page 2


  32:Generated_Source\PSoC4/cyfitter_cfg.c ****     #define CYALIGNED __attribute__ ((aligned))
  33:Generated_Source\PSoC4/cyfitter_cfg.c ****     #define CY_CFG_UNUSED __attribute__ ((unused))
  34:Generated_Source\PSoC4/cyfitter_cfg.c ****     #ifndef CY_CFG_SECTION
  35:Generated_Source\PSoC4/cyfitter_cfg.c ****         #define CY_CFG_SECTION __attribute__ ((section(".psocinit")))
  36:Generated_Source\PSoC4/cyfitter_cfg.c ****     #endif
  37:Generated_Source\PSoC4/cyfitter_cfg.c ****     
  38:Generated_Source\PSoC4/cyfitter_cfg.c ****     #if defined(__ARMCC_VERSION)
  39:Generated_Source\PSoC4/cyfitter_cfg.c ****         #define CY_CFG_MEMORY_BARRIER() __memory_changed()
  40:Generated_Source\PSoC4/cyfitter_cfg.c ****     #else
  41:Generated_Source\PSoC4/cyfitter_cfg.c ****         #define CY_CFG_MEMORY_BARRIER() __sync_synchronize()
  42:Generated_Source\PSoC4/cyfitter_cfg.c ****     #endif
  43:Generated_Source\PSoC4/cyfitter_cfg.c ****     
  44:Generated_Source\PSoC4/cyfitter_cfg.c **** #elif defined(__ICCARM__)
  45:Generated_Source\PSoC4/cyfitter_cfg.c ****     #include <intrinsics.h>
  46:Generated_Source\PSoC4/cyfitter_cfg.c **** 
  47:Generated_Source\PSoC4/cyfitter_cfg.c ****     #define CYPACKED __packed
  48:Generated_Source\PSoC4/cyfitter_cfg.c ****     #define CYPACKED_ATTR 
  49:Generated_Source\PSoC4/cyfitter_cfg.c ****     #define CYALIGNED _Pragma("data_alignment=4")
  50:Generated_Source\PSoC4/cyfitter_cfg.c ****     #define CY_CFG_UNUSED _Pragma("diag_suppress=Pe177")
  51:Generated_Source\PSoC4/cyfitter_cfg.c ****     #define CY_CFG_SECTION _Pragma("location=\".psocinit\"")
  52:Generated_Source\PSoC4/cyfitter_cfg.c ****     
  53:Generated_Source\PSoC4/cyfitter_cfg.c ****     #define CY_CFG_MEMORY_BARRIER() __DMB()
  54:Generated_Source\PSoC4/cyfitter_cfg.c ****     
  55:Generated_Source\PSoC4/cyfitter_cfg.c **** #else
  56:Generated_Source\PSoC4/cyfitter_cfg.c ****     #error Unsupported toolchain
  57:Generated_Source\PSoC4/cyfitter_cfg.c **** #endif
  58:Generated_Source\PSoC4/cyfitter_cfg.c **** 
  59:Generated_Source\PSoC4/cyfitter_cfg.c **** #ifndef CYCODE
  60:Generated_Source\PSoC4/cyfitter_cfg.c ****     #define CYCODE
  61:Generated_Source\PSoC4/cyfitter_cfg.c **** #endif
  62:Generated_Source\PSoC4/cyfitter_cfg.c **** #ifndef CYDATA
  63:Generated_Source\PSoC4/cyfitter_cfg.c ****     #define CYDATA
  64:Generated_Source\PSoC4/cyfitter_cfg.c **** #endif
  65:Generated_Source\PSoC4/cyfitter_cfg.c **** #ifndef CYFAR
  66:Generated_Source\PSoC4/cyfitter_cfg.c ****     #define CYFAR
  67:Generated_Source\PSoC4/cyfitter_cfg.c **** #endif
  68:Generated_Source\PSoC4/cyfitter_cfg.c **** #ifndef CYXDATA
  69:Generated_Source\PSoC4/cyfitter_cfg.c ****     #define CYXDATA
  70:Generated_Source\PSoC4/cyfitter_cfg.c **** #endif
  71:Generated_Source\PSoC4/cyfitter_cfg.c **** 
  72:Generated_Source\PSoC4/cyfitter_cfg.c **** 
  73:Generated_Source\PSoC4/cyfitter_cfg.c **** CY_CFG_UNUSED
  74:Generated_Source\PSoC4/cyfitter_cfg.c **** static void CYMEMZERO(void *s, size_t n);
  75:Generated_Source\PSoC4/cyfitter_cfg.c **** CY_CFG_UNUSED
  76:Generated_Source\PSoC4/cyfitter_cfg.c **** static void CYMEMZERO(void *s, size_t n)
  77:Generated_Source\PSoC4/cyfitter_cfg.c **** {
  78:Generated_Source\PSoC4/cyfitter_cfg.c **** 	(void)memset(s, 0, n);
  79:Generated_Source\PSoC4/cyfitter_cfg.c **** }
  80:Generated_Source\PSoC4/cyfitter_cfg.c **** CY_CFG_UNUSED
  81:Generated_Source\PSoC4/cyfitter_cfg.c **** static void CYCONFIGCPY(void *dest, const void *src, size_t n);
  82:Generated_Source\PSoC4/cyfitter_cfg.c **** CY_CFG_UNUSED
  83:Generated_Source\PSoC4/cyfitter_cfg.c **** static void CYCONFIGCPY(void *dest, const void *src, size_t n)
  84:Generated_Source\PSoC4/cyfitter_cfg.c **** {
  85:Generated_Source\PSoC4/cyfitter_cfg.c **** 	(void)memcpy(dest, src, n);
  86:Generated_Source\PSoC4/cyfitter_cfg.c **** }
  87:Generated_Source\PSoC4/cyfitter_cfg.c **** CY_CFG_UNUSED
  88:Generated_Source\PSoC4/cyfitter_cfg.c **** static void CYCONFIGCPYCODE(void *dest, const void *src, size_t n);
ARM GAS  C:\Users\latao\AppData\Local\Temp\ccRSIRUm.s 			page 3


  89:Generated_Source\PSoC4/cyfitter_cfg.c **** CY_CFG_UNUSED
  90:Generated_Source\PSoC4/cyfitter_cfg.c **** static void CYCONFIGCPYCODE(void *dest, const void *src, size_t n)
  91:Generated_Source\PSoC4/cyfitter_cfg.c **** {
  92:Generated_Source\PSoC4/cyfitter_cfg.c **** 	(void)memcpy(dest, src, n);
  93:Generated_Source\PSoC4/cyfitter_cfg.c **** }
  94:Generated_Source\PSoC4/cyfitter_cfg.c **** 
  95:Generated_Source\PSoC4/cyfitter_cfg.c **** 
  96:Generated_Source\PSoC4/cyfitter_cfg.c **** 
  97:Generated_Source\PSoC4/cyfitter_cfg.c **** 
  98:Generated_Source\PSoC4/cyfitter_cfg.c **** /* Clock startup error codes                                                   */
  99:Generated_Source\PSoC4/cyfitter_cfg.c **** #define CYCLOCKSTART_NO_ERROR    0u
 100:Generated_Source\PSoC4/cyfitter_cfg.c **** #define CYCLOCKSTART_XTAL_ERROR  1u
 101:Generated_Source\PSoC4/cyfitter_cfg.c **** #define CYCLOCKSTART_32KHZ_ERROR 2u
 102:Generated_Source\PSoC4/cyfitter_cfg.c **** #define CYCLOCKSTART_PLL_ERROR   3u
 103:Generated_Source\PSoC4/cyfitter_cfg.c **** #define CYCLOCKSTART_FLL_ERROR   4u
 104:Generated_Source\PSoC4/cyfitter_cfg.c **** #define CYCLOCKSTART_WCO_ERROR   5u
 105:Generated_Source\PSoC4/cyfitter_cfg.c **** 
 106:Generated_Source\PSoC4/cyfitter_cfg.c **** 
 107:Generated_Source\PSoC4/cyfitter_cfg.c **** #ifdef CY_NEED_CYCLOCKSTARTUPERROR
 108:Generated_Source\PSoC4/cyfitter_cfg.c **** /*******************************************************************************
 109:Generated_Source\PSoC4/cyfitter_cfg.c **** * Function Name: CyClockStartupError
 110:Generated_Source\PSoC4/cyfitter_cfg.c **** ********************************************************************************
 111:Generated_Source\PSoC4/cyfitter_cfg.c **** * Summary:
 112:Generated_Source\PSoC4/cyfitter_cfg.c **** *  If an error is encountered during clock configuration (crystal startup error,
 113:Generated_Source\PSoC4/cyfitter_cfg.c **** *  PLL lock error, etc.), the system will end up here.  Unless reimplemented by
 114:Generated_Source\PSoC4/cyfitter_cfg.c **** *  the customer, this function will stop in an infinite loop.
 115:Generated_Source\PSoC4/cyfitter_cfg.c **** *
 116:Generated_Source\PSoC4/cyfitter_cfg.c **** * Parameters:
 117:Generated_Source\PSoC4/cyfitter_cfg.c **** *   void
 118:Generated_Source\PSoC4/cyfitter_cfg.c **** *
 119:Generated_Source\PSoC4/cyfitter_cfg.c **** * Return:
 120:Generated_Source\PSoC4/cyfitter_cfg.c **** *   void
 121:Generated_Source\PSoC4/cyfitter_cfg.c **** *
 122:Generated_Source\PSoC4/cyfitter_cfg.c **** *******************************************************************************/
 123:Generated_Source\PSoC4/cyfitter_cfg.c **** CY_CFG_UNUSED
 124:Generated_Source\PSoC4/cyfitter_cfg.c **** static void CyClockStartupError(uint8 errorCode);
 125:Generated_Source\PSoC4/cyfitter_cfg.c **** CY_CFG_UNUSED
 126:Generated_Source\PSoC4/cyfitter_cfg.c **** static void CyClockStartupError(uint8 errorCode)
 127:Generated_Source\PSoC4/cyfitter_cfg.c **** {
 128:Generated_Source\PSoC4/cyfitter_cfg.c ****     /* To remove the compiler warning if errorCode not used.                */
 129:Generated_Source\PSoC4/cyfitter_cfg.c ****     errorCode = errorCode;
 130:Generated_Source\PSoC4/cyfitter_cfg.c **** 
 131:Generated_Source\PSoC4/cyfitter_cfg.c ****     /* If we have a clock startup error (bad MHz crystal, PLL lock, etc.),  */
 132:Generated_Source\PSoC4/cyfitter_cfg.c ****     /* we will end up here to allow the customer to implement something to  */
 133:Generated_Source\PSoC4/cyfitter_cfg.c ****     /* deal with the clock condition.                                       */
 134:Generated_Source\PSoC4/cyfitter_cfg.c **** 
 135:Generated_Source\PSoC4/cyfitter_cfg.c **** #ifdef CY_CFG_CLOCK_STARTUP_ERROR_CALLBACK
 136:Generated_Source\PSoC4/cyfitter_cfg.c ****     CY_CFG_Clock_Startup_ErrorCallback();
 137:Generated_Source\PSoC4/cyfitter_cfg.c **** #else
 138:Generated_Source\PSoC4/cyfitter_cfg.c ****     /*  If not using CY_CFG_CLOCK_STARTUP_ERROR_CALLBACK, place your clock startup code here. */
 139:Generated_Source\PSoC4/cyfitter_cfg.c ****     /* `#START CyClockStartupError` */
 140:Generated_Source\PSoC4/cyfitter_cfg.c **** 
 141:Generated_Source\PSoC4/cyfitter_cfg.c **** 
 142:Generated_Source\PSoC4/cyfitter_cfg.c **** 
 143:Generated_Source\PSoC4/cyfitter_cfg.c ****     /* `#END` */
 144:Generated_Source\PSoC4/cyfitter_cfg.c **** 
 145:Generated_Source\PSoC4/cyfitter_cfg.c ****     while(1) {}
ARM GAS  C:\Users\latao\AppData\Local\Temp\ccRSIRUm.s 			page 4


 146:Generated_Source\PSoC4/cyfitter_cfg.c **** #endif /* CY_CFG_CLOCK_STARTUP_ERROR_CALLBACK */
 147:Generated_Source\PSoC4/cyfitter_cfg.c **** }
 148:Generated_Source\PSoC4/cyfitter_cfg.c **** #endif
 149:Generated_Source\PSoC4/cyfitter_cfg.c **** 
 150:Generated_Source\PSoC4/cyfitter_cfg.c **** #define CY_CFG_BASE_ADDR_COUNT 5u
 151:Generated_Source\PSoC4/cyfitter_cfg.c **** CYPACKED typedef struct
 152:Generated_Source\PSoC4/cyfitter_cfg.c **** {
 153:Generated_Source\PSoC4/cyfitter_cfg.c **** 	uint8 offset;
 154:Generated_Source\PSoC4/cyfitter_cfg.c **** 	uint8 value;
 155:Generated_Source\PSoC4/cyfitter_cfg.c **** } CYPACKED_ATTR cy_cfg_addrvalue_t;
 156:Generated_Source\PSoC4/cyfitter_cfg.c **** 
 157:Generated_Source\PSoC4/cyfitter_cfg.c **** 
 158:Generated_Source\PSoC4/cyfitter_cfg.c **** 
 159:Generated_Source\PSoC4/cyfitter_cfg.c **** /*******************************************************************************
 160:Generated_Source\PSoC4/cyfitter_cfg.c **** * Function Name: cfg_write_bytes32
 161:Generated_Source\PSoC4/cyfitter_cfg.c **** ********************************************************************************
 162:Generated_Source\PSoC4/cyfitter_cfg.c **** * Summary:
 163:Generated_Source\PSoC4/cyfitter_cfg.c **** *  This function is used for setting up the chip configuration areas that
 164:Generated_Source\PSoC4/cyfitter_cfg.c **** *  contain relatively sparse data.
 165:Generated_Source\PSoC4/cyfitter_cfg.c **** *
 166:Generated_Source\PSoC4/cyfitter_cfg.c **** * Parameters:
 167:Generated_Source\PSoC4/cyfitter_cfg.c **** *   void
 168:Generated_Source\PSoC4/cyfitter_cfg.c **** *
 169:Generated_Source\PSoC4/cyfitter_cfg.c **** * Return:
 170:Generated_Source\PSoC4/cyfitter_cfg.c **** *   void
 171:Generated_Source\PSoC4/cyfitter_cfg.c **** *
 172:Generated_Source\PSoC4/cyfitter_cfg.c **** *******************************************************************************/
 173:Generated_Source\PSoC4/cyfitter_cfg.c **** static void cfg_write_bytes32(const uint32 addr_table[], const cy_cfg_addrvalue_t data_table[]);
 174:Generated_Source\PSoC4/cyfitter_cfg.c **** static void cfg_write_bytes32(const uint32 addr_table[], const cy_cfg_addrvalue_t data_table[])
 175:Generated_Source\PSoC4/cyfitter_cfg.c **** {
  27              		.loc 1 175 0
  28              		.cfi_startproc
  29              		@ args = 0, pretend = 0, frame = 0
  30              		@ frame_needed = 0, uses_anonymous_args = 0
  31              	.LVL0:
  32 0000 F0B5     		push	{r4, r5, r6, r7, lr}
  33              		.cfi_def_cfa_offset 20
  34              		.cfi_offset 4, -20
  35              		.cfi_offset 5, -16
  36              		.cfi_offset 6, -12
  37              		.cfi_offset 7, -8
  38              		.cfi_offset 14, -4
  39              	.LVL1:
 176:Generated_Source\PSoC4/cyfitter_cfg.c **** 	/* For 32-bit little-endian architectures */
 177:Generated_Source\PSoC4/cyfitter_cfg.c **** 	uint32 i, j = 0u;
  40              		.loc 1 177 0
  41 0002 0025     		movs	r5, #0
 178:Generated_Source\PSoC4/cyfitter_cfg.c **** 	for (i = 0u; i < CY_CFG_BASE_ADDR_COUNT; i++)
  42              		.loc 1 178 0
  43 0004 0027     		movs	r7, #0
  44 0006 11E0     		b	.L2
  45              	.LVL2:
  46              	.L5:
  47              	.LBB2:
 179:Generated_Source\PSoC4/cyfitter_cfg.c **** 	{
 180:Generated_Source\PSoC4/cyfitter_cfg.c **** 		uint32 baseAddr = addr_table[i];
  48              		.loc 1 180 0
ARM GAS  C:\Users\latao\AppData\Local\Temp\ccRSIRUm.s 			page 5


  49 0008 BB00     		lsls	r3, r7, #2
  50 000a C658     		ldr	r6, [r0, r3]
  51              	.LVL3:
 181:Generated_Source\PSoC4/cyfitter_cfg.c **** 		uint8 count = (uint8)baseAddr;
  52              		.loc 1 181 0
  53 000c F3B2     		uxtb	r3, r6
  54              	.LVL4:
 182:Generated_Source\PSoC4/cyfitter_cfg.c **** 		baseAddr &= 0xFFFFFF00u;
  55              		.loc 1 182 0
  56 000e FF22     		movs	r2, #255
  57 0010 9643     		bics	r6, r2
  58              	.LVL5:
 183:Generated_Source\PSoC4/cyfitter_cfg.c **** 		while (count != 0u)
  59              		.loc 1 183 0
  60 0012 08E0     		b	.L3
  61              	.L4:
 184:Generated_Source\PSoC4/cyfitter_cfg.c **** 		{
 185:Generated_Source\PSoC4/cyfitter_cfg.c **** 			CY_SET_REG8((void *)(baseAddr + data_table[j].offset), data_table[j].value);
  62              		.loc 1 185 0
  63 0014 6A00     		lsls	r2, r5, #1
  64 0016 8A18     		adds	r2, r1, r2
  65 0018 1478     		ldrb	r4, [r2]
  66 001a A419     		adds	r4, r4, r6
  67 001c 5278     		ldrb	r2, [r2, #1]
  68 001e 2270     		strb	r2, [r4]
 186:Generated_Source\PSoC4/cyfitter_cfg.c **** 			j++;
  69              		.loc 1 186 0
  70 0020 0135     		adds	r5, r5, #1
  71              	.LVL6:
 187:Generated_Source\PSoC4/cyfitter_cfg.c **** 			count--;
  72              		.loc 1 187 0
  73 0022 013B     		subs	r3, r3, #1
  74              	.LVL7:
  75 0024 DBB2     		uxtb	r3, r3
  76              	.LVL8:
  77              	.L3:
 183:Generated_Source\PSoC4/cyfitter_cfg.c **** 		{
  78              		.loc 1 183 0
  79 0026 002B     		cmp	r3, #0
  80 0028 F4D1     		bne	.L4
  81              	.LBE2:
 178:Generated_Source\PSoC4/cyfitter_cfg.c **** 	{
  82              		.loc 1 178 0 discriminator 2
  83 002a 0137     		adds	r7, r7, #1
  84              	.LVL9:
  85              	.L2:
 178:Generated_Source\PSoC4/cyfitter_cfg.c **** 	{
  86              		.loc 1 178 0 is_stmt 0 discriminator 1
  87 002c 042F     		cmp	r7, #4
  88 002e EBD9     		bls	.L5
 188:Generated_Source\PSoC4/cyfitter_cfg.c **** 		}
 189:Generated_Source\PSoC4/cyfitter_cfg.c **** 	}
 190:Generated_Source\PSoC4/cyfitter_cfg.c **** }
  89              		.loc 1 190 0 is_stmt 1
  90              		@ sp needed
  91              	.LVL10:
  92              	.LVL11:
ARM GAS  C:\Users\latao\AppData\Local\Temp\ccRSIRUm.s 			page 6


  93 0030 F0BD     		pop	{r4, r5, r6, r7, pc}
  94              		.cfi_endproc
  95              	.LFE3:
  96              		.size	cfg_write_bytes32, .-cfg_write_bytes32
  97 0032 C046     		.section	.text.CYMEMZERO,"ax",%progbits
  98              		.align	2
  99              		.code	16
 100              		.thumb_func
 101              		.type	CYMEMZERO, %function
 102              	CYMEMZERO:
 103              	.LFB0:
  77:Generated_Source\PSoC4/cyfitter_cfg.c **** 	(void)memset(s, 0, n);
 104              		.loc 1 77 0
 105              		.cfi_startproc
 106              		@ args = 0, pretend = 0, frame = 0
 107              		@ frame_needed = 0, uses_anonymous_args = 0
 108              	.LVL12:
 109 0000 10B5     		push	{r4, lr}
 110              		.cfi_def_cfa_offset 8
 111              		.cfi_offset 4, -8
 112              		.cfi_offset 14, -4
 113 0002 0A00     		movs	r2, r1
  78:Generated_Source\PSoC4/cyfitter_cfg.c **** }
 114              		.loc 1 78 0
 115 0004 0021     		movs	r1, #0
 116              	.LVL13:
 117 0006 FFF7FEFF 		bl	memset
 118              	.LVL14:
  79:Generated_Source\PSoC4/cyfitter_cfg.c **** CY_CFG_UNUSED
 119              		.loc 1 79 0
 120              		@ sp needed
 121 000a 10BD     		pop	{r4, pc}
 122              		.cfi_endproc
 123              	.LFE0:
 124              		.size	CYMEMZERO, .-CYMEMZERO
 125              		.section	.psocinit,"ax",%progbits
 126              		.align	2
 127              		.code	16
 128              		.thumb_func
 129              		.type	ClockSetup, %function
 130              	ClockSetup:
 131              	.LFB4:
 191:Generated_Source\PSoC4/cyfitter_cfg.c **** 
 192:Generated_Source\PSoC4/cyfitter_cfg.c **** 
 193:Generated_Source\PSoC4/cyfitter_cfg.c **** /*******************************************************************************
 194:Generated_Source\PSoC4/cyfitter_cfg.c **** * Function Name: ClockSetup
 195:Generated_Source\PSoC4/cyfitter_cfg.c **** ********************************************************************************
 196:Generated_Source\PSoC4/cyfitter_cfg.c **** *
 197:Generated_Source\PSoC4/cyfitter_cfg.c **** * Summary:
 198:Generated_Source\PSoC4/cyfitter_cfg.c **** *   Performs the initialization of all of the clocks in the device based on the
 199:Generated_Source\PSoC4/cyfitter_cfg.c **** *   settings in the Clock tab of the DWR.  This includes enabling the requested
 200:Generated_Source\PSoC4/cyfitter_cfg.c **** *   clocks and setting the necessary dividers to produce the desired frequency. 
 201:Generated_Source\PSoC4/cyfitter_cfg.c **** *
 202:Generated_Source\PSoC4/cyfitter_cfg.c **** * Parameters:
 203:Generated_Source\PSoC4/cyfitter_cfg.c **** *   void
 204:Generated_Source\PSoC4/cyfitter_cfg.c **** *
 205:Generated_Source\PSoC4/cyfitter_cfg.c **** * Return:
ARM GAS  C:\Users\latao\AppData\Local\Temp\ccRSIRUm.s 			page 7


 206:Generated_Source\PSoC4/cyfitter_cfg.c **** *   void
 207:Generated_Source\PSoC4/cyfitter_cfg.c **** *
 208:Generated_Source\PSoC4/cyfitter_cfg.c **** *******************************************************************************/
 209:Generated_Source\PSoC4/cyfitter_cfg.c **** static void ClockSetup(void);
 210:Generated_Source\PSoC4/cyfitter_cfg.c **** CY_CFG_SECTION
 211:Generated_Source\PSoC4/cyfitter_cfg.c **** static void ClockSetup(void)
 212:Generated_Source\PSoC4/cyfitter_cfg.c **** {
 132              		.loc 1 212 0
 133              		.cfi_startproc
 134              		@ args = 0, pretend = 0, frame = 0
 135              		@ frame_needed = 0, uses_anonymous_args = 0
 136 0000 70B5     		push	{r4, r5, r6, lr}
 137              		.cfi_def_cfa_offset 16
 138              		.cfi_offset 4, -16
 139              		.cfi_offset 5, -12
 140              		.cfi_offset 6, -8
 141              		.cfi_offset 14, -4
 213:Generated_Source\PSoC4/cyfitter_cfg.c **** 	/* Enable HALF_EN before trimming for the flash accelerator. */
 214:Generated_Source\PSoC4/cyfitter_cfg.c **** 	CY_SET_REG32((void CYXDATA *)(CYREG_CLK_SELECT), (CY_GET_REG32((void *)CYREG_CLK_SELECT) | 0x00040
 142              		.loc 1 214 0
 143 0002 0F4C     		ldr	r4, .L8
 144 0004 2368     		ldr	r3, [r4]
 145 0006 8022     		movs	r2, #128
 146 0008 D202     		lsls	r2, r2, #11
 147 000a 1343     		orrs	r3, r2
 148 000c 2360     		str	r3, [r4]
 215:Generated_Source\PSoC4/cyfitter_cfg.c **** 
 216:Generated_Source\PSoC4/cyfitter_cfg.c **** 	/* Setup and trim IMO based on desired frequency. */
 217:Generated_Source\PSoC4/cyfitter_cfg.c **** 	CySysClkWriteImoFreq(24u);
 149              		.loc 1 217 0
 150 000e 1820     		movs	r0, #24
 151 0010 FFF7FEFF 		bl	CySysClkWriteImoFreq
 152              	.LVL15:
 218:Generated_Source\PSoC4/cyfitter_cfg.c **** 
 219:Generated_Source\PSoC4/cyfitter_cfg.c **** 	/* Disable HALF_EN since it is not required at this IMO frequency. */
 220:Generated_Source\PSoC4/cyfitter_cfg.c **** 	CY_SET_REG32((void CYXDATA *)(CYREG_CLK_SELECT), (CY_GET_REG32((void *)CYREG_CLK_SELECT) & 0xFFFBF
 153              		.loc 1 220 0
 154 0014 2268     		ldr	r2, [r4]
 155 0016 0B4B     		ldr	r3, .L8+4
 156 0018 1340     		ands	r3, r2
 157 001a 2360     		str	r3, [r4]
 221:Generated_Source\PSoC4/cyfitter_cfg.c **** 	/* CYDEV_CLK_ILO_CONFIG Starting address: CYDEV_CLK_ILO_CONFIG */
 222:Generated_Source\PSoC4/cyfitter_cfg.c **** 	CY_SET_REG32((void *)(CYREG_CLK_ILO_CONFIG), 0x80000006u);
 158              		.loc 1 222 0
 159 001c 0A4A     		ldr	r2, .L8+8
 160 001e 0B4B     		ldr	r3, .L8+12
 161 0020 1A60     		str	r2, [r3]
 223:Generated_Source\PSoC4/cyfitter_cfg.c **** 
 224:Generated_Source\PSoC4/cyfitter_cfg.c **** 
 225:Generated_Source\PSoC4/cyfitter_cfg.c **** 	/* CYDEV_CLK_IMO_CONFIG Starting address: CYDEV_CLK_IMO_CONFIG */
 226:Generated_Source\PSoC4/cyfitter_cfg.c **** 	CY_SET_REG32((void *)(CYREG_CLK_IMO_CONFIG), 0x80000000u);
 162              		.loc 1 226 0
 163 0022 063A     		subs	r2, r2, #6
 164 0024 0A4B     		ldr	r3, .L8+16
 165 0026 1A60     		str	r2, [r3]
 227:Generated_Source\PSoC4/cyfitter_cfg.c **** 
 228:Generated_Source\PSoC4/cyfitter_cfg.c **** 	/* CYDEV_CLK_SELECT Starting address: CYDEV_CLK_SELECT */
ARM GAS  C:\Users\latao\AppData\Local\Temp\ccRSIRUm.s 			page 8


 229:Generated_Source\PSoC4/cyfitter_cfg.c **** 	CY_SET_REG32((void *)(CYREG_CLK_SELECT), 0x00000000u);
 166              		.loc 1 229 0
 167 0028 0025     		movs	r5, #0
 168 002a 2560     		str	r5, [r4]
 230:Generated_Source\PSoC4/cyfitter_cfg.c **** 
 231:Generated_Source\PSoC4/cyfitter_cfg.c **** 	(void)CyIntSetVector(9u, &CySysWdtIsr);
 169              		.loc 1 231 0
 170 002c 0949     		ldr	r1, .L8+20
 171 002e 0920     		movs	r0, #9
 172 0030 FFF7FEFF 		bl	CyIntSetVector
 173              	.LVL16:
 232:Generated_Source\PSoC4/cyfitter_cfg.c **** 	CyIntEnable(9u);
 174              		.loc 1 232 0
 175 0034 0920     		movs	r0, #9
 176 0036 FFF7FEFF 		bl	CyIntEnable
 177              	.LVL17:
 233:Generated_Source\PSoC4/cyfitter_cfg.c **** 	CY_SET_REG32((void *)(CYREG_WDT_CONFIG), 0x00000000u);
 178              		.loc 1 233 0
 179 003a 074B     		ldr	r3, .L8+24
 180 003c 1D60     		str	r5, [r3]
 234:Generated_Source\PSoC4/cyfitter_cfg.c **** }
 181              		.loc 1 234 0
 182              		@ sp needed
 183 003e 70BD     		pop	{r4, r5, r6, pc}
 184              	.L9:
 185              		.align	2
 186              	.L8:
 187 0040 00010B40 		.word	1074462976
 188 0044 FFFFFBFF 		.word	-262145
 189 0048 06000080 		.word	-2147483642
 190 004c 04010B40 		.word	1074462980
 191 0050 08010B40 		.word	1074462984
 192 0054 00000000 		.word	CySysWdtIsr
 193 0058 0C020B40 		.word	1074463244
 194              		.cfi_endproc
 195              	.LFE4:
 196              		.size	ClockSetup, .-ClockSetup
 197              		.align	2
 198              		.global	cyfitter_cfg
 199              		.code	16
 200              		.thumb_func
 201              		.type	cyfitter_cfg, %function
 202              	cyfitter_cfg:
 203              	.LFB6:
 235:Generated_Source\PSoC4/cyfitter_cfg.c **** 
 236:Generated_Source\PSoC4/cyfitter_cfg.c **** 
 237:Generated_Source\PSoC4/cyfitter_cfg.c **** /* Analog API Functions */
 238:Generated_Source\PSoC4/cyfitter_cfg.c **** 
 239:Generated_Source\PSoC4/cyfitter_cfg.c **** 
 240:Generated_Source\PSoC4/cyfitter_cfg.c **** /*******************************************************************************
 241:Generated_Source\PSoC4/cyfitter_cfg.c **** * Function Name: AnalogSetDefault
 242:Generated_Source\PSoC4/cyfitter_cfg.c **** ********************************************************************************
 243:Generated_Source\PSoC4/cyfitter_cfg.c **** *
 244:Generated_Source\PSoC4/cyfitter_cfg.c **** * Summary:
 245:Generated_Source\PSoC4/cyfitter_cfg.c **** *  Sets up the analog portions of the chip to default values based on chip
 246:Generated_Source\PSoC4/cyfitter_cfg.c **** *  configuration options from the project.
 247:Generated_Source\PSoC4/cyfitter_cfg.c **** *
ARM GAS  C:\Users\latao\AppData\Local\Temp\ccRSIRUm.s 			page 9


 248:Generated_Source\PSoC4/cyfitter_cfg.c **** * Parameters:
 249:Generated_Source\PSoC4/cyfitter_cfg.c **** *  void
 250:Generated_Source\PSoC4/cyfitter_cfg.c **** *
 251:Generated_Source\PSoC4/cyfitter_cfg.c **** * Return:
 252:Generated_Source\PSoC4/cyfitter_cfg.c **** *  void
 253:Generated_Source\PSoC4/cyfitter_cfg.c **** *
 254:Generated_Source\PSoC4/cyfitter_cfg.c **** *******************************************************************************/
 255:Generated_Source\PSoC4/cyfitter_cfg.c **** static void AnalogSetDefault(void);
 256:Generated_Source\PSoC4/cyfitter_cfg.c **** static void AnalogSetDefault(void)
 257:Generated_Source\PSoC4/cyfitter_cfg.c **** {
 258:Generated_Source\PSoC4/cyfitter_cfg.c **** }
 259:Generated_Source\PSoC4/cyfitter_cfg.c **** 
 260:Generated_Source\PSoC4/cyfitter_cfg.c **** 
 261:Generated_Source\PSoC4/cyfitter_cfg.c **** 
 262:Generated_Source\PSoC4/cyfitter_cfg.c **** 
 263:Generated_Source\PSoC4/cyfitter_cfg.c **** /*******************************************************************************
 264:Generated_Source\PSoC4/cyfitter_cfg.c **** * Function Name: cyfitter_cfg
 265:Generated_Source\PSoC4/cyfitter_cfg.c **** ********************************************************************************
 266:Generated_Source\PSoC4/cyfitter_cfg.c **** * Summary:
 267:Generated_Source\PSoC4/cyfitter_cfg.c **** *  This function is called by the start-up code for the selected device. It
 268:Generated_Source\PSoC4/cyfitter_cfg.c **** *  performs all of the necessary device configuration based on the design
 269:Generated_Source\PSoC4/cyfitter_cfg.c **** *  settings.  This includes settings from the Design Wide Resources (DWR) such
 270:Generated_Source\PSoC4/cyfitter_cfg.c **** *  as Clocks and Pins as well as any component configuration that is necessary.
 271:Generated_Source\PSoC4/cyfitter_cfg.c **** *
 272:Generated_Source\PSoC4/cyfitter_cfg.c **** * Parameters:
 273:Generated_Source\PSoC4/cyfitter_cfg.c **** *   void
 274:Generated_Source\PSoC4/cyfitter_cfg.c **** *
 275:Generated_Source\PSoC4/cyfitter_cfg.c **** * Return:
 276:Generated_Source\PSoC4/cyfitter_cfg.c **** *   void
 277:Generated_Source\PSoC4/cyfitter_cfg.c **** *
 278:Generated_Source\PSoC4/cyfitter_cfg.c **** *******************************************************************************/
 279:Generated_Source\PSoC4/cyfitter_cfg.c **** CY_CFG_SECTION
 280:Generated_Source\PSoC4/cyfitter_cfg.c **** void cyfitter_cfg(void)
 281:Generated_Source\PSoC4/cyfitter_cfg.c **** {
 204              		.loc 1 281 0
 205              		.cfi_startproc
 206              		@ args = 0, pretend = 0, frame = 0
 207              		@ frame_needed = 0, uses_anonymous_args = 0
 208 005c 10B5     		push	{r4, lr}
 209              		.cfi_def_cfa_offset 8
 210              		.cfi_offset 4, -8
 211              		.cfi_offset 14, -4
 282:Generated_Source\PSoC4/cyfitter_cfg.c **** 	/* Disable interrupts by default. Let user enable if/when they want. */
 283:Generated_Source\PSoC4/cyfitter_cfg.c **** 	CyGlobalIntDisable;
 212              		.loc 1 283 0
 213              		.syntax divided
 214              	@ 283 "Generated_Source\PSoC4\cyfitter_cfg.c" 1
 215 005e 72B6     		CPSID   i
 216              	@ 0 "" 2
 284:Generated_Source\PSoC4/cyfitter_cfg.c **** 
 285:Generated_Source\PSoC4/cyfitter_cfg.c **** 	/* Enable the clock in the interrupt controller for the routed interrupts */
 286:Generated_Source\PSoC4/cyfitter_cfg.c **** 	CY_SET_REG8((void *)CYREG_UDB_UDBIF_INT_CLK_CTL, 0x01u);
 217              		.loc 1 286 0
 218              		.thumb
 219              		.syntax unified
 220 0060 0122     		movs	r2, #1
 221 0062 224B     		ldr	r3, .L13
ARM GAS  C:\Users\latao\AppData\Local\Temp\ccRSIRUm.s 			page 10


 222 0064 1A70     		strb	r2, [r3]
 223              	.LVL18:
 224              	.LBB3:
 287:Generated_Source\PSoC4/cyfitter_cfg.c **** 	{
 288:Generated_Source\PSoC4/cyfitter_cfg.c **** 		static const uint32 CYCODE cy_cfg_addr_table[] = {
 289:Generated_Source\PSoC4/cyfitter_cfg.c **** 			0x400F0001u, /* Base address: 0x400F0000 Count: 1 */
 290:Generated_Source\PSoC4/cyfitter_cfg.c **** 			0x400F301Eu, /* Base address: 0x400F3000 Count: 30 */
 291:Generated_Source\PSoC4/cyfitter_cfg.c **** 			0x400F3113u, /* Base address: 0x400F3100 Count: 19 */
 292:Generated_Source\PSoC4/cyfitter_cfg.c **** 			0x400F4004u, /* Base address: 0x400F4000 Count: 4 */
 293:Generated_Source\PSoC4/cyfitter_cfg.c **** 			0x400F6002u, /* Base address: 0x400F6000 Count: 2 */
 294:Generated_Source\PSoC4/cyfitter_cfg.c **** 		};
 295:Generated_Source\PSoC4/cyfitter_cfg.c **** 
 296:Generated_Source\PSoC4/cyfitter_cfg.c **** 		static const cy_cfg_addrvalue_t CYCODE cy_cfg_data_table[] = {
 297:Generated_Source\PSoC4/cyfitter_cfg.c **** 			{0x80u, 0x0Du},
 298:Generated_Source\PSoC4/cyfitter_cfg.c **** 			{0x12u, 0x01u},
 299:Generated_Source\PSoC4/cyfitter_cfg.c **** 			{0x2Eu, 0x01u},
 300:Generated_Source\PSoC4/cyfitter_cfg.c **** 			{0x36u, 0x01u},
 301:Generated_Source\PSoC4/cyfitter_cfg.c **** 			{0x3Eu, 0x40u},
 302:Generated_Source\PSoC4/cyfitter_cfg.c **** 			{0x40u, 0x45u},
 303:Generated_Source\PSoC4/cyfitter_cfg.c **** 			{0x45u, 0xECu},
 304:Generated_Source\PSoC4/cyfitter_cfg.c **** 			{0x47u, 0x20u},
 305:Generated_Source\PSoC4/cyfitter_cfg.c **** 			{0x48u, 0x23u},
 306:Generated_Source\PSoC4/cyfitter_cfg.c **** 			{0x49u, 0xFFu},
 307:Generated_Source\PSoC4/cyfitter_cfg.c **** 			{0x4Au, 0xFFu},
 308:Generated_Source\PSoC4/cyfitter_cfg.c **** 			{0x4Bu, 0xFFu},
 309:Generated_Source\PSoC4/cyfitter_cfg.c **** 			{0x4Fu, 0x01u},
 310:Generated_Source\PSoC4/cyfitter_cfg.c **** 			{0x50u, 0x18u},
 311:Generated_Source\PSoC4/cyfitter_cfg.c **** 			{0x52u, 0x80u},
 312:Generated_Source\PSoC4/cyfitter_cfg.c **** 			{0x54u, 0x01u},
 313:Generated_Source\PSoC4/cyfitter_cfg.c **** 			{0x56u, 0x04u},
 314:Generated_Source\PSoC4/cyfitter_cfg.c **** 			{0x58u, 0x04u},
 315:Generated_Source\PSoC4/cyfitter_cfg.c **** 			{0x5Au, 0x04u},
 316:Generated_Source\PSoC4/cyfitter_cfg.c **** 			{0x5Bu, 0x04u},
 317:Generated_Source\PSoC4/cyfitter_cfg.c **** 			{0x5Du, 0x99u},
 318:Generated_Source\PSoC4/cyfitter_cfg.c **** 			{0x5Fu, 0x01u},
 319:Generated_Source\PSoC4/cyfitter_cfg.c **** 			{0x60u, 0x40u},
 320:Generated_Source\PSoC4/cyfitter_cfg.c **** 			{0x62u, 0x40u},
 321:Generated_Source\PSoC4/cyfitter_cfg.c **** 			{0x64u, 0x40u},
 322:Generated_Source\PSoC4/cyfitter_cfg.c **** 			{0x65u, 0x40u},
 323:Generated_Source\PSoC4/cyfitter_cfg.c **** 			{0x66u, 0x80u},
 324:Generated_Source\PSoC4/cyfitter_cfg.c **** 			{0x68u, 0x80u},
 325:Generated_Source\PSoC4/cyfitter_cfg.c **** 			{0x6Au, 0x80u},
 326:Generated_Source\PSoC4/cyfitter_cfg.c **** 			{0x6Cu, 0x80u},
 327:Generated_Source\PSoC4/cyfitter_cfg.c **** 			{0x6Eu, 0x80u},
 328:Generated_Source\PSoC4/cyfitter_cfg.c **** 			{0x09u, 0x02u},
 329:Generated_Source\PSoC4/cyfitter_cfg.c **** 			{0x13u, 0x80u},
 330:Generated_Source\PSoC4/cyfitter_cfg.c **** 			{0x19u, 0x40u},
 331:Generated_Source\PSoC4/cyfitter_cfg.c **** 			{0x42u, 0x40u},
 332:Generated_Source\PSoC4/cyfitter_cfg.c **** 			{0x48u, 0x02u},
 333:Generated_Source\PSoC4/cyfitter_cfg.c **** 			{0x49u, 0x05u},
 334:Generated_Source\PSoC4/cyfitter_cfg.c **** 			{0x50u, 0x02u},
 335:Generated_Source\PSoC4/cyfitter_cfg.c **** 			{0x51u, 0x02u},
 336:Generated_Source\PSoC4/cyfitter_cfg.c **** 			{0x59u, 0x45u},
 337:Generated_Source\PSoC4/cyfitter_cfg.c **** 			{0x63u, 0x40u},
 338:Generated_Source\PSoC4/cyfitter_cfg.c **** 			{0x72u, 0x40u},
 339:Generated_Source\PSoC4/cyfitter_cfg.c **** 			{0x73u, 0x80u},
 340:Generated_Source\PSoC4/cyfitter_cfg.c **** 			{0x87u, 0x40u},
ARM GAS  C:\Users\latao\AppData\Local\Temp\ccRSIRUm.s 			page 11


 341:Generated_Source\PSoC4/cyfitter_cfg.c **** 			{0xC2u, 0x08u},
 342:Generated_Source\PSoC4/cyfitter_cfg.c **** 			{0xC4u, 0x01u},
 343:Generated_Source\PSoC4/cyfitter_cfg.c **** 			{0xD0u, 0x01u},
 344:Generated_Source\PSoC4/cyfitter_cfg.c **** 			{0xD2u, 0x08u},
 345:Generated_Source\PSoC4/cyfitter_cfg.c **** 			{0xD6u, 0x0Bu},
 346:Generated_Source\PSoC4/cyfitter_cfg.c **** 			{0xD8u, 0x01u},
 347:Generated_Source\PSoC4/cyfitter_cfg.c **** 			{0x6Eu, 0x80u},
 348:Generated_Source\PSoC4/cyfitter_cfg.c **** 			{0x86u, 0x40u},
 349:Generated_Source\PSoC4/cyfitter_cfg.c **** 			{0xDAu, 0x80u},
 350:Generated_Source\PSoC4/cyfitter_cfg.c **** 			{0xE6u, 0x40u},
 351:Generated_Source\PSoC4/cyfitter_cfg.c **** 			{0x02u, 0x01u},
 352:Generated_Source\PSoC4/cyfitter_cfg.c **** 			{0x11u, 0x01u},
 353:Generated_Source\PSoC4/cyfitter_cfg.c **** 		};
 354:Generated_Source\PSoC4/cyfitter_cfg.c **** 
 355:Generated_Source\PSoC4/cyfitter_cfg.c **** 
 356:Generated_Source\PSoC4/cyfitter_cfg.c **** 
 357:Generated_Source\PSoC4/cyfitter_cfg.c **** 		CYPACKED typedef struct {
 358:Generated_Source\PSoC4/cyfitter_cfg.c **** 			void CYFAR *address;
 359:Generated_Source\PSoC4/cyfitter_cfg.c **** 			uint16 size;
 360:Generated_Source\PSoC4/cyfitter_cfg.c **** 		} CYPACKED_ATTR cfg_memset_t;
 361:Generated_Source\PSoC4/cyfitter_cfg.c **** 
 362:Generated_Source\PSoC4/cyfitter_cfg.c **** 		static const cfg_memset_t CYCODE cfg_memset_list[] = {
 363:Generated_Source\PSoC4/cyfitter_cfg.c **** 			/* address, size */
 364:Generated_Source\PSoC4/cyfitter_cfg.c **** 			{(void CYFAR *)(CYDEV_UDB_P0_U0_BASE), 1024u},
 365:Generated_Source\PSoC4/cyfitter_cfg.c **** 			{(void CYFAR *)(CYDEV_UDB_DSI0_BASE), 1024u},
 366:Generated_Source\PSoC4/cyfitter_cfg.c **** 		};
 367:Generated_Source\PSoC4/cyfitter_cfg.c **** 
 368:Generated_Source\PSoC4/cyfitter_cfg.c **** 		uint8 CYDATA i;
 369:Generated_Source\PSoC4/cyfitter_cfg.c **** 
 370:Generated_Source\PSoC4/cyfitter_cfg.c **** 		/* Zero out critical memory blocks before beginning configuration */
 371:Generated_Source\PSoC4/cyfitter_cfg.c **** 		for (i = 0u; i < (sizeof(cfg_memset_list)/sizeof(cfg_memset_list[0])); i++)
 225              		.loc 1 371 0
 226 0066 0024     		movs	r4, #0
 227 0068 0FE0     		b	.L11
 228              	.LVL19:
 229              	.L12:
 230              	.LBB4:
 372:Generated_Source\PSoC4/cyfitter_cfg.c **** 		{
 373:Generated_Source\PSoC4/cyfitter_cfg.c **** 			const cfg_memset_t CYCODE * CYDATA ms = &cfg_memset_list[i];
 374:Generated_Source\PSoC4/cyfitter_cfg.c **** 			CYMEMZERO(ms->address, (size_t)(uint32)(ms->size));
 231              		.loc 1 374 0 discriminator 3
 232 006a 2148     		ldr	r0, .L13+4
 233 006c 6200     		lsls	r2, r4, #1
 234 006e 1319     		adds	r3, r2, r4
 235 0070 5900     		lsls	r1, r3, #1
 236 0072 0B00     		movs	r3, r1
 237 0074 4118     		adds	r1, r0, r1
 238 0076 8988     		ldrh	r1, [r1, #4]
 239 0078 1A5A     		ldrh	r2, [r3, r0]
 240 007a C318     		adds	r3, r0, r3
 241 007c 5888     		ldrh	r0, [r3, #2]
 242 007e 0004     		lsls	r0, r0, #16
 243 0080 1043     		orrs	r0, r2
 244 0082 FFF7FEFF 		bl	CYMEMZERO
 245              	.LVL20:
 246              	.LBE4:
 371:Generated_Source\PSoC4/cyfitter_cfg.c **** 		{
ARM GAS  C:\Users\latao\AppData\Local\Temp\ccRSIRUm.s 			page 12


 247              		.loc 1 371 0 discriminator 3
 248 0086 0134     		adds	r4, r4, #1
 249              	.LVL21:
 250 0088 E4B2     		uxtb	r4, r4
 251              	.LVL22:
 252              	.L11:
 371:Generated_Source\PSoC4/cyfitter_cfg.c **** 		{
 253              		.loc 1 371 0 is_stmt 0 discriminator 1
 254 008a 012C     		cmp	r4, #1
 255 008c EDD9     		bls	.L12
 375:Generated_Source\PSoC4/cyfitter_cfg.c **** 		}
 376:Generated_Source\PSoC4/cyfitter_cfg.c **** 
 377:Generated_Source\PSoC4/cyfitter_cfg.c **** 		cfg_write_bytes32(cy_cfg_addr_table, cy_cfg_data_table);
 256              		.loc 1 377 0 is_stmt 1
 257 008e 1848     		ldr	r0, .L13+4
 258 0090 0100     		movs	r1, r0
 259 0092 0C31     		adds	r1, r1, #12
 260 0094 7C30     		adds	r0, r0, #124
 261 0096 FFF7FEFF 		bl	cfg_write_bytes32
 262              	.LVL23:
 378:Generated_Source\PSoC4/cyfitter_cfg.c **** 
 379:Generated_Source\PSoC4/cyfitter_cfg.c **** 		/* HSIOM Starting address: CYDEV_HSIOM_BASE */
 380:Generated_Source\PSoC4/cyfitter_cfg.c **** 		CY_SET_REG32((void *)(CYREG_HSIOM_PORT_SEL3), 0x0000EE00u);
 263              		.loc 1 380 0
 264 009a EE22     		movs	r2, #238
 265 009c 1202     		lsls	r2, r2, #8
 266 009e 154B     		ldr	r3, .L13+8
 267 00a0 1A60     		str	r2, [r3]
 381:Generated_Source\PSoC4/cyfitter_cfg.c **** 
 382:Generated_Source\PSoC4/cyfitter_cfg.c **** 		/* UDB_PA_0 Starting address: CYDEV_UDB_PA0_BASE */
 383:Generated_Source\PSoC4/cyfitter_cfg.c **** 		CY_SET_REG32((void *)(CYDEV_UDB_PA0_BASE), 0x00990000u);
 268              		.loc 1 383 0
 269 00a2 9923     		movs	r3, #153
 270 00a4 1B04     		lsls	r3, r3, #16
 271 00a6 144A     		ldr	r2, .L13+12
 272 00a8 1360     		str	r3, [r2]
 384:Generated_Source\PSoC4/cyfitter_cfg.c **** 
 385:Generated_Source\PSoC4/cyfitter_cfg.c **** 		/* UDB_PA_3 Starting address: CYDEV_UDB_PA3_BASE */
 386:Generated_Source\PSoC4/cyfitter_cfg.c **** 		CY_SET_REG32((void *)(CYDEV_UDB_PA3_BASE), 0x00990000u);
 273              		.loc 1 386 0
 274 00aa 144A     		ldr	r2, .L13+16
 275 00ac 1360     		str	r3, [r2]
 387:Generated_Source\PSoC4/cyfitter_cfg.c **** 
 388:Generated_Source\PSoC4/cyfitter_cfg.c **** 		/* INT_SELECT Starting address: CYDEV_CPUSS_INTR_SELECT */
 389:Generated_Source\PSoC4/cyfitter_cfg.c **** 		CY_SET_REG32((void *)(CYREG_CPUSS_INTR_SELECT), 0x00000001u);
 276              		.loc 1 389 0
 277 00ae 0122     		movs	r2, #1
 278 00b0 134B     		ldr	r3, .L13+20
 279 00b2 1A60     		str	r2, [r3]
 390:Generated_Source\PSoC4/cyfitter_cfg.c **** 
 391:Generated_Source\PSoC4/cyfitter_cfg.c **** 		/* INT_CONFIG Starting address: CYDEV_UDB_INT_CFG */
 392:Generated_Source\PSoC4/cyfitter_cfg.c **** 		CY_SET_REG32((void *)(CYREG_UDB_INT_CFG), 0x00000002u);
 280              		.loc 1 392 0
 281 00b4 0132     		adds	r2, r2, #1
 282 00b6 134B     		ldr	r3, .L13+24
 283 00b8 1A60     		str	r2, [r3]
 393:Generated_Source\PSoC4/cyfitter_cfg.c **** 
ARM GAS  C:\Users\latao\AppData\Local\Temp\ccRSIRUm.s 			page 13


 394:Generated_Source\PSoC4/cyfitter_cfg.c **** 		/* Enable UDB array and digital routing */
 395:Generated_Source\PSoC4/cyfitter_cfg.c **** 		CY_SET_XTND_REG8((void *)CYREG_UDB_UDBIF_WAIT_CFG, (uint8)((CY_GET_XTND_REG8((void *)CYREG_UDB_UD
 284              		.loc 1 395 0
 285 00ba 1349     		ldr	r1, .L13+28
 286 00bc 0B78     		ldrb	r3, [r1]
 287 00be 3A32     		adds	r2, r2, #58
 288 00c0 9343     		bics	r3, r2
 289 00c2 1422     		movs	r2, #20
 290 00c4 1343     		orrs	r3, r2
 291 00c6 DBB2     		uxtb	r3, r3
 292 00c8 0B70     		strb	r3, [r1]
 396:Generated_Source\PSoC4/cyfitter_cfg.c **** 		CY_SET_XTND_REG8((void *)CYREG_UDB_UDBIF_BANK_CTL, (uint8)(CY_GET_XTND_REG8((void *)CYREG_UDB_UDB
 293              		.loc 1 396 0
 294 00ca 104A     		ldr	r2, .L13+32
 295 00cc 1178     		ldrb	r1, [r2]
 296 00ce 1623     		movs	r3, #22
 297 00d0 0B43     		orrs	r3, r1
 298 00d2 DBB2     		uxtb	r3, r3
 299 00d4 1370     		strb	r3, [r2]
 300              	.LBE3:
 397:Generated_Source\PSoC4/cyfitter_cfg.c **** 	}
 398:Generated_Source\PSoC4/cyfitter_cfg.c **** 
 399:Generated_Source\PSoC4/cyfitter_cfg.c **** 	/* Perform second pass device configuration. These items must be configured in specific order afte
 400:Generated_Source\PSoC4/cyfitter_cfg.c **** 	/* IOPINS0_0 Starting address: CYDEV_PRT0_BASE */
 401:Generated_Source\PSoC4/cyfitter_cfg.c **** 	CY_SET_REG32((void *)(CYREG_PRT0_PC), 0x00000C00u);
 301              		.loc 1 401 0
 302 00d6 C022     		movs	r2, #192
 303 00d8 1201     		lsls	r2, r2, #4
 304 00da 0D4B     		ldr	r3, .L13+36
 305 00dc 1A60     		str	r2, [r3]
 402:Generated_Source\PSoC4/cyfitter_cfg.c **** 
 403:Generated_Source\PSoC4/cyfitter_cfg.c **** 	/* IOPINS0_3 Starting address: CYDEV_PRT3_BASE */
 404:Generated_Source\PSoC4/cyfitter_cfg.c **** 	CY_SET_REG32((void *)(CYREG_PRT3_PC), 0x00000D80u);
 306              		.loc 1 404 0
 307 00de 8132     		adds	r2, r2, #129
 308 00e0 FF32     		adds	r2, r2, #255
 309 00e2 0C4B     		ldr	r3, .L13+40
 310 00e4 1A60     		str	r2, [r3]
 405:Generated_Source\PSoC4/cyfitter_cfg.c **** 
 406:Generated_Source\PSoC4/cyfitter_cfg.c **** 
 407:Generated_Source\PSoC4/cyfitter_cfg.c **** 	/* Setup clocks based on selections from Clock DWR */
 408:Generated_Source\PSoC4/cyfitter_cfg.c **** 	ClockSetup();
 311              		.loc 1 408 0
 312 00e6 FFF78BFF 		bl	ClockSetup
 313              	.LVL24:
 409:Generated_Source\PSoC4/cyfitter_cfg.c **** 
 410:Generated_Source\PSoC4/cyfitter_cfg.c **** 	/* Perform basic analog initialization to defaults */
 411:Generated_Source\PSoC4/cyfitter_cfg.c **** 	AnalogSetDefault();
 412:Generated_Source\PSoC4/cyfitter_cfg.c **** 
 413:Generated_Source\PSoC4/cyfitter_cfg.c **** }
 314              		.loc 1 413 0
 315              		@ sp needed
 316              	.LVL25:
 317 00ea 10BD     		pop	{r4, pc}
 318              	.L14:
 319              		.align	2
 320              	.L13:
ARM GAS  C:\Users\latao\AppData\Local\Temp\ccRSIRUm.s 			page 14


 321 00ec 1C700F40 		.word	1074753564
 322 00f0 00000000 		.word	.LANCHOR0
 323 00f4 0C000140 		.word	1073807372
 324 00f8 00500F40 		.word	1074745344
 325 00fc 30500F40 		.word	1074745392
 326 0100 20000040 		.word	1073741856
 327 0104 00800F40 		.word	1074757632
 328 0108 01700F40 		.word	1074753537
 329 010c 00700F40 		.word	1074753536
 330 0110 08000440 		.word	1074003976
 331 0114 08030440 		.word	1074004744
 332              		.cfi_endproc
 333              	.LFE6:
 334              		.size	cyfitter_cfg, .-cyfitter_cfg
 335              		.section	.rodata
 336              		.align	2
 337              		.set	.LANCHOR0,. + 0
 338              		.type	cfg_memset_list.4870, %object
 339              		.size	cfg_memset_list.4870, 12
 340              	cfg_memset_list.4870:
 341 0000 00300F40 		.word	1074737152
 342 0004 0004     		.short	1024
 343 0006 00400F40 		.4byte	1074741248
 344 000a 0004     		.short	1024
 345              		.type	cy_cfg_data_table.4865, %object
 346              		.size	cy_cfg_data_table.4865, 112
 347              	cy_cfg_data_table.4865:
 348 000c 80       		.byte	-128
 349 000d 0D       		.byte	13
 350 000e 12       		.byte	18
 351 000f 01       		.byte	1
 352 0010 2E       		.byte	46
 353 0011 01       		.byte	1
 354 0012 36       		.byte	54
 355 0013 01       		.byte	1
 356 0014 3E       		.byte	62
 357 0015 40       		.byte	64
 358 0016 40       		.byte	64
 359 0017 45       		.byte	69
 360 0018 45       		.byte	69
 361 0019 EC       		.byte	-20
 362 001a 47       		.byte	71
 363 001b 20       		.byte	32
 364 001c 48       		.byte	72
 365 001d 23       		.byte	35
 366 001e 49       		.byte	73
 367 001f FF       		.byte	-1
 368 0020 4A       		.byte	74
 369 0021 FF       		.byte	-1
 370 0022 4B       		.byte	75
 371 0023 FF       		.byte	-1
 372 0024 4F       		.byte	79
 373 0025 01       		.byte	1
 374 0026 50       		.byte	80
 375 0027 18       		.byte	24
 376 0028 52       		.byte	82
 377 0029 80       		.byte	-128
ARM GAS  C:\Users\latao\AppData\Local\Temp\ccRSIRUm.s 			page 15


 378 002a 54       		.byte	84
 379 002b 01       		.byte	1
 380 002c 56       		.byte	86
 381 002d 04       		.byte	4
 382 002e 58       		.byte	88
 383 002f 04       		.byte	4
 384 0030 5A       		.byte	90
 385 0031 04       		.byte	4
 386 0032 5B       		.byte	91
 387 0033 04       		.byte	4
 388 0034 5D       		.byte	93
 389 0035 99       		.byte	-103
 390 0036 5F       		.byte	95
 391 0037 01       		.byte	1
 392 0038 60       		.byte	96
 393 0039 40       		.byte	64
 394 003a 62       		.byte	98
 395 003b 40       		.byte	64
 396 003c 64       		.byte	100
 397 003d 40       		.byte	64
 398 003e 65       		.byte	101
 399 003f 40       		.byte	64
 400 0040 66       		.byte	102
 401 0041 80       		.byte	-128
 402 0042 68       		.byte	104
 403 0043 80       		.byte	-128
 404 0044 6A       		.byte	106
 405 0045 80       		.byte	-128
 406 0046 6C       		.byte	108
 407 0047 80       		.byte	-128
 408 0048 6E       		.byte	110
 409 0049 80       		.byte	-128
 410 004a 09       		.byte	9
 411 004b 02       		.byte	2
 412 004c 13       		.byte	19
 413 004d 80       		.byte	-128
 414 004e 19       		.byte	25
 415 004f 40       		.byte	64
 416 0050 42       		.byte	66
 417 0051 40       		.byte	64
 418 0052 48       		.byte	72
 419 0053 02       		.byte	2
 420 0054 49       		.byte	73
 421 0055 05       		.byte	5
 422 0056 50       		.byte	80
 423 0057 02       		.byte	2
 424 0058 51       		.byte	81
 425 0059 02       		.byte	2
 426 005a 59       		.byte	89
 427 005b 45       		.byte	69
 428 005c 63       		.byte	99
 429 005d 40       		.byte	64
 430 005e 72       		.byte	114
 431 005f 40       		.byte	64
 432 0060 73       		.byte	115
 433 0061 80       		.byte	-128
 434 0062 87       		.byte	-121
ARM GAS  C:\Users\latao\AppData\Local\Temp\ccRSIRUm.s 			page 16


 435 0063 40       		.byte	64
 436 0064 C2       		.byte	-62
 437 0065 08       		.byte	8
 438 0066 C4       		.byte	-60
 439 0067 01       		.byte	1
 440 0068 D0       		.byte	-48
 441 0069 01       		.byte	1
 442 006a D2       		.byte	-46
 443 006b 08       		.byte	8
 444 006c D6       		.byte	-42
 445 006d 0B       		.byte	11
 446 006e D8       		.byte	-40
 447 006f 01       		.byte	1
 448 0070 6E       		.byte	110
 449 0071 80       		.byte	-128
 450 0072 86       		.byte	-122
 451 0073 40       		.byte	64
 452 0074 DA       		.byte	-38
 453 0075 80       		.byte	-128
 454 0076 E6       		.byte	-26
 455 0077 40       		.byte	64
 456 0078 02       		.byte	2
 457 0079 01       		.byte	1
 458 007a 11       		.byte	17
 459 007b 01       		.byte	1
 460              		.type	cy_cfg_addr_table.4864, %object
 461              		.size	cy_cfg_addr_table.4864, 20
 462              	cy_cfg_addr_table.4864:
 463 007c 01000F40 		.word	1074724865
 464 0080 1E300F40 		.word	1074737182
 465 0084 13310F40 		.word	1074737427
 466 0088 04400F40 		.word	1074741252
 467 008c 02600F40 		.word	1074749442
 468              		.text
 469              	.Letext0:
 470              		.file 2 "c:\\program files (x86)\\cypress\\psoc creator\\4.4\\psoc creator\\import\\gnu\\arm\\5.4.
 471              		.file 3 "Generated_Source\\PSoC4\\cytypes.h"
 472              		.file 4 "Generated_Source\\PSoC4\\CyLib.h"
 473              		.section	.debug_info,"",%progbits
 474              	.Ldebug_info0:
 475 0000 9C030000 		.4byte	0x39c
 476 0004 0400     		.2byte	0x4
 477 0006 00000000 		.4byte	.Ldebug_abbrev0
 478 000a 04       		.byte	0x4
 479 000b 01       		.uleb128 0x1
 480 000c 30010000 		.4byte	.LASF39
 481 0010 0C       		.byte	0xc
 482 0011 89020000 		.4byte	.LASF40
 483 0015 FE010000 		.4byte	.LASF41
 484 0019 00000000 		.4byte	.Ldebug_ranges0+0
 485 001d 00000000 		.4byte	0
 486 0021 00000000 		.4byte	.Ldebug_line0
 487 0025 02       		.uleb128 0x2
 488 0026 04       		.byte	0x4
 489 0027 05       		.byte	0x5
 490 0028 696E7400 		.ascii	"int\000"
 491 002c 03       		.uleb128 0x3
ARM GAS  C:\Users\latao\AppData\Local\Temp\ccRSIRUm.s 			page 17


 492 002d 06000000 		.4byte	.LASF12
 493 0031 02       		.byte	0x2
 494 0032 D8       		.byte	0xd8
 495 0033 37000000 		.4byte	0x37
 496 0037 04       		.uleb128 0x4
 497 0038 04       		.byte	0x4
 498 0039 07       		.byte	0x7
 499 003a F7000000 		.4byte	.LASF0
 500 003e 04       		.uleb128 0x4
 501 003f 08       		.byte	0x8
 502 0040 05       		.byte	0x5
 503 0041 F0010000 		.4byte	.LASF1
 504 0045 04       		.uleb128 0x4
 505 0046 08       		.byte	0x8
 506 0047 04       		.byte	0x4
 507 0048 71020000 		.4byte	.LASF2
 508 004c 04       		.uleb128 0x4
 509 004d 01       		.byte	0x1
 510 004e 06       		.byte	0x6
 511 004f 7D020000 		.4byte	.LASF3
 512 0053 04       		.uleb128 0x4
 513 0054 01       		.byte	0x1
 514 0055 08       		.byte	0x8
 515 0056 99000000 		.4byte	.LASF4
 516 005a 04       		.uleb128 0x4
 517 005b 02       		.byte	0x2
 518 005c 05       		.byte	0x5
 519 005d 49020000 		.4byte	.LASF5
 520 0061 04       		.uleb128 0x4
 521 0062 02       		.byte	0x2
 522 0063 07       		.byte	0x7
 523 0064 DD010000 		.4byte	.LASF6
 524 0068 04       		.uleb128 0x4
 525 0069 04       		.byte	0x4
 526 006a 05       		.byte	0x5
 527 006b 68020000 		.4byte	.LASF7
 528 006f 04       		.uleb128 0x4
 529 0070 04       		.byte	0x4
 530 0071 07       		.byte	0x7
 531 0072 77000000 		.4byte	.LASF8
 532 0076 04       		.uleb128 0x4
 533 0077 08       		.byte	0x8
 534 0078 07       		.byte	0x7
 535 0079 19010000 		.4byte	.LASF9
 536 007d 04       		.uleb128 0x4
 537 007e 04       		.byte	0x4
 538 007f 07       		.byte	0x7
 539 0080 D4010000 		.4byte	.LASF10
 540 0084 05       		.uleb128 0x5
 541 0085 04       		.byte	0x4
 542 0086 04       		.uleb128 0x4
 543 0087 01       		.byte	0x1
 544 0088 08       		.byte	0x8
 545 0089 2A020000 		.4byte	.LASF11
 546 008d 06       		.uleb128 0x6
 547 008e 89000000 		.4byte	.LASF13
 548 0092 03       		.byte	0x3
ARM GAS  C:\Users\latao\AppData\Local\Temp\ccRSIRUm.s 			page 18


 549 0093 FB01     		.2byte	0x1fb
 550 0095 53000000 		.4byte	0x53
 551 0099 06       		.uleb128 0x6
 552 009a DE000000 		.4byte	.LASF14
 553 009e 03       		.byte	0x3
 554 009f FC01     		.2byte	0x1fc
 555 00a1 61000000 		.4byte	0x61
 556 00a5 06       		.uleb128 0x6
 557 00a6 F0000000 		.4byte	.LASF15
 558 00aa 03       		.byte	0x3
 559 00ab FD01     		.2byte	0x1fd
 560 00ad 6F000000 		.4byte	0x6f
 561 00b1 04       		.uleb128 0x4
 562 00b2 04       		.byte	0x4
 563 00b3 04       		.byte	0x4
 564 00b4 57000000 		.4byte	.LASF16
 565 00b8 04       		.uleb128 0x4
 566 00b9 08       		.byte	0x8
 567 00ba 04       		.byte	0x4
 568 00bb AE000000 		.4byte	.LASF17
 569 00bf 06       		.uleb128 0x6
 570 00c0 72000000 		.4byte	.LASF18
 571 00c4 03       		.byte	0x3
 572 00c5 A502     		.2byte	0x2a5
 573 00c7 CB000000 		.4byte	0xcb
 574 00cb 07       		.uleb128 0x7
 575 00cc 8D000000 		.4byte	0x8d
 576 00d0 06       		.uleb128 0x6
 577 00d1 00000000 		.4byte	.LASF19
 578 00d5 03       		.byte	0x3
 579 00d6 A702     		.2byte	0x2a7
 580 00d8 DC000000 		.4byte	0xdc
 581 00dc 07       		.uleb128 0x7
 582 00dd A5000000 		.4byte	0xa5
 583 00e1 08       		.uleb128 0x8
 584 00e2 02       		.byte	0x2
 585 00e3 01       		.byte	0x1
 586 00e4 97       		.byte	0x97
 587 00e5 02010000 		.4byte	0x102
 588 00e9 09       		.uleb128 0x9
 589 00ea 42020000 		.4byte	.LASF20
 590 00ee 01       		.byte	0x1
 591 00ef 99       		.byte	0x99
 592 00f0 8D000000 		.4byte	0x8d
 593 00f4 00       		.byte	0
 594 00f5 09       		.uleb128 0x9
 595 00f6 1C000000 		.4byte	.LASF21
 596 00fa 01       		.byte	0x1
 597 00fb 9A       		.byte	0x9a
 598 00fc 8D000000 		.4byte	0x8d
 599 0100 01       		.byte	0x1
 600 0101 00       		.byte	0
 601 0102 03       		.uleb128 0x3
 602 0103 2F020000 		.4byte	.LASF22
 603 0107 01       		.byte	0x1
 604 0108 9B       		.byte	0x9b
 605 0109 E1000000 		.4byte	0xe1
ARM GAS  C:\Users\latao\AppData\Local\Temp\ccRSIRUm.s 			page 19


 606 010d 0A       		.uleb128 0xa
 607 010e B5000000 		.4byte	.LASF27
 608 0112 01       		.byte	0x1
 609 0113 AE       		.byte	0xae
 610 0114 00000000 		.4byte	.LFB3
 611 0118 32000000 		.4byte	.LFE3-.LFB3
 612 011c 01       		.uleb128 0x1
 613 011d 9C       		.byte	0x9c
 614 011e 7F010000 		.4byte	0x17f
 615 0122 0B       		.uleb128 0xb
 616 0123 D3000000 		.4byte	.LASF23
 617 0127 01       		.byte	0x1
 618 0128 AE       		.byte	0xae
 619 0129 7F010000 		.4byte	0x17f
 620 012d 01       		.uleb128 0x1
 621 012e 50       		.byte	0x50
 622 012f 0B       		.uleb128 0xb
 623 0130 E5000000 		.4byte	.LASF24
 624 0134 01       		.byte	0x1
 625 0135 AE       		.byte	0xae
 626 0136 8A010000 		.4byte	0x18a
 627 013a 01       		.uleb128 0x1
 628 013b 51       		.byte	0x51
 629 013c 0C       		.uleb128 0xc
 630 013d 6900     		.ascii	"i\000"
 631 013f 01       		.byte	0x1
 632 0140 B1       		.byte	0xb1
 633 0141 A5000000 		.4byte	0xa5
 634 0145 00000000 		.4byte	.LLST0
 635 0149 0C       		.uleb128 0xc
 636 014a 6A00     		.ascii	"j\000"
 637 014c 01       		.byte	0x1
 638 014d B1       		.byte	0xb1
 639 014e A5000000 		.4byte	0xa5
 640 0152 1F000000 		.4byte	.LLST1
 641 0156 0D       		.uleb128 0xd
 642 0157 08000000 		.4byte	.LBB2
 643 015b 22000000 		.4byte	.LBE2-.LBB2
 644 015f 0E       		.uleb128 0xe
 645 0160 CB010000 		.4byte	.LASF25
 646 0164 01       		.byte	0x1
 647 0165 B4       		.byte	0xb4
 648 0166 A5000000 		.4byte	0xa5
 649 016a 3E000000 		.4byte	.LLST2
 650 016e 0E       		.uleb128 0xe
 651 016f 22000000 		.4byte	.LASF26
 652 0173 01       		.byte	0x1
 653 0174 B5       		.byte	0xb5
 654 0175 8D000000 		.4byte	0x8d
 655 0179 51000000 		.4byte	.LLST3
 656 017d 00       		.byte	0
 657 017e 00       		.byte	0
 658 017f 0F       		.uleb128 0xf
 659 0180 04       		.byte	0x4
 660 0181 85010000 		.4byte	0x185
 661 0185 10       		.uleb128 0x10
 662 0186 A5000000 		.4byte	0xa5
ARM GAS  C:\Users\latao\AppData\Local\Temp\ccRSIRUm.s 			page 20


 663 018a 0F       		.uleb128 0xf
 664 018b 04       		.byte	0x4
 665 018c 90010000 		.4byte	0x190
 666 0190 10       		.uleb128 0x10
 667 0191 02010000 		.4byte	0x102
 668 0195 0A       		.uleb128 0xa
 669 0196 8F000000 		.4byte	.LASF28
 670 019a 01       		.byte	0x1
 671 019b 4C       		.byte	0x4c
 672 019c 00000000 		.4byte	.LFB0
 673 01a0 0C000000 		.4byte	.LFE0-.LFB0
 674 01a4 01       		.uleb128 0x1
 675 01a5 9C       		.byte	0x9c
 676 01a6 E2010000 		.4byte	0x1e2
 677 01aa 11       		.uleb128 0x11
 678 01ab 7300     		.ascii	"s\000"
 679 01ad 01       		.byte	0x1
 680 01ae 4C       		.byte	0x4c
 681 01af 84000000 		.4byte	0x84
 682 01b3 6F000000 		.4byte	.LLST4
 683 01b7 11       		.uleb128 0x11
 684 01b8 6E00     		.ascii	"n\000"
 685 01ba 01       		.byte	0x1
 686 01bb 4C       		.byte	0x4c
 687 01bc 2C000000 		.4byte	0x2c
 688 01c0 90000000 		.4byte	.LLST5
 689 01c4 12       		.uleb128 0x12
 690 01c5 0A000000 		.4byte	.LVL14
 691 01c9 75030000 		.4byte	0x375
 692 01cd 13       		.uleb128 0x13
 693 01ce 01       		.uleb128 0x1
 694 01cf 50       		.byte	0x50
 695 01d0 03       		.uleb128 0x3
 696 01d1 F3       		.byte	0xf3
 697 01d2 01       		.uleb128 0x1
 698 01d3 50       		.byte	0x50
 699 01d4 13       		.uleb128 0x13
 700 01d5 01       		.uleb128 0x1
 701 01d6 51       		.byte	0x51
 702 01d7 01       		.uleb128 0x1
 703 01d8 30       		.byte	0x30
 704 01d9 13       		.uleb128 0x13
 705 01da 01       		.uleb128 0x1
 706 01db 52       		.byte	0x52
 707 01dc 03       		.uleb128 0x3
 708 01dd F3       		.byte	0xf3
 709 01de 01       		.uleb128 0x1
 710 01df 51       		.byte	0x51
 711 01e0 00       		.byte	0
 712 01e1 00       		.byte	0
 713 01e2 0A       		.uleb128 0xa
 714 01e3 28000000 		.4byte	.LASF29
 715 01e7 01       		.byte	0x1
 716 01e8 D3       		.byte	0xd3
 717 01e9 00000000 		.4byte	.LFB4
 718 01ed 5C000000 		.4byte	.LFE4-.LFB4
 719 01f1 01       		.uleb128 0x1
ARM GAS  C:\Users\latao\AppData\Local\Temp\ccRSIRUm.s 			page 21


 720 01f2 9C       		.byte	0x9c
 721 01f3 2D020000 		.4byte	0x22d
 722 01f7 14       		.uleb128 0x14
 723 01f8 14000000 		.4byte	.LVL15
 724 01fc 7E030000 		.4byte	0x37e
 725 0200 0A020000 		.4byte	0x20a
 726 0204 13       		.uleb128 0x13
 727 0205 01       		.uleb128 0x1
 728 0206 50       		.byte	0x50
 729 0207 01       		.uleb128 0x1
 730 0208 48       		.byte	0x48
 731 0209 00       		.byte	0
 732 020a 14       		.uleb128 0x14
 733 020b 34000000 		.4byte	.LVL16
 734 020f 89030000 		.4byte	0x389
 735 0213 1D020000 		.4byte	0x21d
 736 0217 13       		.uleb128 0x13
 737 0218 01       		.uleb128 0x1
 738 0219 50       		.byte	0x50
 739 021a 01       		.uleb128 0x1
 740 021b 39       		.byte	0x39
 741 021c 00       		.byte	0
 742 021d 12       		.uleb128 0x12
 743 021e 3A000000 		.4byte	.LVL17
 744 0222 94030000 		.4byte	0x394
 745 0226 13       		.uleb128 0x13
 746 0227 01       		.uleb128 0x1
 747 0228 50       		.byte	0x50
 748 0229 01       		.uleb128 0x1
 749 022a 39       		.byte	0x39
 750 022b 00       		.byte	0
 751 022c 00       		.byte	0
 752 022d 15       		.uleb128 0x15
 753 022e 04010000 		.4byte	.LASF42
 754 0232 01       		.byte	0x1
 755 0233 1801     		.2byte	0x118
 756 0235 5C000000 		.4byte	.LFB6
 757 0239 BC000000 		.4byte	.LFE6-.LFB6
 758 023d 01       		.uleb128 0x1
 759 023e 9C       		.byte	0x9c
 760 023f 4B030000 		.4byte	0x34b
 761 0243 16       		.uleb128 0x16
 762 0244 66000000 		.4byte	.LBB3
 763 0248 70000000 		.4byte	.LBE3-.LBB3
 764 024c 41030000 		.4byte	0x341
 765 0250 17       		.uleb128 0x17
 766 0251 33000000 		.4byte	.LASF30
 767 0255 01       		.byte	0x1
 768 0256 2001     		.2byte	0x120
 769 0258 5B030000 		.4byte	0x35b
 770 025c 05       		.uleb128 0x5
 771 025d 03       		.byte	0x3
 772 025e 7C000000 		.4byte	cy_cfg_addr_table.4864
 773 0262 17       		.uleb128 0x17
 774 0263 45000000 		.4byte	.LASF31
 775 0267 01       		.byte	0x1
 776 0268 2801     		.2byte	0x128
ARM GAS  C:\Users\latao\AppData\Local\Temp\ccRSIRUm.s 			page 22


 777 026a 70030000 		.4byte	0x370
 778 026e 05       		.uleb128 0x5
 779 026f 03       		.byte	0x3
 780 0270 0C000000 		.4byte	cy_cfg_data_table.4865
 781 0274 18       		.uleb128 0x18
 782 0275 06       		.byte	0x6
 783 0276 01       		.byte	0x1
 784 0277 6501     		.2byte	0x165
 785 0279 98020000 		.4byte	0x298
 786 027d 19       		.uleb128 0x19
 787 027e 11010000 		.4byte	.LASF32
 788 0282 01       		.byte	0x1
 789 0283 6601     		.2byte	0x166
 790 0285 84000000 		.4byte	0x84
 791 0289 00       		.byte	0
 792 028a 19       		.uleb128 0x19
 793 028b 6D000000 		.4byte	.LASF33
 794 028f 01       		.byte	0x1
 795 0290 6701     		.2byte	0x167
 796 0292 99000000 		.4byte	0x99
 797 0296 04       		.byte	0x4
 798 0297 00       		.byte	0
 799 0298 06       		.uleb128 0x6
 800 0299 BE010000 		.4byte	.LASF34
 801 029d 01       		.byte	0x1
 802 029e 6801     		.2byte	0x168
 803 02a0 74020000 		.4byte	0x274
 804 02a4 1A       		.uleb128 0x1a
 805 02a5 B4020000 		.4byte	0x2b4
 806 02a9 B4020000 		.4byte	0x2b4
 807 02ad 1B       		.uleb128 0x1b
 808 02ae 7D000000 		.4byte	0x7d
 809 02b2 01       		.byte	0x1
 810 02b3 00       		.byte	0
 811 02b4 10       		.uleb128 0x10
 812 02b5 98020000 		.4byte	0x298
 813 02b9 17       		.uleb128 0x17
 814 02ba 5D000000 		.4byte	.LASF35
 815 02be 01       		.byte	0x1
 816 02bf 6A01     		.2byte	0x16a
 817 02c1 CB020000 		.4byte	0x2cb
 818 02c5 05       		.uleb128 0x5
 819 02c6 03       		.byte	0x3
 820 02c7 00000000 		.4byte	cfg_memset_list.4870
 821 02cb 10       		.uleb128 0x10
 822 02cc A4020000 		.4byte	0x2a4
 823 02d0 1C       		.uleb128 0x1c
 824 02d1 6900     		.ascii	"i\000"
 825 02d3 01       		.byte	0x1
 826 02d4 7001     		.2byte	0x170
 827 02d6 8D000000 		.4byte	0x8d
 828 02da BC000000 		.4byte	.LLST6
 829 02de 16       		.uleb128 0x16
 830 02df 6A000000 		.4byte	.LBB4
 831 02e3 1C000000 		.4byte	.LBE4-.LBB4
 832 02e7 24030000 		.4byte	0x324
 833 02eb 1C       		.uleb128 0x1c
ARM GAS  C:\Users\latao\AppData\Local\Temp\ccRSIRUm.s 			page 23


 834 02ec 6D7300   		.ascii	"ms\000"
 835 02ef 01       		.byte	0x1
 836 02f0 7501     		.2byte	0x175
 837 02f2 FA020000 		.4byte	0x2fa
 838 02f6 E6000000 		.4byte	.LLST7
 839 02fa 0F       		.uleb128 0xf
 840 02fb 04       		.byte	0x4
 841 02fc B4020000 		.4byte	0x2b4
 842 0300 12       		.uleb128 0x12
 843 0301 86000000 		.4byte	.LVL20
 844 0305 95010000 		.4byte	0x195
 845 0309 13       		.uleb128 0x13
 846 030a 01       		.uleb128 0x1
 847 030b 51       		.byte	0x51
 848 030c 15       		.uleb128 0x15
 849 030d 74       		.byte	0x74
 850 030e 00       		.sleb128 0
 851 030f 31       		.byte	0x31
 852 0310 24       		.byte	0x24
 853 0311 74       		.byte	0x74
 854 0312 00       		.sleb128 0
 855 0313 22       		.byte	0x22
 856 0314 31       		.byte	0x31
 857 0315 24       		.byte	0x24
 858 0316 03       		.byte	0x3
 859 0317 04000000 		.4byte	.LANCHOR0+4
 860 031b 22       		.byte	0x22
 861 031c 94       		.byte	0x94
 862 031d 02       		.byte	0x2
 863 031e 0A       		.byte	0xa
 864 031f FFFF     		.2byte	0xffff
 865 0321 1A       		.byte	0x1a
 866 0322 00       		.byte	0
 867 0323 00       		.byte	0
 868 0324 12       		.uleb128 0x12
 869 0325 9A000000 		.4byte	.LVL23
 870 0329 0D010000 		.4byte	0x10d
 871 032d 13       		.uleb128 0x13
 872 032e 01       		.uleb128 0x1
 873 032f 50       		.byte	0x50
 874 0330 05       		.uleb128 0x5
 875 0331 03       		.byte	0x3
 876 0332 7C000000 		.4byte	.LANCHOR0+124
 877 0336 13       		.uleb128 0x13
 878 0337 01       		.uleb128 0x1
 879 0338 51       		.byte	0x51
 880 0339 05       		.uleb128 0x5
 881 033a 03       		.byte	0x3
 882 033b 0C000000 		.4byte	.LANCHOR0+12
 883 033f 00       		.byte	0
 884 0340 00       		.byte	0
 885 0341 1D       		.uleb128 0x1d
 886 0342 EA000000 		.4byte	.LVL24
 887 0346 E2010000 		.4byte	0x1e2
 888 034a 00       		.byte	0
 889 034b 1A       		.uleb128 0x1a
 890 034c 85010000 		.4byte	0x185
ARM GAS  C:\Users\latao\AppData\Local\Temp\ccRSIRUm.s 			page 24


 891 0350 5B030000 		.4byte	0x35b
 892 0354 1B       		.uleb128 0x1b
 893 0355 7D000000 		.4byte	0x7d
 894 0359 04       		.byte	0x4
 895 035a 00       		.byte	0
 896 035b 10       		.uleb128 0x10
 897 035c 4B030000 		.4byte	0x34b
 898 0360 1A       		.uleb128 0x1a
 899 0361 90010000 		.4byte	0x190
 900 0365 70030000 		.4byte	0x370
 901 0369 1B       		.uleb128 0x1b
 902 036a 7D000000 		.4byte	0x7d
 903 036e 37       		.byte	0x37
 904 036f 00       		.byte	0
 905 0370 10       		.uleb128 0x10
 906 0371 60030000 		.4byte	0x360
 907 0375 1E       		.uleb128 0x1e
 908 0376 A7000000 		.4byte	.LASF43
 909 037a A7000000 		.4byte	.LASF43
 910 037e 1F       		.uleb128 0x1f
 911 037f 53020000 		.4byte	.LASF36
 912 0383 53020000 		.4byte	.LASF36
 913 0387 04       		.byte	0x4
 914 0388 6C       		.byte	0x6c
 915 0389 1F       		.uleb128 0x1f
 916 038a 0D000000 		.4byte	.LASF37
 917 038e 0D000000 		.4byte	.LASF37
 918 0392 04       		.byte	0x4
 919 0393 D0       		.byte	0xd0
 920 0394 1F       		.uleb128 0x1f
 921 0395 C7000000 		.4byte	.LASF38
 922 0399 C7000000 		.4byte	.LASF38
 923 039d 04       		.byte	0x4
 924 039e D6       		.byte	0xd6
 925 039f 00       		.byte	0
 926              		.section	.debug_abbrev,"",%progbits
 927              	.Ldebug_abbrev0:
 928 0000 01       		.uleb128 0x1
 929 0001 11       		.uleb128 0x11
 930 0002 01       		.byte	0x1
 931 0003 25       		.uleb128 0x25
 932 0004 0E       		.uleb128 0xe
 933 0005 13       		.uleb128 0x13
 934 0006 0B       		.uleb128 0xb
 935 0007 03       		.uleb128 0x3
 936 0008 0E       		.uleb128 0xe
 937 0009 1B       		.uleb128 0x1b
 938 000a 0E       		.uleb128 0xe
 939 000b 55       		.uleb128 0x55
 940 000c 17       		.uleb128 0x17
 941 000d 11       		.uleb128 0x11
 942 000e 01       		.uleb128 0x1
 943 000f 10       		.uleb128 0x10
 944 0010 17       		.uleb128 0x17
 945 0011 00       		.byte	0
 946 0012 00       		.byte	0
 947 0013 02       		.uleb128 0x2
ARM GAS  C:\Users\latao\AppData\Local\Temp\ccRSIRUm.s 			page 25


 948 0014 24       		.uleb128 0x24
 949 0015 00       		.byte	0
 950 0016 0B       		.uleb128 0xb
 951 0017 0B       		.uleb128 0xb
 952 0018 3E       		.uleb128 0x3e
 953 0019 0B       		.uleb128 0xb
 954 001a 03       		.uleb128 0x3
 955 001b 08       		.uleb128 0x8
 956 001c 00       		.byte	0
 957 001d 00       		.byte	0
 958 001e 03       		.uleb128 0x3
 959 001f 16       		.uleb128 0x16
 960 0020 00       		.byte	0
 961 0021 03       		.uleb128 0x3
 962 0022 0E       		.uleb128 0xe
 963 0023 3A       		.uleb128 0x3a
 964 0024 0B       		.uleb128 0xb
 965 0025 3B       		.uleb128 0x3b
 966 0026 0B       		.uleb128 0xb
 967 0027 49       		.uleb128 0x49
 968 0028 13       		.uleb128 0x13
 969 0029 00       		.byte	0
 970 002a 00       		.byte	0
 971 002b 04       		.uleb128 0x4
 972 002c 24       		.uleb128 0x24
 973 002d 00       		.byte	0
 974 002e 0B       		.uleb128 0xb
 975 002f 0B       		.uleb128 0xb
 976 0030 3E       		.uleb128 0x3e
 977 0031 0B       		.uleb128 0xb
 978 0032 03       		.uleb128 0x3
 979 0033 0E       		.uleb128 0xe
 980 0034 00       		.byte	0
 981 0035 00       		.byte	0
 982 0036 05       		.uleb128 0x5
 983 0037 0F       		.uleb128 0xf
 984 0038 00       		.byte	0
 985 0039 0B       		.uleb128 0xb
 986 003a 0B       		.uleb128 0xb
 987 003b 00       		.byte	0
 988 003c 00       		.byte	0
 989 003d 06       		.uleb128 0x6
 990 003e 16       		.uleb128 0x16
 991 003f 00       		.byte	0
 992 0040 03       		.uleb128 0x3
 993 0041 0E       		.uleb128 0xe
 994 0042 3A       		.uleb128 0x3a
 995 0043 0B       		.uleb128 0xb
 996 0044 3B       		.uleb128 0x3b
 997 0045 05       		.uleb128 0x5
 998 0046 49       		.uleb128 0x49
 999 0047 13       		.uleb128 0x13
 1000 0048 00       		.byte	0
 1001 0049 00       		.byte	0
 1002 004a 07       		.uleb128 0x7
 1003 004b 35       		.uleb128 0x35
 1004 004c 00       		.byte	0
ARM GAS  C:\Users\latao\AppData\Local\Temp\ccRSIRUm.s 			page 26


 1005 004d 49       		.uleb128 0x49
 1006 004e 13       		.uleb128 0x13
 1007 004f 00       		.byte	0
 1008 0050 00       		.byte	0
 1009 0051 08       		.uleb128 0x8
 1010 0052 13       		.uleb128 0x13
 1011 0053 01       		.byte	0x1
 1012 0054 0B       		.uleb128 0xb
 1013 0055 0B       		.uleb128 0xb
 1014 0056 3A       		.uleb128 0x3a
 1015 0057 0B       		.uleb128 0xb
 1016 0058 3B       		.uleb128 0x3b
 1017 0059 0B       		.uleb128 0xb
 1018 005a 01       		.uleb128 0x1
 1019 005b 13       		.uleb128 0x13
 1020 005c 00       		.byte	0
 1021 005d 00       		.byte	0
 1022 005e 09       		.uleb128 0x9
 1023 005f 0D       		.uleb128 0xd
 1024 0060 00       		.byte	0
 1025 0061 03       		.uleb128 0x3
 1026 0062 0E       		.uleb128 0xe
 1027 0063 3A       		.uleb128 0x3a
 1028 0064 0B       		.uleb128 0xb
 1029 0065 3B       		.uleb128 0x3b
 1030 0066 0B       		.uleb128 0xb
 1031 0067 49       		.uleb128 0x49
 1032 0068 13       		.uleb128 0x13
 1033 0069 38       		.uleb128 0x38
 1034 006a 0B       		.uleb128 0xb
 1035 006b 00       		.byte	0
 1036 006c 00       		.byte	0
 1037 006d 0A       		.uleb128 0xa
 1038 006e 2E       		.uleb128 0x2e
 1039 006f 01       		.byte	0x1
 1040 0070 03       		.uleb128 0x3
 1041 0071 0E       		.uleb128 0xe
 1042 0072 3A       		.uleb128 0x3a
 1043 0073 0B       		.uleb128 0xb
 1044 0074 3B       		.uleb128 0x3b
 1045 0075 0B       		.uleb128 0xb
 1046 0076 27       		.uleb128 0x27
 1047 0077 19       		.uleb128 0x19
 1048 0078 11       		.uleb128 0x11
 1049 0079 01       		.uleb128 0x1
 1050 007a 12       		.uleb128 0x12
 1051 007b 06       		.uleb128 0x6
 1052 007c 40       		.uleb128 0x40
 1053 007d 18       		.uleb128 0x18
 1054 007e 9742     		.uleb128 0x2117
 1055 0080 19       		.uleb128 0x19
 1056 0081 01       		.uleb128 0x1
 1057 0082 13       		.uleb128 0x13
 1058 0083 00       		.byte	0
 1059 0084 00       		.byte	0
 1060 0085 0B       		.uleb128 0xb
 1061 0086 05       		.uleb128 0x5
ARM GAS  C:\Users\latao\AppData\Local\Temp\ccRSIRUm.s 			page 27


 1062 0087 00       		.byte	0
 1063 0088 03       		.uleb128 0x3
 1064 0089 0E       		.uleb128 0xe
 1065 008a 3A       		.uleb128 0x3a
 1066 008b 0B       		.uleb128 0xb
 1067 008c 3B       		.uleb128 0x3b
 1068 008d 0B       		.uleb128 0xb
 1069 008e 49       		.uleb128 0x49
 1070 008f 13       		.uleb128 0x13
 1071 0090 02       		.uleb128 0x2
 1072 0091 18       		.uleb128 0x18
 1073 0092 00       		.byte	0
 1074 0093 00       		.byte	0
 1075 0094 0C       		.uleb128 0xc
 1076 0095 34       		.uleb128 0x34
 1077 0096 00       		.byte	0
 1078 0097 03       		.uleb128 0x3
 1079 0098 08       		.uleb128 0x8
 1080 0099 3A       		.uleb128 0x3a
 1081 009a 0B       		.uleb128 0xb
 1082 009b 3B       		.uleb128 0x3b
 1083 009c 0B       		.uleb128 0xb
 1084 009d 49       		.uleb128 0x49
 1085 009e 13       		.uleb128 0x13
 1086 009f 02       		.uleb128 0x2
 1087 00a0 17       		.uleb128 0x17
 1088 00a1 00       		.byte	0
 1089 00a2 00       		.byte	0
 1090 00a3 0D       		.uleb128 0xd
 1091 00a4 0B       		.uleb128 0xb
 1092 00a5 01       		.byte	0x1
 1093 00a6 11       		.uleb128 0x11
 1094 00a7 01       		.uleb128 0x1
 1095 00a8 12       		.uleb128 0x12
 1096 00a9 06       		.uleb128 0x6
 1097 00aa 00       		.byte	0
 1098 00ab 00       		.byte	0
 1099 00ac 0E       		.uleb128 0xe
 1100 00ad 34       		.uleb128 0x34
 1101 00ae 00       		.byte	0
 1102 00af 03       		.uleb128 0x3
 1103 00b0 0E       		.uleb128 0xe
 1104 00b1 3A       		.uleb128 0x3a
 1105 00b2 0B       		.uleb128 0xb
 1106 00b3 3B       		.uleb128 0x3b
 1107 00b4 0B       		.uleb128 0xb
 1108 00b5 49       		.uleb128 0x49
 1109 00b6 13       		.uleb128 0x13
 1110 00b7 02       		.uleb128 0x2
 1111 00b8 17       		.uleb128 0x17
 1112 00b9 00       		.byte	0
 1113 00ba 00       		.byte	0
 1114 00bb 0F       		.uleb128 0xf
 1115 00bc 0F       		.uleb128 0xf
 1116 00bd 00       		.byte	0
 1117 00be 0B       		.uleb128 0xb
 1118 00bf 0B       		.uleb128 0xb
ARM GAS  C:\Users\latao\AppData\Local\Temp\ccRSIRUm.s 			page 28


 1119 00c0 49       		.uleb128 0x49
 1120 00c1 13       		.uleb128 0x13
 1121 00c2 00       		.byte	0
 1122 00c3 00       		.byte	0
 1123 00c4 10       		.uleb128 0x10
 1124 00c5 26       		.uleb128 0x26
 1125 00c6 00       		.byte	0
 1126 00c7 49       		.uleb128 0x49
 1127 00c8 13       		.uleb128 0x13
 1128 00c9 00       		.byte	0
 1129 00ca 00       		.byte	0
 1130 00cb 11       		.uleb128 0x11
 1131 00cc 05       		.uleb128 0x5
 1132 00cd 00       		.byte	0
 1133 00ce 03       		.uleb128 0x3
 1134 00cf 08       		.uleb128 0x8
 1135 00d0 3A       		.uleb128 0x3a
 1136 00d1 0B       		.uleb128 0xb
 1137 00d2 3B       		.uleb128 0x3b
 1138 00d3 0B       		.uleb128 0xb
 1139 00d4 49       		.uleb128 0x49
 1140 00d5 13       		.uleb128 0x13
 1141 00d6 02       		.uleb128 0x2
 1142 00d7 17       		.uleb128 0x17
 1143 00d8 00       		.byte	0
 1144 00d9 00       		.byte	0
 1145 00da 12       		.uleb128 0x12
 1146 00db 898201   		.uleb128 0x4109
 1147 00de 01       		.byte	0x1
 1148 00df 11       		.uleb128 0x11
 1149 00e0 01       		.uleb128 0x1
 1150 00e1 31       		.uleb128 0x31
 1151 00e2 13       		.uleb128 0x13
 1152 00e3 00       		.byte	0
 1153 00e4 00       		.byte	0
 1154 00e5 13       		.uleb128 0x13
 1155 00e6 8A8201   		.uleb128 0x410a
 1156 00e9 00       		.byte	0
 1157 00ea 02       		.uleb128 0x2
 1158 00eb 18       		.uleb128 0x18
 1159 00ec 9142     		.uleb128 0x2111
 1160 00ee 18       		.uleb128 0x18
 1161 00ef 00       		.byte	0
 1162 00f0 00       		.byte	0
 1163 00f1 14       		.uleb128 0x14
 1164 00f2 898201   		.uleb128 0x4109
 1165 00f5 01       		.byte	0x1
 1166 00f6 11       		.uleb128 0x11
 1167 00f7 01       		.uleb128 0x1
 1168 00f8 31       		.uleb128 0x31
 1169 00f9 13       		.uleb128 0x13
 1170 00fa 01       		.uleb128 0x1
 1171 00fb 13       		.uleb128 0x13
 1172 00fc 00       		.byte	0
 1173 00fd 00       		.byte	0
 1174 00fe 15       		.uleb128 0x15
 1175 00ff 2E       		.uleb128 0x2e
ARM GAS  C:\Users\latao\AppData\Local\Temp\ccRSIRUm.s 			page 29


 1176 0100 01       		.byte	0x1
 1177 0101 3F       		.uleb128 0x3f
 1178 0102 19       		.uleb128 0x19
 1179 0103 03       		.uleb128 0x3
 1180 0104 0E       		.uleb128 0xe
 1181 0105 3A       		.uleb128 0x3a
 1182 0106 0B       		.uleb128 0xb
 1183 0107 3B       		.uleb128 0x3b
 1184 0108 05       		.uleb128 0x5
 1185 0109 27       		.uleb128 0x27
 1186 010a 19       		.uleb128 0x19
 1187 010b 11       		.uleb128 0x11
 1188 010c 01       		.uleb128 0x1
 1189 010d 12       		.uleb128 0x12
 1190 010e 06       		.uleb128 0x6
 1191 010f 40       		.uleb128 0x40
 1192 0110 18       		.uleb128 0x18
 1193 0111 9742     		.uleb128 0x2117
 1194 0113 19       		.uleb128 0x19
 1195 0114 01       		.uleb128 0x1
 1196 0115 13       		.uleb128 0x13
 1197 0116 00       		.byte	0
 1198 0117 00       		.byte	0
 1199 0118 16       		.uleb128 0x16
 1200 0119 0B       		.uleb128 0xb
 1201 011a 01       		.byte	0x1
 1202 011b 11       		.uleb128 0x11
 1203 011c 01       		.uleb128 0x1
 1204 011d 12       		.uleb128 0x12
 1205 011e 06       		.uleb128 0x6
 1206 011f 01       		.uleb128 0x1
 1207 0120 13       		.uleb128 0x13
 1208 0121 00       		.byte	0
 1209 0122 00       		.byte	0
 1210 0123 17       		.uleb128 0x17
 1211 0124 34       		.uleb128 0x34
 1212 0125 00       		.byte	0
 1213 0126 03       		.uleb128 0x3
 1214 0127 0E       		.uleb128 0xe
 1215 0128 3A       		.uleb128 0x3a
 1216 0129 0B       		.uleb128 0xb
 1217 012a 3B       		.uleb128 0x3b
 1218 012b 05       		.uleb128 0x5
 1219 012c 49       		.uleb128 0x49
 1220 012d 13       		.uleb128 0x13
 1221 012e 02       		.uleb128 0x2
 1222 012f 18       		.uleb128 0x18
 1223 0130 00       		.byte	0
 1224 0131 00       		.byte	0
 1225 0132 18       		.uleb128 0x18
 1226 0133 13       		.uleb128 0x13
 1227 0134 01       		.byte	0x1
 1228 0135 0B       		.uleb128 0xb
 1229 0136 0B       		.uleb128 0xb
 1230 0137 3A       		.uleb128 0x3a
 1231 0138 0B       		.uleb128 0xb
 1232 0139 3B       		.uleb128 0x3b
ARM GAS  C:\Users\latao\AppData\Local\Temp\ccRSIRUm.s 			page 30


 1233 013a 05       		.uleb128 0x5
 1234 013b 01       		.uleb128 0x1
 1235 013c 13       		.uleb128 0x13
 1236 013d 00       		.byte	0
 1237 013e 00       		.byte	0
 1238 013f 19       		.uleb128 0x19
 1239 0140 0D       		.uleb128 0xd
 1240 0141 00       		.byte	0
 1241 0142 03       		.uleb128 0x3
 1242 0143 0E       		.uleb128 0xe
 1243 0144 3A       		.uleb128 0x3a
 1244 0145 0B       		.uleb128 0xb
 1245 0146 3B       		.uleb128 0x3b
 1246 0147 05       		.uleb128 0x5
 1247 0148 49       		.uleb128 0x49
 1248 0149 13       		.uleb128 0x13
 1249 014a 38       		.uleb128 0x38
 1250 014b 0B       		.uleb128 0xb
 1251 014c 00       		.byte	0
 1252 014d 00       		.byte	0
 1253 014e 1A       		.uleb128 0x1a
 1254 014f 01       		.uleb128 0x1
 1255 0150 01       		.byte	0x1
 1256 0151 49       		.uleb128 0x49
 1257 0152 13       		.uleb128 0x13
 1258 0153 01       		.uleb128 0x1
 1259 0154 13       		.uleb128 0x13
 1260 0155 00       		.byte	0
 1261 0156 00       		.byte	0
 1262 0157 1B       		.uleb128 0x1b
 1263 0158 21       		.uleb128 0x21
 1264 0159 00       		.byte	0
 1265 015a 49       		.uleb128 0x49
 1266 015b 13       		.uleb128 0x13
 1267 015c 2F       		.uleb128 0x2f
 1268 015d 0B       		.uleb128 0xb
 1269 015e 00       		.byte	0
 1270 015f 00       		.byte	0
 1271 0160 1C       		.uleb128 0x1c
 1272 0161 34       		.uleb128 0x34
 1273 0162 00       		.byte	0
 1274 0163 03       		.uleb128 0x3
 1275 0164 08       		.uleb128 0x8
 1276 0165 3A       		.uleb128 0x3a
 1277 0166 0B       		.uleb128 0xb
 1278 0167 3B       		.uleb128 0x3b
 1279 0168 05       		.uleb128 0x5
 1280 0169 49       		.uleb128 0x49
 1281 016a 13       		.uleb128 0x13
 1282 016b 02       		.uleb128 0x2
 1283 016c 17       		.uleb128 0x17
 1284 016d 00       		.byte	0
 1285 016e 00       		.byte	0
 1286 016f 1D       		.uleb128 0x1d
 1287 0170 898201   		.uleb128 0x4109
 1288 0173 00       		.byte	0
 1289 0174 11       		.uleb128 0x11
ARM GAS  C:\Users\latao\AppData\Local\Temp\ccRSIRUm.s 			page 31


 1290 0175 01       		.uleb128 0x1
 1291 0176 31       		.uleb128 0x31
 1292 0177 13       		.uleb128 0x13
 1293 0178 00       		.byte	0
 1294 0179 00       		.byte	0
 1295 017a 1E       		.uleb128 0x1e
 1296 017b 2E       		.uleb128 0x2e
 1297 017c 00       		.byte	0
 1298 017d 3F       		.uleb128 0x3f
 1299 017e 19       		.uleb128 0x19
 1300 017f 3C       		.uleb128 0x3c
 1301 0180 19       		.uleb128 0x19
 1302 0181 6E       		.uleb128 0x6e
 1303 0182 0E       		.uleb128 0xe
 1304 0183 03       		.uleb128 0x3
 1305 0184 0E       		.uleb128 0xe
 1306 0185 00       		.byte	0
 1307 0186 00       		.byte	0
 1308 0187 1F       		.uleb128 0x1f
 1309 0188 2E       		.uleb128 0x2e
 1310 0189 00       		.byte	0
 1311 018a 3F       		.uleb128 0x3f
 1312 018b 19       		.uleb128 0x19
 1313 018c 3C       		.uleb128 0x3c
 1314 018d 19       		.uleb128 0x19
 1315 018e 6E       		.uleb128 0x6e
 1316 018f 0E       		.uleb128 0xe
 1317 0190 03       		.uleb128 0x3
 1318 0191 0E       		.uleb128 0xe
 1319 0192 3A       		.uleb128 0x3a
 1320 0193 0B       		.uleb128 0xb
 1321 0194 3B       		.uleb128 0x3b
 1322 0195 0B       		.uleb128 0xb
 1323 0196 00       		.byte	0
 1324 0197 00       		.byte	0
 1325 0198 00       		.byte	0
 1326              		.section	.debug_loc,"",%progbits
 1327              	.Ldebug_loc0:
 1328              	.LLST0:
 1329 0000 02000000 		.4byte	.LVL1
 1330 0004 08000000 		.4byte	.LVL2
 1331 0008 0200     		.2byte	0x2
 1332 000a 30       		.byte	0x30
 1333 000b 9F       		.byte	0x9f
 1334 000c 08000000 		.4byte	.LVL2
 1335 0010 30000000 		.4byte	.LVL11
 1336 0014 0100     		.2byte	0x1
 1337 0016 57       		.byte	0x57
 1338 0017 00000000 		.4byte	0
 1339 001b 00000000 		.4byte	0
 1340              	.LLST1:
 1341 001f 02000000 		.4byte	.LVL1
 1342 0023 08000000 		.4byte	.LVL2
 1343 0027 0200     		.2byte	0x2
 1344 0029 30       		.byte	0x30
 1345 002a 9F       		.byte	0x9f
 1346 002b 08000000 		.4byte	.LVL2
ARM GAS  C:\Users\latao\AppData\Local\Temp\ccRSIRUm.s 			page 32


 1347 002f 30000000 		.4byte	.LVL10
 1348 0033 0100     		.2byte	0x1
 1349 0035 55       		.byte	0x55
 1350 0036 00000000 		.4byte	0
 1351 003a 00000000 		.4byte	0
 1352              	.LLST2:
 1353 003e 0C000000 		.4byte	.LVL3
 1354 0042 2C000000 		.4byte	.LVL9
 1355 0046 0100     		.2byte	0x1
 1356 0048 56       		.byte	0x56
 1357 0049 00000000 		.4byte	0
 1358 004d 00000000 		.4byte	0
 1359              	.LLST3:
 1360 0051 0E000000 		.4byte	.LVL4
 1361 0055 24000000 		.4byte	.LVL7
 1362 0059 0100     		.2byte	0x1
 1363 005b 53       		.byte	0x53
 1364 005c 26000000 		.4byte	.LVL8
 1365 0060 2C000000 		.4byte	.LVL9
 1366 0064 0100     		.2byte	0x1
 1367 0066 53       		.byte	0x53
 1368 0067 00000000 		.4byte	0
 1369 006b 00000000 		.4byte	0
 1370              	.LLST4:
 1371 006f 00000000 		.4byte	.LVL12
 1372 0073 09000000 		.4byte	.LVL14-1
 1373 0077 0100     		.2byte	0x1
 1374 0079 50       		.byte	0x50
 1375 007a 09000000 		.4byte	.LVL14-1
 1376 007e 0C000000 		.4byte	.LFE0
 1377 0082 0400     		.2byte	0x4
 1378 0084 F3       		.byte	0xf3
 1379 0085 01       		.uleb128 0x1
 1380 0086 50       		.byte	0x50
 1381 0087 9F       		.byte	0x9f
 1382 0088 00000000 		.4byte	0
 1383 008c 00000000 		.4byte	0
 1384              	.LLST5:
 1385 0090 00000000 		.4byte	.LVL12
 1386 0094 06000000 		.4byte	.LVL13
 1387 0098 0100     		.2byte	0x1
 1388 009a 51       		.byte	0x51
 1389 009b 06000000 		.4byte	.LVL13
 1390 009f 09000000 		.4byte	.LVL14-1
 1391 00a3 0100     		.2byte	0x1
 1392 00a5 52       		.byte	0x52
 1393 00a6 09000000 		.4byte	.LVL14-1
 1394 00aa 0C000000 		.4byte	.LFE0
 1395 00ae 0400     		.2byte	0x4
 1396 00b0 F3       		.byte	0xf3
 1397 00b1 01       		.uleb128 0x1
 1398 00b2 51       		.byte	0x51
 1399 00b3 9F       		.byte	0x9f
 1400 00b4 00000000 		.4byte	0
 1401 00b8 00000000 		.4byte	0
 1402              	.LLST6:
 1403 00bc 66000000 		.4byte	.LVL18
ARM GAS  C:\Users\latao\AppData\Local\Temp\ccRSIRUm.s 			page 33


 1404 00c0 6A000000 		.4byte	.LVL19
 1405 00c4 0200     		.2byte	0x2
 1406 00c6 30       		.byte	0x30
 1407 00c7 9F       		.byte	0x9f
 1408 00c8 6A000000 		.4byte	.LVL19
 1409 00cc 88000000 		.4byte	.LVL21
 1410 00d0 0100     		.2byte	0x1
 1411 00d2 54       		.byte	0x54
 1412 00d3 8A000000 		.4byte	.LVL22
 1413 00d7 EA000000 		.4byte	.LVL25
 1414 00db 0100     		.2byte	0x1
 1415 00dd 54       		.byte	0x54
 1416 00de 00000000 		.4byte	0
 1417 00e2 00000000 		.4byte	0
 1418              	.LLST7:
 1419 00e6 6A000000 		.4byte	.LVL19
 1420 00ea 88000000 		.4byte	.LVL21
 1421 00ee 0B00     		.2byte	0xb
 1422 00f0 74       		.byte	0x74
 1423 00f1 00       		.sleb128 0
 1424 00f2 36       		.byte	0x36
 1425 00f3 1E       		.byte	0x1e
 1426 00f4 03       		.byte	0x3
 1427 00f5 00000000 		.4byte	cfg_memset_list.4870
 1428 00f9 22       		.byte	0x22
 1429 00fa 9F       		.byte	0x9f
 1430 00fb 88000000 		.4byte	.LVL21
 1431 00ff 8A000000 		.4byte	.LVL22
 1432 0103 0B00     		.2byte	0xb
 1433 0105 74       		.byte	0x74
 1434 0106 7F       		.sleb128 -1
 1435 0107 36       		.byte	0x36
 1436 0108 1E       		.byte	0x1e
 1437 0109 03       		.byte	0x3
 1438 010a 00000000 		.4byte	cfg_memset_list.4870
 1439 010e 22       		.byte	0x22
 1440 010f 9F       		.byte	0x9f
 1441 0110 00000000 		.4byte	0
 1442 0114 00000000 		.4byte	0
 1443              		.section	.debug_aranges,"",%progbits
 1444 0000 34000000 		.4byte	0x34
 1445 0004 0200     		.2byte	0x2
 1446 0006 00000000 		.4byte	.Ldebug_info0
 1447 000a 04       		.byte	0x4
 1448 000b 00       		.byte	0
 1449 000c 0000     		.2byte	0
 1450 000e 0000     		.2byte	0
 1451 0010 00000000 		.4byte	.LFB3
 1452 0014 32000000 		.4byte	.LFE3-.LFB3
 1453 0018 00000000 		.4byte	.LFB0
 1454 001c 0C000000 		.4byte	.LFE0-.LFB0
 1455 0020 00000000 		.4byte	.LFB4
 1456 0024 5C000000 		.4byte	.LFE4-.LFB4
 1457 0028 5C000000 		.4byte	.LFB6
 1458 002c BC000000 		.4byte	.LFE6-.LFB6
 1459 0030 00000000 		.4byte	0
 1460 0034 00000000 		.4byte	0
ARM GAS  C:\Users\latao\AppData\Local\Temp\ccRSIRUm.s 			page 34


 1461              		.section	.debug_ranges,"",%progbits
 1462              	.Ldebug_ranges0:
 1463 0000 00000000 		.4byte	.LFB3
 1464 0004 32000000 		.4byte	.LFE3
 1465 0008 00000000 		.4byte	.LFB0
 1466 000c 0C000000 		.4byte	.LFE0
 1467 0010 00000000 		.4byte	.LFB4
 1468 0014 5C000000 		.4byte	.LFE4
 1469 0018 5C000000 		.4byte	.LFB6
 1470 001c 18010000 		.4byte	.LFE6
 1471 0020 00000000 		.4byte	0
 1472 0024 00000000 		.4byte	0
 1473              		.section	.debug_line,"",%progbits
 1474              	.Ldebug_line0:
 1475 0000 57010000 		.section	.debug_str,"MS",%progbits,1
 1475      0200D600 
 1475      00000201 
 1475      FB0E0D00 
 1475      01010101 
 1476              	.LASF19:
 1477 0000 72656733 		.ascii	"reg32\000"
 1477      3200
 1478              	.LASF12:
 1479 0006 73697A65 		.ascii	"size_t\000"
 1479      5F7400
 1480              	.LASF37:
 1481 000d 4379496E 		.ascii	"CyIntSetVector\000"
 1481      74536574 
 1481      56656374 
 1481      6F7200
 1482              	.LASF21:
 1483 001c 76616C75 		.ascii	"value\000"
 1483      6500
 1484              	.LASF26:
 1485 0022 636F756E 		.ascii	"count\000"
 1485      7400
 1486              	.LASF29:
 1487 0028 436C6F63 		.ascii	"ClockSetup\000"
 1487      6B536574 
 1487      757000
 1488              	.LASF30:
 1489 0033 63795F63 		.ascii	"cy_cfg_addr_table\000"
 1489      66675F61 
 1489      6464725F 
 1489      7461626C 
 1489      6500
 1490              	.LASF31:
 1491 0045 63795F63 		.ascii	"cy_cfg_data_table\000"
 1491      66675F64 
 1491      6174615F 
 1491      7461626C 
 1491      6500
 1492              	.LASF16:
 1493 0057 666C6F61 		.ascii	"float\000"
 1493      7400
 1494              	.LASF35:
 1495 005d 6366675F 		.ascii	"cfg_memset_list\000"
ARM GAS  C:\Users\latao\AppData\Local\Temp\ccRSIRUm.s 			page 35


 1495      6D656D73 
 1495      65745F6C 
 1495      69737400 
 1496              	.LASF33:
 1497 006d 73697A65 		.ascii	"size\000"
 1497      00
 1498              	.LASF18:
 1499 0072 72656738 		.ascii	"reg8\000"
 1499      00
 1500              	.LASF8:
 1501 0077 6C6F6E67 		.ascii	"long unsigned int\000"
 1501      20756E73 
 1501      69676E65 
 1501      6420696E 
 1501      7400
 1502              	.LASF13:
 1503 0089 75696E74 		.ascii	"uint8\000"
 1503      3800
 1504              	.LASF28:
 1505 008f 43594D45 		.ascii	"CYMEMZERO\000"
 1505      4D5A4552 
 1505      4F00
 1506              	.LASF4:
 1507 0099 756E7369 		.ascii	"unsigned char\000"
 1507      676E6564 
 1507      20636861 
 1507      7200
 1508              	.LASF43:
 1509 00a7 6D656D73 		.ascii	"memset\000"
 1509      657400
 1510              	.LASF17:
 1511 00ae 646F7562 		.ascii	"double\000"
 1511      6C6500
 1512              	.LASF27:
 1513 00b5 6366675F 		.ascii	"cfg_write_bytes32\000"
 1513      77726974 
 1513      655F6279 
 1513      74657333 
 1513      3200
 1514              	.LASF38:
 1515 00c7 4379496E 		.ascii	"CyIntEnable\000"
 1515      74456E61 
 1515      626C6500 
 1516              	.LASF23:
 1517 00d3 61646472 		.ascii	"addr_table\000"
 1517      5F746162 
 1517      6C6500
 1518              	.LASF14:
 1519 00de 75696E74 		.ascii	"uint16\000"
 1519      313600
 1520              	.LASF24:
 1521 00e5 64617461 		.ascii	"data_table\000"
 1521      5F746162 
 1521      6C6500
 1522              	.LASF15:
 1523 00f0 75696E74 		.ascii	"uint32\000"
 1523      333200
ARM GAS  C:\Users\latao\AppData\Local\Temp\ccRSIRUm.s 			page 36


 1524              	.LASF0:
 1525 00f7 756E7369 		.ascii	"unsigned int\000"
 1525      676E6564 
 1525      20696E74 
 1525      00
 1526              	.LASF42:
 1527 0104 63796669 		.ascii	"cyfitter_cfg\000"
 1527      74746572 
 1527      5F636667 
 1527      00
 1528              	.LASF32:
 1529 0111 61646472 		.ascii	"address\000"
 1529      65737300 
 1530              	.LASF9:
 1531 0119 6C6F6E67 		.ascii	"long long unsigned int\000"
 1531      206C6F6E 
 1531      6720756E 
 1531      7369676E 
 1531      65642069 
 1532              	.LASF39:
 1533 0130 474E5520 		.ascii	"GNU C11 5.4.1 20160609 (release) [ARM/embedded-5-br"
 1533      43313120 
 1533      352E342E 
 1533      31203230 
 1533      31363036 
 1534 0163 616E6368 		.ascii	"anch revision 237715] -mcpu=cortex-m0 -mthumb -g -O"
 1534      20726576 
 1534      6973696F 
 1534      6E203233 
 1534      37373135 
 1535 0196 67202D66 		.ascii	"g -ffunction-sections -ffat-lto-objects\000"
 1535      66756E63 
 1535      74696F6E 
 1535      2D736563 
 1535      74696F6E 
 1536              	.LASF34:
 1537 01be 6366675F 		.ascii	"cfg_memset_t\000"
 1537      6D656D73 
 1537      65745F74 
 1537      00
 1538              	.LASF25:
 1539 01cb 62617365 		.ascii	"baseAddr\000"
 1539      41646472 
 1539      00
 1540              	.LASF10:
 1541 01d4 73697A65 		.ascii	"sizetype\000"
 1541      74797065 
 1541      00
 1542              	.LASF6:
 1543 01dd 73686F72 		.ascii	"short unsigned int\000"
 1543      7420756E 
 1543      7369676E 
 1543      65642069 
 1543      6E7400
 1544              	.LASF1:
 1545 01f0 6C6F6E67 		.ascii	"long long int\000"
 1545      206C6F6E 
ARM GAS  C:\Users\latao\AppData\Local\Temp\ccRSIRUm.s 			page 37


 1545      6720696E 
 1545      7400
 1546              	.LASF41:
 1547 01fe 433A5C44 		.ascii	"C:\\DenysProjects\\Workspace01\\Design12.cydsn\000"
 1547      656E7973 
 1547      50726F6A 
 1547      65637473 
 1547      5C576F72 
 1548              	.LASF11:
 1549 022a 63686172 		.ascii	"char\000"
 1549      00
 1550              	.LASF22:
 1551 022f 63795F63 		.ascii	"cy_cfg_addrvalue_t\000"
 1551      66675F61 
 1551      64647276 
 1551      616C7565 
 1551      5F7400
 1552              	.LASF20:
 1553 0242 6F666673 		.ascii	"offset\000"
 1553      657400
 1554              	.LASF5:
 1555 0249 73686F72 		.ascii	"short int\000"
 1555      7420696E 
 1555      7400
 1556              	.LASF36:
 1557 0253 43795379 		.ascii	"CySysClkWriteImoFreq\000"
 1557      73436C6B 
 1557      57726974 
 1557      65496D6F 
 1557      46726571 
 1558              	.LASF7:
 1559 0268 6C6F6E67 		.ascii	"long int\000"
 1559      20696E74 
 1559      00
 1560              	.LASF2:
 1561 0271 6C6F6E67 		.ascii	"long double\000"
 1561      20646F75 
 1561      626C6500 
 1562              	.LASF3:
 1563 027d 7369676E 		.ascii	"signed char\000"
 1563      65642063 
 1563      68617200 
 1564              	.LASF40:
 1565 0289 47656E65 		.ascii	"Generated_Source\\PSoC4\\cyfitter_cfg.c\000"
 1565      72617465 
 1565      645F536F 
 1565      75726365 
 1565      5C50536F 
 1566              		.ident	"GCC: (GNU Tools for ARM Embedded Processors) 5.4.1 20160609 (release) [ARM/embedded-5-bran
