Archive member included to satisfy reference by file (symbol)

.\CortexM0\ARM_GCC_541\Debug\teamProject.a(EZI2C.o)
                              .\CortexM0\ARM_GCC_541\Debug\main.o (EZI2C_Start)
.\CortexM0\ARM_GCC_541\Debug\teamProject.a(EZI2C_EZI2C.o)
                              .\CortexM0\ARM_GCC_541\Debug\teamProject.a(EZI2C.o) (EZI2C_EzI2CInit)
.\CortexM0\ARM_GCC_541\Debug\teamProject.a(EZI2C_EZI2C_INT.o)
                              .\CortexM0\ARM_GCC_541\Debug\teamProject.a(EZI2C_EZI2C.o) (EZI2C_EZI2C_STRETCH_ISR)
.\CortexM0\ARM_GCC_541\Debug\teamProject.a(CyLib.o)
                              .\CortexM0\ARM_GCC_541\Debug\cyfitter_cfg.o (CyIntEnable)
.\CortexM0\ARM_GCC_541\Debug\teamProject.a(CyLFClk.o)
                              .\CortexM0\ARM_GCC_541\Debug\cyfitter_cfg.o (CySysWdtIsr)
.\CortexM0\ARM_GCC_541\Debug\teamProject.a(ADC.o)
                              .\CortexM0\ARM_GCC_541\Debug\main.o (ADC_Start)
.\CortexM0\ARM_GCC_541\Debug\teamProject.a(ADC_INT.o)
                              .\CortexM0\ARM_GCC_541\Debug\teamProject.a(ADC.o) (ADC_ISR)
.\CortexM0\ARM_GCC_541\Debug\teamProject.a(LCD.o)
                              .\CortexM0\ARM_GCC_541\Debug\main.o (LCD_PrintString)
.\CortexM0\ARM_GCC_541\Debug\teamProject.a(Status_Reg.o)
                              .\CortexM0\ARM_GCC_541\Debug\main.o (Status_Reg_Read)
.\CortexM0\ARM_GCC_541\Debug\teamProject.a(Buzz_PWM.o)
                              .\CortexM0\ARM_GCC_541\Debug\main.o (Buzz_PWM_WritePeriod)
.\CortexM0\ARM_GCC_541\Debug\teamProject.a(Buzz_PWM_PM.o)
                              .\CortexM0\ARM_GCC_541\Debug\main.o (Buzz_PWM_Sleep)
.\CortexM0\ARM_GCC_541\Debug\teamProject.a(CyBootAsmGnu.o)
                              .\CortexM0\ARM_GCC_541\Debug\teamProject.a(CyLib.o) (CyDelayCycles)
c:/program files (x86)/cypress/psoc creator/4.4/psoc creator/import/gnu/arm/5.4.1/bin/../lib/gcc/arm-none-eabi/5.4.1/armv6-m\libgcc.a(_udivsi3.o)
                              .\CortexM0\ARM_GCC_541\Debug\teamProject.a(CyLib.o) (__aeabi_uidiv)
c:/program files (x86)/cypress/psoc creator/4.4/psoc creator/import/gnu/arm/5.4.1/bin/../lib/gcc/arm-none-eabi/5.4.1/armv6-m\libgcc.a(_divsi3.o)
                              .\CortexM0\ARM_GCC_541\Debug\teamProject.a(ADC.o) (__aeabi_idiv)
c:/program files (x86)/cypress/psoc creator/4.4/psoc creator/import/gnu/arm/5.4.1/bin/../lib/gcc/arm-none-eabi/5.4.1/armv6-m\libgcc.a(_dvmd_tls.o)
                              c:/program files (x86)/cypress/psoc creator/4.4/psoc creator/import/gnu/arm/5.4.1/bin/../lib/gcc/arm-none-eabi/5.4.1/armv6-m\libgcc.a(_udivsi3.o) (__aeabi_idiv0)
c:/program files (x86)/cypress/psoc creator/4.4/psoc creator/import/gnu/arm/5.4.1/bin/../lib/gcc/arm-none-eabi/5.4.1/armv6-m\libgcc.a(_aeabi_ldivmod.o)
                              .\CortexM0\ARM_GCC_541\Debug\teamProject.a(ADC.o) (__aeabi_ldivmod)
c:/program files (x86)/cypress/psoc creator/4.4/psoc creator/import/gnu/arm/5.4.1/bin/../lib/gcc/arm-none-eabi/5.4.1/armv6-m\libgcc.a(_muldi3.o)
                              .\CortexM0\ARM_GCC_541\Debug\teamProject.a(ADC.o) (__aeabi_lmul)
c:/program files (x86)/cypress/psoc creator/4.4/psoc creator/import/gnu/arm/5.4.1/bin/../lib/gcc/arm-none-eabi/5.4.1/armv6-m\libgcc.a(bpabi.o)
                              c:/program files (x86)/cypress/psoc creator/4.4/psoc creator/import/gnu/arm/5.4.1/bin/../lib/gcc/arm-none-eabi/5.4.1/armv6-m\libgcc.a(_aeabi_ldivmod.o) (__gnu_ldivmod_helper)
c:/program files (x86)/cypress/psoc creator/4.4/psoc creator/import/gnu/arm/5.4.1/bin/../lib/gcc/arm-none-eabi/5.4.1/armv6-m\libgcc.a(divsf3.o)
                              .\CortexM0\ARM_GCC_541\Debug\teamProject.a(ADC.o) (__aeabi_fdiv)
c:/program files (x86)/cypress/psoc creator/4.4/psoc creator/import/gnu/arm/5.4.1/bin/../lib/gcc/arm-none-eabi/5.4.1/armv6-m\libgcc.a(mulsf3.o)
                              .\CortexM0\ARM_GCC_541\Debug\teamProject.a(ADC.o) (__aeabi_fmul)
c:/program files (x86)/cypress/psoc creator/4.4/psoc creator/import/gnu/arm/5.4.1/bin/../lib/gcc/arm-none-eabi/5.4.1/armv6-m\libgcc.a(floatsisf.o)
                              .\CortexM0\ARM_GCC_541\Debug\teamProject.a(ADC.o) (__aeabi_i2f)
c:/program files (x86)/cypress/psoc creator/4.4/psoc creator/import/gnu/arm/5.4.1/bin/../lib/gcc/arm-none-eabi/5.4.1/armv6-m\libgcc.a(_clzsi2.o)
                              c:/program files (x86)/cypress/psoc creator/4.4/psoc creator/import/gnu/arm/5.4.1/bin/../lib/gcc/arm-none-eabi/5.4.1/armv6-m\libgcc.a(divsf3.o) (__clzsi2)
c:/program files (x86)/cypress/psoc creator/4.4/psoc creator/import/gnu/arm/5.4.1/bin/../lib/gcc/arm-none-eabi/5.4.1/armv6-m\libgcc.a(_divdi3.o)
                              c:/program files (x86)/cypress/psoc creator/4.4/psoc creator/import/gnu/arm/5.4.1/bin/../lib/gcc/arm-none-eabi/5.4.1/armv6-m\libgcc.a(bpabi.o) (__divdi3)
c:/program files (x86)/cypress/psoc creator/4.4/psoc creator/import/gnu/arm/5.4.1/bin/../lib/gcc/arm-none-eabi/5.4.1/armv6-m\libgcc.a(_clzdi2.o)
                              c:/program files (x86)/cypress/psoc creator/4.4/psoc creator/import/gnu/arm/5.4.1/bin/../lib/gcc/arm-none-eabi/5.4.1/armv6-m\libgcc.a(_divdi3.o) (__clzdi2)
c:/program files (x86)/cypress/psoc creator/4.4/psoc creator/import/gnu/arm/5.4.1/bin/../lib/gcc/arm-none-eabi/5.4.1/../../../../arm-none-eabi/lib/armv6-m\libg_nano.a(lib_a-errno.o)
                              .\CortexM0\ARM_GCC_541\Debug\Cm0Start.o (__errno)
c:/program files (x86)/cypress/psoc creator/4.4/psoc creator/import/gnu/arm/5.4.1/bin/../lib/gcc/arm-none-eabi/5.4.1/../../../../arm-none-eabi/lib/armv6-m\libg_nano.a(lib_a-exit.o)
                              c:/program files (x86)/cypress/psoc creator/4.4/psoc creator/import/gnu/arm/5.4.1/bin/../lib/gcc/arm-none-eabi/5.4.1/../../../../arm-none-eabi/lib/armv6-m/crt0.o (exit)
c:/program files (x86)/cypress/psoc creator/4.4/psoc creator/import/gnu/arm/5.4.1/bin/../lib/gcc/arm-none-eabi/5.4.1/../../../../arm-none-eabi/lib/armv6-m\libg_nano.a(lib_a-impure.o)
                              c:/program files (x86)/cypress/psoc creator/4.4/psoc creator/import/gnu/arm/5.4.1/bin/../lib/gcc/arm-none-eabi/5.4.1/../../../../arm-none-eabi/lib/armv6-m\libg_nano.a(lib_a-exit.o) (_global_impure_ptr)
c:/program files (x86)/cypress/psoc creator/4.4/psoc creator/import/gnu/arm/5.4.1/bin/../lib/gcc/arm-none-eabi/5.4.1/../../../../arm-none-eabi/lib/armv6-m\libg_nano.a(lib_a-init.o)
                              c:/program files (x86)/cypress/psoc creator/4.4/psoc creator/import/gnu/arm/5.4.1/bin/../lib/gcc/arm-none-eabi/5.4.1/../../../../arm-none-eabi/lib/armv6-m/crt0.o (__libc_init_array)
c:/program files (x86)/cypress/psoc creator/4.4/psoc creator/import/gnu/arm/5.4.1/bin/../lib/gcc/arm-none-eabi/5.4.1/../../../../arm-none-eabi/lib/armv6-m\libg_nano.a(lib_a-memset.o)
                              c:/program files (x86)/cypress/psoc creator/4.4/psoc creator/import/gnu/arm/5.4.1/bin/../lib/gcc/arm-none-eabi/5.4.1/../../../../arm-none-eabi/lib/armv6-m/crt0.o (memset)

Allocating common symbols
Common symbol       size              file

EZI2C_offsetBuf1    0x1               .\CortexM0\ARM_GCC_541\Debug\teamProject.a(EZI2C_EZI2C.o)
ADC_countsPer10Volt
                    0x4               .\CortexM0\ARM_GCC_541\Debug\teamProject.a(ADC.o)
EZI2C_indexBuf1     0x2               .\CortexM0\ARM_GCC_541\Debug\teamProject.a(EZI2C_EZI2C.o)
EZI2C_fsmState      0x1               .\CortexM0\ARM_GCC_541\Debug\teamProject.a(EZI2C_EZI2C.o)
EZI2C_protectBuf1   0x2               .\CortexM0\ARM_GCC_541\Debug\teamProject.a(EZI2C_EZI2C.o)
ADC_offset          0x2               .\CortexM0\ARM_GCC_541\Debug\teamProject.a(ADC.o)
EZI2C_curStatus     0x1               .\CortexM0\ARM_GCC_541\Debug\teamProject.a(EZI2C_EZI2C.o)
EZI2C_dataBuffer1   0x4               .\CortexM0\ARM_GCC_541\Debug\teamProject.a(EZI2C_EZI2C.o)
EZI2C_bufSizeBuf1   0x2               .\CortexM0\ARM_GCC_541\Debug\teamProject.a(EZI2C_EZI2C.o)

Discarded input sections

 .text          0x00000000        0x0 c:/program files (x86)/cypress/psoc creator/4.4/psoc creator/import/gnu/arm/5.4.1/bin/../lib/gcc/arm-none-eabi/5.4.1/armv6-m/crti.o
 .data          0x00000000        0x0 c:/program files (x86)/cypress/psoc creator/4.4/psoc creator/import/gnu/arm/5.4.1/bin/../lib/gcc/arm-none-eabi/5.4.1/armv6-m/crti.o
 .bss           0x00000000        0x0 c:/program files (x86)/cypress/psoc creator/4.4/psoc creator/import/gnu/arm/5.4.1/bin/../lib/gcc/arm-none-eabi/5.4.1/armv6-m/crti.o
 .data          0x00000000        0x4 c:/program files (x86)/cypress/psoc creator/4.4/psoc creator/import/gnu/arm/5.4.1/bin/../lib/gcc/arm-none-eabi/5.4.1/armv6-m/crtbegin.o
 .text          0x00000000       0x78 c:/program files (x86)/cypress/psoc creator/4.4/psoc creator/import/gnu/arm/5.4.1/bin/../lib/gcc/arm-none-eabi/5.4.1/../../../../arm-none-eabi/lib/armv6-m/crt0.o
 .data          0x00000000        0x0 c:/program files (x86)/cypress/psoc creator/4.4/psoc creator/import/gnu/arm/5.4.1/bin/../lib/gcc/arm-none-eabi/5.4.1/../../../../arm-none-eabi/lib/armv6-m/crt0.o
 .bss           0x00000000        0x0 c:/program files (x86)/cypress/psoc creator/4.4/psoc creator/import/gnu/arm/5.4.1/bin/../lib/gcc/arm-none-eabi/5.4.1/../../../../arm-none-eabi/lib/armv6-m/crt0.o
 .ARM.extab     0x00000000        0x0 c:/program files (x86)/cypress/psoc creator/4.4/psoc creator/import/gnu/arm/5.4.1/bin/../lib/gcc/arm-none-eabi/5.4.1/../../../../arm-none-eabi/lib/armv6-m/crt0.o
 .ARM.exidx     0x00000000        0x8 c:/program files (x86)/cypress/psoc creator/4.4/psoc creator/import/gnu/arm/5.4.1/bin/../lib/gcc/arm-none-eabi/5.4.1/../../../../arm-none-eabi/lib/armv6-m/crt0.o
 .text          0x00000000        0x0 .\CortexM0\ARM_GCC_541\Debug\main.o
 .data          0x00000000        0x0 .\CortexM0\ARM_GCC_541\Debug\main.o
 .bss           0x00000000        0x0 .\CortexM0\ARM_GCC_541\Debug\main.o
 .text          0x00000000        0x0 .\CortexM0\ARM_GCC_541\Debug\cyfitter_cfg.o
 .data          0x00000000        0x0 .\CortexM0\ARM_GCC_541\Debug\cyfitter_cfg.o
 .bss           0x00000000        0x0 .\CortexM0\ARM_GCC_541\Debug\cyfitter_cfg.o
 .text          0x00000000        0x0 .\CortexM0\ARM_GCC_541\Debug\cymetadata.o
 .data          0x00000000        0x0 .\CortexM0\ARM_GCC_541\Debug\cymetadata.o
 .bss           0x00000000        0x0 .\CortexM0\ARM_GCC_541\Debug\cymetadata.o
 .text          0x00000000        0x0 .\CortexM0\ARM_GCC_541\Debug\Cm0Start.o
 .data          0x00000000        0x4 .\CortexM0\ARM_GCC_541\Debug\Cm0Start.o
 .bss           0x00000000        0x0 .\CortexM0\ARM_GCC_541\Debug\Cm0Start.o
 .text._exit    0x00000000        0xc .\CortexM0\ARM_GCC_541\Debug\Cm0Start.o
 .text._sbrk    0x00000000       0x30 .\CortexM0\ARM_GCC_541\Debug\Cm0Start.o
 .text          0x00000000        0x0 .\CortexM0\ARM_GCC_541\Debug\teamProject.a(EZI2C.o)
 .data          0x00000000        0x0 .\CortexM0\ARM_GCC_541\Debug\teamProject.a(EZI2C.o)
 .text.EZI2C_ScbModeStop
                0x00000000        0x8 .\CortexM0\ARM_GCC_541\Debug\teamProject.a(EZI2C.o)
 .text.EZI2C_Stop
                0x00000000       0x2c .\CortexM0\ARM_GCC_541\Debug\teamProject.a(EZI2C.o)
 .text.EZI2C_SetRxFifoLevel
                0x00000000       0x14 .\CortexM0\ARM_GCC_541\Debug\teamProject.a(EZI2C.o)
 .text.EZI2C_SetTxFifoLevel
                0x00000000       0x14 .\CortexM0\ARM_GCC_541\Debug\teamProject.a(EZI2C.o)
 .text.EZI2C_SetCustomInterruptHandler
                0x00000000        0xc .\CortexM0\ARM_GCC_541\Debug\teamProject.a(EZI2C.o)
 .text          0x00000000        0x0 .\CortexM0\ARM_GCC_541\Debug\teamProject.a(EZI2C_EZI2C.o)
 .data          0x00000000        0x0 .\CortexM0\ARM_GCC_541\Debug\teamProject.a(EZI2C_EZI2C.o)
 .bss           0x00000000        0x0 .\CortexM0\ARM_GCC_541\Debug\teamProject.a(EZI2C_EZI2C.o)
 .text.EZI2C_EzI2CStop
                0x00000000        0xc .\CortexM0\ARM_GCC_541\Debug\teamProject.a(EZI2C_EZI2C.o)
 .text.EZI2C_EzI2CGetActivity
                0x00000000       0x24 .\CortexM0\ARM_GCC_541\Debug\teamProject.a(EZI2C_EZI2C.o)
 .text.EZI2C_EzI2CSetAddress1
                0x00000000       0x18 .\CortexM0\ARM_GCC_541\Debug\teamProject.a(EZI2C_EZI2C.o)
 .text.EZI2C_EzI2CGetAddress1
                0x00000000       0x10 .\CortexM0\ARM_GCC_541\Debug\teamProject.a(EZI2C_EZI2C.o)
 .text.EZI2C_EzI2CSetReadBoundaryBuffer1
                0x00000000        0xc .\CortexM0\ARM_GCC_541\Debug\teamProject.a(EZI2C_EZI2C.o)
 .text          0x00000000        0x0 .\CortexM0\ARM_GCC_541\Debug\teamProject.a(EZI2C_EZI2C_INT.o)
 .data          0x00000000        0x0 .\CortexM0\ARM_GCC_541\Debug\teamProject.a(EZI2C_EZI2C_INT.o)
 .text          0x00000000        0x0 .\CortexM0\ARM_GCC_541\Debug\teamProject.a(CyLib.o)
 .bss           0x00000000       0x18 .\CortexM0\ARM_GCC_541\Debug\teamProject.a(CyLib.o)
 .text.CySysClkImoStart
                0x00000000       0x14 .\CortexM0\ARM_GCC_541\Debug\teamProject.a(CyLib.o)
 .text.CySysClkImoStop
                0x00000000       0x10 .\CortexM0\ARM_GCC_541\Debug\teamProject.a(CyLib.o)
 .text.CySysClkWriteHfclkDirect
                0x00000000       0x20 .\CortexM0\ARM_GCC_541\Debug\teamProject.a(CyLib.o)
 .text.CySysEnablePumpClock
                0x00000000       0x38 .\CortexM0\ARM_GCC_541\Debug\teamProject.a(CyLib.o)
 .text.CySysClkGetSysclkSource
                0x00000000       0x1c .\CortexM0\ARM_GCC_541\Debug\teamProject.a(CyLib.o)
 .text.CySysClkWriteSysclkDiv
                0x00000000       0x30 .\CortexM0\ARM_GCC_541\Debug\teamProject.a(CyLib.o)
 .text.CySysLvdDisable
                0x00000000       0x20 .\CortexM0\ARM_GCC_541\Debug\teamProject.a(CyLib.o)
 .text.CySysLvdGetInterruptSource
                0x00000000       0x10 .\CortexM0\ARM_GCC_541\Debug\teamProject.a(CyLib.o)
 .text.CySysLvdClearInterrupt
                0x00000000        0xc .\CortexM0\ARM_GCC_541\Debug\teamProject.a(CyLib.o)
 .text.CySysGetResetReason
                0x00000000       0x14 .\CortexM0\ARM_GCC_541\Debug\teamProject.a(CyLib.o)
 .text.CyDisableInts
                0x00000000       0x10 .\CortexM0\ARM_GCC_541\Debug\teamProject.a(CyLib.o)
 .text.CyEnableInts
                0x00000000        0xc .\CortexM0\ARM_GCC_541\Debug\teamProject.a(CyLib.o)
 .text.CyIntGetState
                0x00000000       0x18 .\CortexM0\ARM_GCC_541\Debug\teamProject.a(CyLib.o)
 .text.CyIntSetPending
                0x00000000       0x14 .\CortexM0\ARM_GCC_541\Debug\teamProject.a(CyLib.o)
 .text.CyIntClearPending
                0x00000000       0x14 .\CortexM0\ARM_GCC_541\Debug\teamProject.a(CyLib.o)
 .text.CyIntSetSysVector
                0x00000000       0x20 .\CortexM0\ARM_GCC_541\Debug\teamProject.a(CyLib.o)
 .text.CyIntGetSysVector
                0x00000000       0x1c .\CortexM0\ARM_GCC_541\Debug\teamProject.a(CyLib.o)
 .text.CyIntGetVector
                0x00000000       0x20 .\CortexM0\ARM_GCC_541\Debug\teamProject.a(CyLib.o)
 .text.CyIntGetPriority
                0x00000000       0x2c .\CortexM0\ARM_GCC_541\Debug\teamProject.a(CyLib.o)
 .text.CySoftwareReset
                0x00000000       0x18 .\CortexM0\ARM_GCC_541\Debug\teamProject.a(CyLib.o)
 .text.CySysLvdEnable
                0x00000000       0x44 .\CortexM0\ARM_GCC_541\Debug\teamProject.a(CyLib.o)
 .text.CyDelayFreq
                0x00000000       0x4c .\CortexM0\ARM_GCC_541\Debug\teamProject.a(CyLib.o)
 .text.CySysTickStop
                0x00000000       0x10 .\CortexM0\ARM_GCC_541\Debug\teamProject.a(CyLib.o)
 .text.CySysTickEnableInterrupt
                0x00000000       0x10 .\CortexM0\ARM_GCC_541\Debug\teamProject.a(CyLib.o)
 .text.CySysTickEnable
                0x00000000       0x18 .\CortexM0\ARM_GCC_541\Debug\teamProject.a(CyLib.o)
 .text.CySysTickDisableInterrupt
                0x00000000       0x10 .\CortexM0\ARM_GCC_541\Debug\teamProject.a(CyLib.o)
 .text.CySysTickSetReload
                0x00000000       0x10 .\CortexM0\ARM_GCC_541\Debug\teamProject.a(CyLib.o)
 .text.CySysTickGetReload
                0x00000000       0x10 .\CortexM0\ARM_GCC_541\Debug\teamProject.a(CyLib.o)
 .text.CySysTickGetValue
                0x00000000       0x10 .\CortexM0\ARM_GCC_541\Debug\teamProject.a(CyLib.o)
 .text.CySysTickGetCountFlag
                0x00000000       0x10 .\CortexM0\ARM_GCC_541\Debug\teamProject.a(CyLib.o)
 .text.CySysTickServiceCallbacks
                0x00000000       0x28 .\CortexM0\ARM_GCC_541\Debug\teamProject.a(CyLib.o)
 .text.CySysTickClear
                0x00000000        0xc .\CortexM0\ARM_GCC_541\Debug\teamProject.a(CyLib.o)
 .text.CySysTickInit
                0x00000000       0x40 .\CortexM0\ARM_GCC_541\Debug\teamProject.a(CyLib.o)
 .text.CySysTickStart
                0x00000000       0x20 .\CortexM0\ARM_GCC_541\Debug\teamProject.a(CyLib.o)
 .text.CySysTickSetCallback
                0x00000000       0x10 .\CortexM0\ARM_GCC_541\Debug\teamProject.a(CyLib.o)
 .text.CySysTickGetCallback
                0x00000000        0xc .\CortexM0\ARM_GCC_541\Debug\teamProject.a(CyLib.o)
 .text.CyGetUniqueId
                0x00000000       0x70 .\CortexM0\ARM_GCC_541\Debug\teamProject.a(CyLib.o)
 .text          0x00000000        0x0 .\CortexM0\ARM_GCC_541\Debug\teamProject.a(CyLFClk.o)
 .text.CySysClkIloEnabled
                0x00000000       0x14 .\CortexM0\ARM_GCC_541\Debug\teamProject.a(CyLFClk.o)
 .text.CySysClkIloStart
                0x00000000       0x14 .\CortexM0\ARM_GCC_541\Debug\teamProject.a(CyLFClk.o)
 .text.CySysClkIloStartMeasurement
                0x00000000       0x34 .\CortexM0\ARM_GCC_541\Debug\teamProject.a(CyLFClk.o)
 .text.CySysClkIloStopMeasurement
                0x00000000       0x14 .\CortexM0\ARM_GCC_541\Debug\teamProject.a(CyLFClk.o)
 .text.CySysClkIloCompensate
                0x00000000      0x104 .\CortexM0\ARM_GCC_541\Debug\teamProject.a(CyLFClk.o)
 .text.CySysWdtGetEnabledStatus
                0x00000000       0x24 .\CortexM0\ARM_GCC_541\Debug\teamProject.a(CyLFClk.o)
 .text.CySysWdtSetMode
                0x00000000       0x38 .\CortexM0\ARM_GCC_541\Debug\teamProject.a(CyLFClk.o)
 .text.CySysClkLfclkPosedgeRestore
                0x00000000       0x2c .\CortexM0\ARM_GCC_541\Debug\teamProject.a(CyLFClk.o)
 .text.CySysWdtGetMode
                0x00000000       0x14 .\CortexM0\ARM_GCC_541\Debug\teamProject.a(CyLFClk.o)
 .text.CySysWdtSetClearOnMatch
                0x00000000       0x34 .\CortexM0\ARM_GCC_541\Debug\teamProject.a(CyLFClk.o)
 .text.CySysWdtGetClearOnMatch
                0x00000000       0x24 .\CortexM0\ARM_GCC_541\Debug\teamProject.a(CyLFClk.o)
 .text.CySysWdtEnable
                0x00000000       0x40 .\CortexM0\ARM_GCC_541\Debug\teamProject.a(CyLFClk.o)
 .text.CySysWdtDisable
                0x00000000       0x44 .\CortexM0\ARM_GCC_541\Debug\teamProject.a(CyLFClk.o)
 .text.CySysWdtSetCascade
                0x00000000       0x34 .\CortexM0\ARM_GCC_541\Debug\teamProject.a(CyLFClk.o)
 .text.CySysWdtGetCascade
                0x00000000       0x14 .\CortexM0\ARM_GCC_541\Debug\teamProject.a(CyLFClk.o)
 .text.CySysWdtSetMatch
                0x00000000       0x38 .\CortexM0\ARM_GCC_541\Debug\teamProject.a(CyLFClk.o)
 .text.CySysWdtSetToggleBit
                0x00000000       0x30 .\CortexM0\ARM_GCC_541\Debug\teamProject.a(CyLFClk.o)
 .text.CySysWdtGetToggleBit
                0x00000000       0x10 .\CortexM0\ARM_GCC_541\Debug\teamProject.a(CyLFClk.o)
 .text.CySysWdtGetMatch
                0x00000000       0x20 .\CortexM0\ARM_GCC_541\Debug\teamProject.a(CyLFClk.o)
 .text.CySysWdtGetCount
                0x00000000       0x3c .\CortexM0\ARM_GCC_541\Debug\teamProject.a(CyLFClk.o)
 .text.CySysClkLfclkPosedgeCatch
                0x00000000       0x74 .\CortexM0\ARM_GCC_541\Debug\teamProject.a(CyLFClk.o)
 .text.CySysClkIloStop
                0x00000000       0x38 .\CortexM0\ARM_GCC_541\Debug\teamProject.a(CyLFClk.o)
 .text.CySysWdtGetInterruptSource
                0x00000000       0x14 .\CortexM0\ARM_GCC_541\Debug\teamProject.a(CyLFClk.o)
 .text.CySysWdtResetCounters
                0x00000000       0x20 .\CortexM0\ARM_GCC_541\Debug\teamProject.a(CyLFClk.o)
 .text.CySysWdtSetInterruptCallback
                0x00000000       0x20 .\CortexM0\ARM_GCC_541\Debug\teamProject.a(CyLFClk.o)
 .text.CySysWdtGetInterruptCallback
                0x00000000       0x20 .\CortexM0\ARM_GCC_541\Debug\teamProject.a(CyLFClk.o)
 .text.CySysWdtEnableCounterIsr
                0x00000000       0x34 .\CortexM0\ARM_GCC_541\Debug\teamProject.a(CyLFClk.o)
 .text.CySysWdtDisableCounterIsr
                0x00000000       0x28 .\CortexM0\ARM_GCC_541\Debug\teamProject.a(CyLFClk.o)
 .text.CySysWatchdogFeed
                0x00000000       0x60 .\CortexM0\ARM_GCC_541\Debug\teamProject.a(CyLFClk.o)
 .text.CySysTimerDelayUntilMatch
                0x00000000       0x6c .\CortexM0\ARM_GCC_541\Debug\teamProject.a(CyLFClk.o)
 .text.CySysTimerDelay
                0x00000000       0x3c .\CortexM0\ARM_GCC_541\Debug\teamProject.a(CyLFClk.o)
 .rodata        0x00000000        0xc .\CortexM0\ARM_GCC_541\Debug\teamProject.a(CyLFClk.o)
 .text          0x00000000        0x0 .\CortexM0\ARM_GCC_541\Debug\teamProject.a(ADC.o)
 .data          0x00000000        0x0 .\CortexM0\ARM_GCC_541\Debug\teamProject.a(ADC.o)
 .text.ADC_Stop
                0x00000000       0x10 .\CortexM0\ARM_GCC_541\Debug\teamProject.a(ADC.o)
 .text.ADC_StopConvert
                0x00000000       0x14 .\CortexM0\ARM_GCC_541\Debug\teamProject.a(ADC.o)
 .text.ADC_IsEndConversion
                0x00000000       0x28 .\CortexM0\ARM_GCC_541\Debug\teamProject.a(ADC.o)
 .text.ADC_SetChanMask
                0x00000000       0x10 .\CortexM0\ARM_GCC_541\Debug\teamProject.a(ADC.o)
 .text.ADC_SetLowLimit
                0x00000000       0x1c .\CortexM0\ARM_GCC_541\Debug\teamProject.a(ADC.o)
 .text.ADC_SetHighLimit
                0x00000000       0x18 .\CortexM0\ARM_GCC_541\Debug\teamProject.a(ADC.o)
 .text.ADC_SetLimitMask
                0x00000000       0x10 .\CortexM0\ARM_GCC_541\Debug\teamProject.a(ADC.o)
 .text.ADC_SetSatMask
                0x00000000       0x10 .\CortexM0\ARM_GCC_541\Debug\teamProject.a(ADC.o)
 .text.ADC_SetOffset
                0x00000000       0x1c .\CortexM0\ARM_GCC_541\Debug\teamProject.a(ADC.o)
 .text.ADC_SetGain
                0x00000000       0x1c .\CortexM0\ARM_GCC_541\Debug\teamProject.a(ADC.o)
 .text.ADC_CountsTo_uVolts
                0x00000000       0x40 .\CortexM0\ARM_GCC_541\Debug\teamProject.a(ADC.o)
 .text.ADC_CountsTo_Volts
                0x00000000       0x48 .\CortexM0\ARM_GCC_541\Debug\teamProject.a(ADC.o)
 .text          0x00000000        0x0 .\CortexM0\ARM_GCC_541\Debug\teamProject.a(ADC_INT.o)
 .data          0x00000000        0x0 .\CortexM0\ARM_GCC_541\Debug\teamProject.a(ADC_INT.o)
 .bss           0x00000000        0x0 .\CortexM0\ARM_GCC_541\Debug\teamProject.a(ADC_INT.o)
 .text          0x00000000        0x0 .\CortexM0\ARM_GCC_541\Debug\teamProject.a(LCD.o)
 .data          0x00000000        0x0 .\CortexM0\ARM_GCC_541\Debug\teamProject.a(LCD.o)
 .text.LCD_PutChar
                0x00000000        0x8 .\CortexM0\ARM_GCC_541\Debug\teamProject.a(LCD.o)
 .text.LCD_Stop
                0x00000000       0x14 .\CortexM0\ARM_GCC_541\Debug\teamProject.a(LCD.o)
 .text.LCD_PrintInt8
                0x00000000       0x20 .\CortexM0\ARM_GCC_541\Debug\teamProject.a(LCD.o)
 .text.LCD_PrintInt16
                0x00000000       0x14 .\CortexM0\ARM_GCC_541\Debug\teamProject.a(LCD.o)
 .text.LCD_PrintInt32
                0x00000000       0x1c .\CortexM0\ARM_GCC_541\Debug\teamProject.a(LCD.o)
 .rodata        0x00000000       0x10 .\CortexM0\ARM_GCC_541\Debug\teamProject.a(LCD.o)
 .text          0x00000000        0x0 .\CortexM0\ARM_GCC_541\Debug\teamProject.a(Status_Reg.o)
 .data          0x00000000        0x0 .\CortexM0\ARM_GCC_541\Debug\teamProject.a(Status_Reg.o)
 .bss           0x00000000        0x0 .\CortexM0\ARM_GCC_541\Debug\teamProject.a(Status_Reg.o)
 .text.Status_Reg_InterruptEnable
                0x00000000       0x1c .\CortexM0\ARM_GCC_541\Debug\teamProject.a(Status_Reg.o)
 .text.Status_Reg_InterruptDisable
                0x00000000       0x1c .\CortexM0\ARM_GCC_541\Debug\teamProject.a(Status_Reg.o)
 .text.Status_Reg_WriteMask
                0x00000000       0x10 .\CortexM0\ARM_GCC_541\Debug\teamProject.a(Status_Reg.o)
 .text.Status_Reg_ReadMask
                0x00000000        0xc .\CortexM0\ARM_GCC_541\Debug\teamProject.a(Status_Reg.o)
 .text          0x00000000        0x0 .\CortexM0\ARM_GCC_541\Debug\teamProject.a(Buzz_PWM.o)
 .data          0x00000000        0x0 .\CortexM0\ARM_GCC_541\Debug\teamProject.a(Buzz_PWM.o)
 .text.Buzz_PWM_SetMode
                0x00000000       0x28 .\CortexM0\ARM_GCC_541\Debug\teamProject.a(Buzz_PWM.o)
 .text.Buzz_PWM_SetQDMode
                0x00000000       0x28 .\CortexM0\ARM_GCC_541\Debug\teamProject.a(Buzz_PWM.o)
 .text.Buzz_PWM_SetPrescaler
                0x00000000       0x28 .\CortexM0\ARM_GCC_541\Debug\teamProject.a(Buzz_PWM.o)
 .text.Buzz_PWM_SetOneShot
                0x00000000       0x30 .\CortexM0\ARM_GCC_541\Debug\teamProject.a(Buzz_PWM.o)
 .text.Buzz_PWM_SetPWMMode
                0x00000000       0x10 .\CortexM0\ARM_GCC_541\Debug\teamProject.a(Buzz_PWM.o)
 .text.Buzz_PWM_SetPWMSyncKill
                0x00000000       0x28 .\CortexM0\ARM_GCC_541\Debug\teamProject.a(Buzz_PWM.o)
 .text.Buzz_PWM_SetPWMStopOnKill
                0x00000000       0x28 .\CortexM0\ARM_GCC_541\Debug\teamProject.a(Buzz_PWM.o)
 .text.Buzz_PWM_SetPWMDeadTime
                0x00000000       0x2c .\CortexM0\ARM_GCC_541\Debug\teamProject.a(Buzz_PWM.o)
 .text.Buzz_PWM_SetPWMInvert
                0x00000000       0x28 .\CortexM0\ARM_GCC_541\Debug\teamProject.a(Buzz_PWM.o)
 .text.Buzz_PWM_ReadCounter
                0x00000000       0x10 .\CortexM0\ARM_GCC_541\Debug\teamProject.a(Buzz_PWM.o)
 .text.Buzz_PWM_SetCounterMode
                0x00000000       0x28 .\CortexM0\ARM_GCC_541\Debug\teamProject.a(Buzz_PWM.o)
 .text.Buzz_PWM_ReadPeriod
                0x00000000       0x10 .\CortexM0\ARM_GCC_541\Debug\teamProject.a(Buzz_PWM.o)
 .text.Buzz_PWM_SetCompareSwap
                0x00000000       0x24 .\CortexM0\ARM_GCC_541\Debug\teamProject.a(Buzz_PWM.o)
 .text.Buzz_PWM_WritePeriodBuf
                0x00000000       0x10 .\CortexM0\ARM_GCC_541\Debug\teamProject.a(Buzz_PWM.o)
 .text.Buzz_PWM_ReadPeriodBuf
                0x00000000       0x10 .\CortexM0\ARM_GCC_541\Debug\teamProject.a(Buzz_PWM.o)
 .text.Buzz_PWM_SetPeriodSwap
                0x00000000       0x28 .\CortexM0\ARM_GCC_541\Debug\teamProject.a(Buzz_PWM.o)
 .text.Buzz_PWM_ReadCompare
                0x00000000       0x10 .\CortexM0\ARM_GCC_541\Debug\teamProject.a(Buzz_PWM.o)
 .text.Buzz_PWM_WriteCompareBuf
                0x00000000       0x10 .\CortexM0\ARM_GCC_541\Debug\teamProject.a(Buzz_PWM.o)
 .text.Buzz_PWM_ReadCompareBuf
                0x00000000       0x10 .\CortexM0\ARM_GCC_541\Debug\teamProject.a(Buzz_PWM.o)
 .text.Buzz_PWM_ReadCapture
                0x00000000       0x10 .\CortexM0\ARM_GCC_541\Debug\teamProject.a(Buzz_PWM.o)
 .text.Buzz_PWM_ReadCaptureBuf
                0x00000000       0x10 .\CortexM0\ARM_GCC_541\Debug\teamProject.a(Buzz_PWM.o)
 .text.Buzz_PWM_SetCaptureMode
                0x00000000       0x24 .\CortexM0\ARM_GCC_541\Debug\teamProject.a(Buzz_PWM.o)
 .text.Buzz_PWM_SetReloadMode
                0x00000000       0x24 .\CortexM0\ARM_GCC_541\Debug\teamProject.a(Buzz_PWM.o)
 .text.Buzz_PWM_SetStartMode
                0x00000000       0x28 .\CortexM0\ARM_GCC_541\Debug\teamProject.a(Buzz_PWM.o)
 .text.Buzz_PWM_SetStopMode
                0x00000000       0x24 .\CortexM0\ARM_GCC_541\Debug\teamProject.a(Buzz_PWM.o)
 .text.Buzz_PWM_SetCountMode
                0x00000000       0x24 .\CortexM0\ARM_GCC_541\Debug\teamProject.a(Buzz_PWM.o)
 .text.Buzz_PWM_ReadStatus
                0x00000000       0x14 .\CortexM0\ARM_GCC_541\Debug\teamProject.a(Buzz_PWM.o)
 .text.Buzz_PWM_GetInterruptSourceMasked
                0x00000000        0xc .\CortexM0\ARM_GCC_541\Debug\teamProject.a(Buzz_PWM.o)
 .text.Buzz_PWM_GetInterruptSource
                0x00000000        0xc .\CortexM0\ARM_GCC_541\Debug\teamProject.a(Buzz_PWM.o)
 .text.Buzz_PWM_ClearInterrupt
                0x00000000        0xc .\CortexM0\ARM_GCC_541\Debug\teamProject.a(Buzz_PWM.o)
 .text.Buzz_PWM_SetInterrupt
                0x00000000        0xc .\CortexM0\ARM_GCC_541\Debug\teamProject.a(Buzz_PWM.o)
 .text          0x00000000        0x0 .\CortexM0\ARM_GCC_541\Debug\teamProject.a(Buzz_PWM_PM.o)
 .data          0x00000000        0x0 .\CortexM0\ARM_GCC_541\Debug\teamProject.a(Buzz_PWM_PM.o)
 .text.Buzz_PWM_SaveConfig
                0x00000000        0x4 .\CortexM0\ARM_GCC_541\Debug\teamProject.a(Buzz_PWM_PM.o)
 .text.Buzz_PWM_RestoreConfig
                0x00000000        0x4 .\CortexM0\ARM_GCC_541\Debug\teamProject.a(Buzz_PWM_PM.o)
 .data          0x00000000        0x0 .\CortexM0\ARM_GCC_541\Debug\teamProject.a(CyBootAsmGnu.o)
 .bss           0x00000000        0x0 .\CortexM0\ARM_GCC_541\Debug\teamProject.a(CyBootAsmGnu.o)
 .data          0x00000000        0x0 c:/program files (x86)/cypress/psoc creator/4.4/psoc creator/import/gnu/arm/5.4.1/bin/../lib/gcc/arm-none-eabi/5.4.1/armv6-m\libgcc.a(_udivsi3.o)
 .bss           0x00000000        0x0 c:/program files (x86)/cypress/psoc creator/4.4/psoc creator/import/gnu/arm/5.4.1/bin/../lib/gcc/arm-none-eabi/5.4.1/armv6-m\libgcc.a(_udivsi3.o)
 .data          0x00000000        0x0 c:/program files (x86)/cypress/psoc creator/4.4/psoc creator/import/gnu/arm/5.4.1/bin/../lib/gcc/arm-none-eabi/5.4.1/armv6-m\libgcc.a(_divsi3.o)
 .bss           0x00000000        0x0 c:/program files (x86)/cypress/psoc creator/4.4/psoc creator/import/gnu/arm/5.4.1/bin/../lib/gcc/arm-none-eabi/5.4.1/armv6-m\libgcc.a(_divsi3.o)
 .data          0x00000000        0x0 c:/program files (x86)/cypress/psoc creator/4.4/psoc creator/import/gnu/arm/5.4.1/bin/../lib/gcc/arm-none-eabi/5.4.1/armv6-m\libgcc.a(_dvmd_tls.o)
 .bss           0x00000000        0x0 c:/program files (x86)/cypress/psoc creator/4.4/psoc creator/import/gnu/arm/5.4.1/bin/../lib/gcc/arm-none-eabi/5.4.1/armv6-m\libgcc.a(_dvmd_tls.o)
 .text          0x00000000       0x48 c:/program files (x86)/cypress/psoc creator/4.4/psoc creator/import/gnu/arm/5.4.1/bin/../lib/gcc/arm-none-eabi/5.4.1/armv6-m\libgcc.a(_aeabi_ldivmod.o)
 .data          0x00000000        0x0 c:/program files (x86)/cypress/psoc creator/4.4/psoc creator/import/gnu/arm/5.4.1/bin/../lib/gcc/arm-none-eabi/5.4.1/armv6-m\libgcc.a(_aeabi_ldivmod.o)
 .bss           0x00000000        0x0 c:/program files (x86)/cypress/psoc creator/4.4/psoc creator/import/gnu/arm/5.4.1/bin/../lib/gcc/arm-none-eabi/5.4.1/armv6-m\libgcc.a(_aeabi_ldivmod.o)
 .text          0x00000000       0x58 c:/program files (x86)/cypress/psoc creator/4.4/psoc creator/import/gnu/arm/5.4.1/bin/../lib/gcc/arm-none-eabi/5.4.1/armv6-m\libgcc.a(_muldi3.o)
 .data          0x00000000        0x0 c:/program files (x86)/cypress/psoc creator/4.4/psoc creator/import/gnu/arm/5.4.1/bin/../lib/gcc/arm-none-eabi/5.4.1/armv6-m\libgcc.a(_muldi3.o)
 .bss           0x00000000        0x0 c:/program files (x86)/cypress/psoc creator/4.4/psoc creator/import/gnu/arm/5.4.1/bin/../lib/gcc/arm-none-eabi/5.4.1/armv6-m\libgcc.a(_muldi3.o)
 .text          0x00000000       0x38 c:/program files (x86)/cypress/psoc creator/4.4/psoc creator/import/gnu/arm/5.4.1/bin/../lib/gcc/arm-none-eabi/5.4.1/armv6-m\libgcc.a(bpabi.o)
 .data          0x00000000        0x0 c:/program files (x86)/cypress/psoc creator/4.4/psoc creator/import/gnu/arm/5.4.1/bin/../lib/gcc/arm-none-eabi/5.4.1/armv6-m\libgcc.a(bpabi.o)
 .bss           0x00000000        0x0 c:/program files (x86)/cypress/psoc creator/4.4/psoc creator/import/gnu/arm/5.4.1/bin/../lib/gcc/arm-none-eabi/5.4.1/armv6-m\libgcc.a(bpabi.o)
 .text          0x00000000      0x234 c:/program files (x86)/cypress/psoc creator/4.4/psoc creator/import/gnu/arm/5.4.1/bin/../lib/gcc/arm-none-eabi/5.4.1/armv6-m\libgcc.a(divsf3.o)
 .data          0x00000000        0x0 c:/program files (x86)/cypress/psoc creator/4.4/psoc creator/import/gnu/arm/5.4.1/bin/../lib/gcc/arm-none-eabi/5.4.1/armv6-m\libgcc.a(divsf3.o)
 .bss           0x00000000        0x0 c:/program files (x86)/cypress/psoc creator/4.4/psoc creator/import/gnu/arm/5.4.1/bin/../lib/gcc/arm-none-eabi/5.4.1/armv6-m\libgcc.a(divsf3.o)
 .rodata        0x00000000       0x80 c:/program files (x86)/cypress/psoc creator/4.4/psoc creator/import/gnu/arm/5.4.1/bin/../lib/gcc/arm-none-eabi/5.4.1/armv6-m\libgcc.a(divsf3.o)
 .text          0x00000000      0x228 c:/program files (x86)/cypress/psoc creator/4.4/psoc creator/import/gnu/arm/5.4.1/bin/../lib/gcc/arm-none-eabi/5.4.1/armv6-m\libgcc.a(mulsf3.o)
 .data          0x00000000        0x0 c:/program files (x86)/cypress/psoc creator/4.4/psoc creator/import/gnu/arm/5.4.1/bin/../lib/gcc/arm-none-eabi/5.4.1/armv6-m\libgcc.a(mulsf3.o)
 .bss           0x00000000        0x0 c:/program files (x86)/cypress/psoc creator/4.4/psoc creator/import/gnu/arm/5.4.1/bin/../lib/gcc/arm-none-eabi/5.4.1/armv6-m\libgcc.a(mulsf3.o)
 .rodata        0x00000000       0x40 c:/program files (x86)/cypress/psoc creator/4.4/psoc creator/import/gnu/arm/5.4.1/bin/../lib/gcc/arm-none-eabi/5.4.1/armv6-m\libgcc.a(mulsf3.o)
 .text          0x00000000       0x90 c:/program files (x86)/cypress/psoc creator/4.4/psoc creator/import/gnu/arm/5.4.1/bin/../lib/gcc/arm-none-eabi/5.4.1/armv6-m\libgcc.a(floatsisf.o)
 .data          0x00000000        0x0 c:/program files (x86)/cypress/psoc creator/4.4/psoc creator/import/gnu/arm/5.4.1/bin/../lib/gcc/arm-none-eabi/5.4.1/armv6-m\libgcc.a(floatsisf.o)
 .bss           0x00000000        0x0 c:/program files (x86)/cypress/psoc creator/4.4/psoc creator/import/gnu/arm/5.4.1/bin/../lib/gcc/arm-none-eabi/5.4.1/armv6-m\libgcc.a(floatsisf.o)
 .text          0x00000000       0x3c c:/program files (x86)/cypress/psoc creator/4.4/psoc creator/import/gnu/arm/5.4.1/bin/../lib/gcc/arm-none-eabi/5.4.1/armv6-m\libgcc.a(_clzsi2.o)
 .data          0x00000000        0x0 c:/program files (x86)/cypress/psoc creator/4.4/psoc creator/import/gnu/arm/5.4.1/bin/../lib/gcc/arm-none-eabi/5.4.1/armv6-m\libgcc.a(_clzsi2.o)
 .bss           0x00000000        0x0 c:/program files (x86)/cypress/psoc creator/4.4/psoc creator/import/gnu/arm/5.4.1/bin/../lib/gcc/arm-none-eabi/5.4.1/armv6-m\libgcc.a(_clzsi2.o)
 .text          0x00000000      0x1bc c:/program files (x86)/cypress/psoc creator/4.4/psoc creator/import/gnu/arm/5.4.1/bin/../lib/gcc/arm-none-eabi/5.4.1/armv6-m\libgcc.a(_divdi3.o)
 .data          0x00000000        0x0 c:/program files (x86)/cypress/psoc creator/4.4/psoc creator/import/gnu/arm/5.4.1/bin/../lib/gcc/arm-none-eabi/5.4.1/armv6-m\libgcc.a(_divdi3.o)
 .bss           0x00000000        0x0 c:/program files (x86)/cypress/psoc creator/4.4/psoc creator/import/gnu/arm/5.4.1/bin/../lib/gcc/arm-none-eabi/5.4.1/armv6-m\libgcc.a(_divdi3.o)
 .ARM.extab     0x00000000        0x0 c:/program files (x86)/cypress/psoc creator/4.4/psoc creator/import/gnu/arm/5.4.1/bin/../lib/gcc/arm-none-eabi/5.4.1/armv6-m\libgcc.a(_divdi3.o)
 .ARM.exidx     0x00000000        0x8 c:/program files (x86)/cypress/psoc creator/4.4/psoc creator/import/gnu/arm/5.4.1/bin/../lib/gcc/arm-none-eabi/5.4.1/armv6-m\libgcc.a(_divdi3.o)
 .text          0x00000000       0x18 c:/program files (x86)/cypress/psoc creator/4.4/psoc creator/import/gnu/arm/5.4.1/bin/../lib/gcc/arm-none-eabi/5.4.1/armv6-m\libgcc.a(_clzdi2.o)
 .data          0x00000000        0x0 c:/program files (x86)/cypress/psoc creator/4.4/psoc creator/import/gnu/arm/5.4.1/bin/../lib/gcc/arm-none-eabi/5.4.1/armv6-m\libgcc.a(_clzdi2.o)
 .bss           0x00000000        0x0 c:/program files (x86)/cypress/psoc creator/4.4/psoc creator/import/gnu/arm/5.4.1/bin/../lib/gcc/arm-none-eabi/5.4.1/armv6-m\libgcc.a(_clzdi2.o)
 .text          0x00000000        0x0 c:/program files (x86)/cypress/psoc creator/4.4/psoc creator/import/gnu/arm/5.4.1/bin/../lib/gcc/arm-none-eabi/5.4.1/../../../../arm-none-eabi/lib/armv6-m\libg_nano.a(lib_a-errno.o)
 .data          0x00000000        0x0 c:/program files (x86)/cypress/psoc creator/4.4/psoc creator/import/gnu/arm/5.4.1/bin/../lib/gcc/arm-none-eabi/5.4.1/../../../../arm-none-eabi/lib/armv6-m\libg_nano.a(lib_a-errno.o)
 .bss           0x00000000        0x0 c:/program files (x86)/cypress/psoc creator/4.4/psoc creator/import/gnu/arm/5.4.1/bin/../lib/gcc/arm-none-eabi/5.4.1/../../../../arm-none-eabi/lib/armv6-m\libg_nano.a(lib_a-errno.o)
 .text          0x00000000        0x0 c:/program files (x86)/cypress/psoc creator/4.4/psoc creator/import/gnu/arm/5.4.1/bin/../lib/gcc/arm-none-eabi/5.4.1/../../../../arm-none-eabi/lib/armv6-m\libg_nano.a(lib_a-exit.o)
 .data          0x00000000        0x0 c:/program files (x86)/cypress/psoc creator/4.4/psoc creator/import/gnu/arm/5.4.1/bin/../lib/gcc/arm-none-eabi/5.4.1/../../../../arm-none-eabi/lib/armv6-m\libg_nano.a(lib_a-exit.o)
 .bss           0x00000000        0x0 c:/program files (x86)/cypress/psoc creator/4.4/psoc creator/import/gnu/arm/5.4.1/bin/../lib/gcc/arm-none-eabi/5.4.1/../../../../arm-none-eabi/lib/armv6-m\libg_nano.a(lib_a-exit.o)
 .text.exit     0x00000000       0x2c c:/program files (x86)/cypress/psoc creator/4.4/psoc creator/import/gnu/arm/5.4.1/bin/../lib/gcc/arm-none-eabi/5.4.1/../../../../arm-none-eabi/lib/armv6-m\libg_nano.a(lib_a-exit.o)
 .text          0x00000000        0x0 c:/program files (x86)/cypress/psoc creator/4.4/psoc creator/import/gnu/arm/5.4.1/bin/../lib/gcc/arm-none-eabi/5.4.1/../../../../arm-none-eabi/lib/armv6-m\libg_nano.a(lib_a-impure.o)
 .data          0x00000000        0x0 c:/program files (x86)/cypress/psoc creator/4.4/psoc creator/import/gnu/arm/5.4.1/bin/../lib/gcc/arm-none-eabi/5.4.1/../../../../arm-none-eabi/lib/armv6-m\libg_nano.a(lib_a-impure.o)
 .bss           0x00000000        0x0 c:/program files (x86)/cypress/psoc creator/4.4/psoc creator/import/gnu/arm/5.4.1/bin/../lib/gcc/arm-none-eabi/5.4.1/../../../../arm-none-eabi/lib/armv6-m\libg_nano.a(lib_a-impure.o)
 .rodata._global_impure_ptr
                0x00000000        0x4 c:/program files (x86)/cypress/psoc creator/4.4/psoc creator/import/gnu/arm/5.4.1/bin/../lib/gcc/arm-none-eabi/5.4.1/../../../../arm-none-eabi/lib/armv6-m\libg_nano.a(lib_a-impure.o)
 .text          0x00000000        0x0 c:/program files (x86)/cypress/psoc creator/4.4/psoc creator/import/gnu/arm/5.4.1/bin/../lib/gcc/arm-none-eabi/5.4.1/../../../../arm-none-eabi/lib/armv6-m\libg_nano.a(lib_a-init.o)
 .data          0x00000000        0x0 c:/program files (x86)/cypress/psoc creator/4.4/psoc creator/import/gnu/arm/5.4.1/bin/../lib/gcc/arm-none-eabi/5.4.1/../../../../arm-none-eabi/lib/armv6-m\libg_nano.a(lib_a-init.o)
 .bss           0x00000000        0x0 c:/program files (x86)/cypress/psoc creator/4.4/psoc creator/import/gnu/arm/5.4.1/bin/../lib/gcc/arm-none-eabi/5.4.1/../../../../arm-none-eabi/lib/armv6-m\libg_nano.a(lib_a-init.o)
 .text          0x00000000        0x0 c:/program files (x86)/cypress/psoc creator/4.4/psoc creator/import/gnu/arm/5.4.1/bin/../lib/gcc/arm-none-eabi/5.4.1/../../../../arm-none-eabi/lib/armv6-m\libg_nano.a(lib_a-memset.o)
 .data          0x00000000        0x0 c:/program files (x86)/cypress/psoc creator/4.4/psoc creator/import/gnu/arm/5.4.1/bin/../lib/gcc/arm-none-eabi/5.4.1/../../../../arm-none-eabi/lib/armv6-m\libg_nano.a(lib_a-memset.o)
 .bss           0x00000000        0x0 c:/program files (x86)/cypress/psoc creator/4.4/psoc creator/import/gnu/arm/5.4.1/bin/../lib/gcc/arm-none-eabi/5.4.1/../../../../arm-none-eabi/lib/armv6-m\libg_nano.a(lib_a-memset.o)
 .text          0x00000000        0x0 c:/program files (x86)/cypress/psoc creator/4.4/psoc creator/import/gnu/arm/5.4.1/bin/../lib/gcc/arm-none-eabi/5.4.1/armv6-m/crtend.o
 .data          0x00000000        0x0 c:/program files (x86)/cypress/psoc creator/4.4/psoc creator/import/gnu/arm/5.4.1/bin/../lib/gcc/arm-none-eabi/5.4.1/armv6-m/crtend.o
 .bss           0x00000000        0x0 c:/program files (x86)/cypress/psoc creator/4.4/psoc creator/import/gnu/arm/5.4.1/bin/../lib/gcc/arm-none-eabi/5.4.1/armv6-m/crtend.o
 .text          0x00000000        0x0 c:/program files (x86)/cypress/psoc creator/4.4/psoc creator/import/gnu/arm/5.4.1/bin/../lib/gcc/arm-none-eabi/5.4.1/armv6-m/crtn.o
 .data          0x00000000        0x0 c:/program files (x86)/cypress/psoc creator/4.4/psoc creator/import/gnu/arm/5.4.1/bin/../lib/gcc/arm-none-eabi/5.4.1/armv6-m/crtn.o
 .bss           0x00000000        0x0 c:/program files (x86)/cypress/psoc creator/4.4/psoc creator/import/gnu/arm/5.4.1/bin/../lib/gcc/arm-none-eabi/5.4.1/armv6-m/crtn.o

Memory Configuration

Name             Origin             Length             Attributes
rom              0x00000000         0x00008000         xr
ram              0x20000000         0x00001000         xrw
*default*        0x00000000         0xffffffff

Linker script and memory map

LOAD c:/program files (x86)/cypress/psoc creator/4.4/psoc creator/import/gnu/arm/5.4.1/bin/../lib/gcc/arm-none-eabi/5.4.1/armv6-m/crti.o
LOAD c:/program files (x86)/cypress/psoc creator/4.4/psoc creator/import/gnu/arm/5.4.1/bin/../lib/gcc/arm-none-eabi/5.4.1/armv6-m/crtbegin.o
LOAD c:/program files (x86)/cypress/psoc creator/4.4/psoc creator/import/gnu/arm/5.4.1/bin/../lib/gcc/arm-none-eabi/5.4.1/../../../../arm-none-eabi/lib/armv6-m/crt0.o
START GROUP
LOAD .\CortexM0\ARM_GCC_541\Debug\main.o
LOAD .\CortexM0\ARM_GCC_541\Debug\cyfitter_cfg.o
LOAD .\CortexM0\ARM_GCC_541\Debug\cymetadata.o
LOAD .\CortexM0\ARM_GCC_541\Debug\Cm0Start.o
LOAD .\CortexM0\ARM_GCC_541\Debug\teamProject.a
END GROUP
START GROUP
LOAD c:/program files (x86)/cypress/psoc creator/4.4/psoc creator/import/gnu/arm/5.4.1/bin/../lib/gcc/arm-none-eabi/5.4.1/armv6-m\libgcc.a
LOAD c:/program files (x86)/cypress/psoc creator/4.4/psoc creator/import/gnu/arm/5.4.1/bin/../lib/gcc/arm-none-eabi/5.4.1/../../../../arm-none-eabi/lib/armv6-m\libg_nano.a
LOAD c:/program files (x86)/cypress/psoc creator/4.4/psoc creator/import/gnu/arm/5.4.1/bin/../lib/gcc/arm-none-eabi/5.4.1/../../../../arm-none-eabi/lib/armv6-m\libc_nano.a
END GROUP
START GROUP
LOAD c:/program files (x86)/cypress/psoc creator/4.4/psoc creator/import/gnu/arm/5.4.1/bin/../lib/gcc/arm-none-eabi/5.4.1/armv6-m\libgcc.a
LOAD c:/program files (x86)/cypress/psoc creator/4.4/psoc creator/import/gnu/arm/5.4.1/bin/../lib/gcc/arm-none-eabi/5.4.1/../../../../arm-none-eabi/lib/armv6-m\libc_nano.a
END GROUP
LOAD c:/program files (x86)/cypress/psoc creator/4.4/psoc creator/import/gnu/arm/5.4.1/bin/../lib/gcc/arm-none-eabi/5.4.1/armv6-m/crtend.o
LOAD c:/program files (x86)/cypress/psoc creator/4.4/psoc creator/import/gnu/arm/5.4.1/bin/../lib/gcc/arm-none-eabi/5.4.1/armv6-m/crtn.o
START GROUP
LOAD c:/program files (x86)/cypress/psoc creator/4.4/psoc creator/import/gnu/arm/5.4.1/bin/../lib/gcc/arm-none-eabi/5.4.1/armv6-m\libgcc.a
LOAD c:/program files (x86)/cypress/psoc creator/4.4/psoc creator/import/gnu/arm/5.4.1/bin/../lib/gcc/arm-none-eabi/5.4.1/../../../../arm-none-eabi/lib/armv6-m\libc.a
LOAD c:/program files (x86)/cypress/psoc creator/4.4/psoc creator/import/gnu/arm/5.4.1/bin/../lib/gcc/arm-none-eabi/5.4.1/../../../../arm-none-eabi/lib/armv6-m\libnosys.a
END GROUP
                0x00000000                CY_APPL_ORIGIN = 0x0
                0x00000080                CY_FLASH_ROW_SIZE = 0x80
                0x00000001                CY_APPL_NUM = 0x1
                0x00000001                CY_APPL_MAX = 0x1
                0x00000040                CY_METADATA_SIZE = 0x40
                0x00000000                CY_APPL_LOADABLE = 0x0
                0x00000000                CY_CHECKSUM_EXCLUDE_SIZE = ALIGN (0x0, CY_FLASH_ROW_SIZE)
                0x00000000                CY_APP_FOR_STACK_AND_COPIER = 0x0
                [!provide]                PROVIDE (__cy_heap_start, _end)
                0x00000001                PROVIDE (__cy_region_num, ((__cy_regions_end - __cy_regions) / 0x10))
                0x20001000                PROVIDE (__cy_stack, (ORIGIN (ram) + LENGTH (ram)))
                [!provide]                PROVIDE (__cy_heap_end, (__cy_stack - 0x400))

.cybootloader   0x00000000        0x0
 *(.cybootloader)
                0x00000000                appl1_start = CY_APPL_ORIGIN?CY_APPL_ORIGIN:ALIGN (CY_FLASH_ROW_SIZE)
                0x00003f80                appl2_start = (appl1_start + ALIGN ((((LENGTH (rom) - appl1_start) - (0x2 * CY_FLASH_ROW_SIZE)) / 0x2), CY_FLASH_ROW_SIZE))
                0x00000000                appl_start = (CY_APPL_NUM == 0x1)?appl1_start:appl2_start
                0x00000001                cy_project_type_bootloader = (appl_start == 0x0)?0x1:0x0
                0x00000000                cy_project_type_app_for_stack_and_copier = (CY_APP_FOR_STACK_AND_COPIER == 0x1)?0x1:0x0

.text           0x00000000     0x17d8
 CREATE_OBJECT_SYMBOLS
                0x00000000                PROVIDE (__cy_interrupt_vector, RomVectors)
 *(.romvectors)
 .romvectors    0x00000000       0x10 .\CortexM0\ARM_GCC_541\Debug\Cm0Start.o
                0x00000000                RomVectors
                0x00000001                ASSERT ((. != __cy_interrupt_vector), No interrupt vector)
                0x00000001                ASSERT (CY_APPL_ORIGIN?(SIZEOF (.cybootloader) <= CY_APPL_ORIGIN):0x1, Wrong image location)
                0x00000010                PROVIDE (__cy_reset, Reset)
 *(.text.Reset)
 .text.Reset    0x00000010        0x8 .\CortexM0\ARM_GCC_541\Debug\Cm0Start.o
                0x00000010                Reset
                0x00000001                ASSERT ((. != __cy_reset), No reset code)
 *(.psocinit)
 .psocinit      0x00000018      0x1e8 .\CortexM0\ARM_GCC_541\Debug\cyfitter_cfg.o
                0x000000c0                cyfitter_cfg
                0x00000200                . = MAX (., 0x100)
 *(.text .text.* .gnu.linkonce.t.*)
 .text          0x00000200       0x60 c:/program files (x86)/cypress/psoc creator/4.4/psoc creator/import/gnu/arm/5.4.1/bin/../lib/gcc/arm-none-eabi/5.4.1/armv6-m/crtbegin.o
 .text.Buzz_Play_SuccesMelody
                0x00000260       0xb8 .\CortexM0\ARM_GCC_541\Debug\main.o
                0x00000260                Buzz_Play_SuccesMelody
 .text.Buzz_Play_DefMelody
                0x00000318       0x6c .\CortexM0\ARM_GCC_541\Debug\main.o
                0x00000318                Buzz_Play_DefMelody
 .text.Buzz_Play_ButtMelody
                0x00000384       0x84 .\CortexM0\ARM_GCC_541\Debug\main.o
                0x00000384                Buzz_Play_ButtMelody
 .text.main     0x00000408      0x128 .\CortexM0\ARM_GCC_541\Debug\main.o
                0x00000408                main
 .text.cfg_write_bytes32
                0x00000530       0x34 .\CortexM0\ARM_GCC_541\Debug\cyfitter_cfg.o
 .text.CYMEMZERO
                0x00000564        0xc .\CortexM0\ARM_GCC_541\Debug\cyfitter_cfg.o
 .text.SetAnalogRoutingPumps
                0x00000570       0x20 .\CortexM0\ARM_GCC_541\Debug\cyfitter_cfg.o
                0x00000570                SetAnalogRoutingPumps
 .text.AnalogSetDefault
                0x00000590       0x14 .\CortexM0\ARM_GCC_541\Debug\cyfitter_cfg.o
 .text.IntDefaultHandler
                0x000005a4       0x10 .\CortexM0\ARM_GCC_541\Debug\Cm0Start.o
                0x000005a4                IntDefaultHandler
 .text.Start_c  0x000005b4       0x48 .\CortexM0\ARM_GCC_541\Debug\Cm0Start.o
                0x000005b4                Start_c
 .text.initialize_psoc
                0x000005fc       0x40 .\CortexM0\ARM_GCC_541\Debug\Cm0Start.o
                0x000005fc                initialize_psoc
 .text.EZI2C_ScbEnableIntr
                0x0000063c        0xc .\CortexM0\ARM_GCC_541\Debug\teamProject.a(EZI2C.o)
 .text.EZI2C_Init
                0x00000648        0x8 .\CortexM0\ARM_GCC_541\Debug\teamProject.a(EZI2C.o)
                0x00000648                EZI2C_Init
 .text.EZI2C_Enable
                0x00000650       0x18 .\CortexM0\ARM_GCC_541\Debug\teamProject.a(EZI2C.o)
                0x00000650                EZI2C_Enable
 .text.EZI2C_Start
                0x00000668       0x20 .\CortexM0\ARM_GCC_541\Debug\teamProject.a(EZI2C.o)
                0x00000668                EZI2C_Start
 .text.EZI2C_I2CSlaveNackGeneration
                0x00000688       0x3c .\CortexM0\ARM_GCC_541\Debug\teamProject.a(EZI2C.o)
                0x00000688                EZI2C_I2CSlaveNackGeneration
 .text.EZI2C_EzI2CInit
                0x000006c4       0xd0 .\CortexM0\ARM_GCC_541\Debug\teamProject.a(EZI2C_EZI2C.o)
                0x000006c4                EZI2C_EzI2CInit
 .text.EZI2C_EzI2CSetBuffer1
                0x00000794       0x30 .\CortexM0\ARM_GCC_541\Debug\teamProject.a(EZI2C_EZI2C.o)
                0x00000794                EZI2C_EzI2CSetBuffer1
 .text.EZI2C_EZI2C_STRETCH_ISR
                0x000007c4      0x330 .\CortexM0\ARM_GCC_541\Debug\teamProject.a(EZI2C_EZI2C_INT.o)
                0x000007c4                EZI2C_EZI2C_STRETCH_ISR
 .text.CyIntEnable
                0x00000af4       0x14 .\CortexM0\ARM_GCC_541\Debug\teamProject.a(CyLib.o)
                0x00000af4                CyIntEnable
 .text.CyIntDisable
                0x00000b08       0x14 .\CortexM0\ARM_GCC_541\Debug\teamProject.a(CyLib.o)
                0x00000b08                CyIntDisable
 .text.CyHalt   0x00000b1c        0x4 .\CortexM0\ARM_GCC_541\Debug\teamProject.a(CyLib.o)
                0x00000b1c                CyHalt
 .text.CyIntSetVector
                0x00000b20       0x24 .\CortexM0\ARM_GCC_541\Debug\teamProject.a(CyLib.o)
                0x00000b20                CyIntSetVector
 .text.CyIntSetPriority
                0x00000b44       0x4c .\CortexM0\ARM_GCC_541\Debug\teamProject.a(CyLib.o)
                0x00000b44                CyIntSetPriority
 .text.CyDelay  0x00000b90       0x30 .\CortexM0\ARM_GCC_541\Debug\teamProject.a(CyLib.o)
                0x00000b90                CyDelay
 .text.CyDelayUs
                0x00000bc0       0x14 .\CortexM0\ARM_GCC_541\Debug\teamProject.a(CyLib.o)
                0x00000bc0                CyDelayUs
 .text.CySysClkWriteImoFreq
                0x00000bd4      0x164 .\CortexM0\ARM_GCC_541\Debug\teamProject.a(CyLib.o)
                0x00000bd4                CySysClkWriteImoFreq
 .text.CySysWdtLocked
                0x00000d38       0x14 .\CortexM0\ARM_GCC_541\Debug\teamProject.a(CyLFClk.o)
 .text.CySysWdtLock
                0x00000d4c       0x1c .\CortexM0\ARM_GCC_541\Debug\teamProject.a(CyLFClk.o)
                0x00000d4c                CySysWdtLock
 .text.CySysWdtUnlock
                0x00000d68       0x30 .\CortexM0\ARM_GCC_541\Debug\teamProject.a(CyLFClk.o)
                0x00000d68                CySysWdtUnlock
 .text.CySysWdtClearInterrupt
                0x00000d98       0x4c .\CortexM0\ARM_GCC_541\Debug\teamProject.a(CyLFClk.o)
                0x00000d98                CySysWdtClearInterrupt
 .text.CySysWdtIsr
                0x00000de4       0xa4 .\CortexM0\ARM_GCC_541\Debug\teamProject.a(CyLFClk.o)
                0x00000de4                CySysWdtIsr
 .text.ADC_Init
                0x00000e88       0xf0 .\CortexM0\ARM_GCC_541\Debug\teamProject.a(ADC.o)
                0x00000e88                ADC_Init
 .text.ADC_Enable
                0x00000f78       0x24 .\CortexM0\ARM_GCC_541\Debug\teamProject.a(ADC.o)
                0x00000f78                ADC_Enable
 .text.ADC_Start
                0x00000f9c       0x20 .\CortexM0\ARM_GCC_541\Debug\teamProject.a(ADC.o)
                0x00000f9c                ADC_Start
 .text.ADC_StartConvert
                0x00000fbc       0x14 .\CortexM0\ARM_GCC_541\Debug\teamProject.a(ADC.o)
                0x00000fbc                ADC_StartConvert
 .text.ADC_GetResult16
                0x00000fd0       0x2c .\CortexM0\ARM_GCC_541\Debug\teamProject.a(ADC.o)
                0x00000fd0                ADC_GetResult16
 .text.ADC_CountsTo_mVolts
                0x00000ffc       0x5c .\CortexM0\ARM_GCC_541\Debug\teamProject.a(ADC.o)
                0x00000ffc                ADC_CountsTo_mVolts
 .text.ADC_ISR  0x00001058        0xc .\CortexM0\ARM_GCC_541\Debug\teamProject.a(ADC_INT.o)
                0x00001058                ADC_ISR
 .text.LCD_WrCntrlNib
                0x00001064       0x38 .\CortexM0\ARM_GCC_541\Debug\teamProject.a(LCD.o)
 .text.LCD_WrDatNib
                0x0000109c       0x48 .\CortexM0\ARM_GCC_541\Debug\teamProject.a(LCD.o)
 .text.LCD_IsReady
                0x000010e4       0xb8 .\CortexM0\ARM_GCC_541\Debug\teamProject.a(LCD.o)
                0x000010e4                LCD_IsReady
 .text.LCD_WriteData
                0x0000119c       0x18 .\CortexM0\ARM_GCC_541\Debug\teamProject.a(LCD.o)
                0x0000119c                LCD_WriteData
 .text.LCD_PrintString
                0x000011b4       0x1c .\CortexM0\ARM_GCC_541\Debug\teamProject.a(LCD.o)
                0x000011b4                LCD_PrintString
 .text.LCD_WriteControl
                0x000011d0       0x18 .\CortexM0\ARM_GCC_541\Debug\teamProject.a(LCD.o)
                0x000011d0                LCD_WriteControl
 .text.LCD_Init
                0x000011e8       0x6c .\CortexM0\ARM_GCC_541\Debug\teamProject.a(LCD.o)
                0x000011e8                LCD_Init
 .text.LCD_Enable
                0x00001254       0x14 .\CortexM0\ARM_GCC_541\Debug\teamProject.a(LCD.o)
                0x00001254                LCD_Enable
 .text.LCD_Start
                0x00001268       0x20 .\CortexM0\ARM_GCC_541\Debug\teamProject.a(LCD.o)
                0x00001268                LCD_Start
 .text.LCD_Position
                0x00001288       0x3c .\CortexM0\ARM_GCC_541\Debug\teamProject.a(LCD.o)
                0x00001288                LCD_Position
 .text.LCD_PrintU32Number
                0x000012c4       0x4c .\CortexM0\ARM_GCC_541\Debug\teamProject.a(LCD.o)
                0x000012c4                LCD_PrintU32Number
 .text.Status_Reg_Read
                0x00001310        0xc .\CortexM0\ARM_GCC_541\Debug\teamProject.a(Status_Reg.o)
                0x00001310                Status_Reg_Read
 .text.Buzz_PWM_Stop
                0x0000131c       0x1c .\CortexM0\ARM_GCC_541\Debug\teamProject.a(Buzz_PWM.o)
                0x0000131c                Buzz_PWM_Stop
 .text.Buzz_PWM_WriteCounter
                0x00001338       0x10 .\CortexM0\ARM_GCC_541\Debug\teamProject.a(Buzz_PWM.o)
                0x00001338                Buzz_PWM_WriteCounter
 .text.Buzz_PWM_WritePeriod
                0x00001348       0x10 .\CortexM0\ARM_GCC_541\Debug\teamProject.a(Buzz_PWM.o)
                0x00001348                Buzz_PWM_WritePeriod
 .text.Buzz_PWM_WriteCompare
                0x00001358       0x10 .\CortexM0\ARM_GCC_541\Debug\teamProject.a(Buzz_PWM.o)
                0x00001358                Buzz_PWM_WriteCompare
 .text.Buzz_PWM_TriggerCommand
                0x00001368       0x1c .\CortexM0\ARM_GCC_541\Debug\teamProject.a(Buzz_PWM.o)
                0x00001368                Buzz_PWM_TriggerCommand
 .text.Buzz_PWM_Enable
                0x00001384       0x24 .\CortexM0\ARM_GCC_541\Debug\teamProject.a(Buzz_PWM.o)
                0x00001384                Buzz_PWM_Enable
 .text.Buzz_PWM_SetInterruptMode
                0x000013a8        0xc .\CortexM0\ARM_GCC_541\Debug\teamProject.a(Buzz_PWM.o)
                0x000013a8                Buzz_PWM_SetInterruptMode
 .text.Buzz_PWM_Init
                0x000013b4       0x4c .\CortexM0\ARM_GCC_541\Debug\teamProject.a(Buzz_PWM.o)
                0x000013b4                Buzz_PWM_Init
 .text.Buzz_PWM_Start
                0x00001400       0x20 .\CortexM0\ARM_GCC_541\Debug\teamProject.a(Buzz_PWM.o)
                0x00001400                Buzz_PWM_Start
 .text.Buzz_PWM_Sleep
                0x00001420       0x28 .\CortexM0\ARM_GCC_541\Debug\teamProject.a(Buzz_PWM_PM.o)
                0x00001420                Buzz_PWM_Sleep
 .text.Buzz_PWM_Wakeup
                0x00001448       0x14 .\CortexM0\ARM_GCC_541\Debug\teamProject.a(Buzz_PWM_PM.o)
                0x00001448                Buzz_PWM_Wakeup
 *fill*         0x0000145c        0x4 
 .text          0x00001460       0x24 .\CortexM0\ARM_GCC_541\Debug\teamProject.a(CyBootAsmGnu.o)
                0x00001460                CyDelayCycles
                0x00001474                CyEnterCriticalSection
                0x0000147c                CyExitCriticalSection
 .text          0x00001484      0x114 c:/program files (x86)/cypress/psoc creator/4.4/psoc creator/import/gnu/arm/5.4.1/bin/../lib/gcc/arm-none-eabi/5.4.1/armv6-m\libgcc.a(_udivsi3.o)
                0x00001484                __aeabi_uidiv
                0x00001484                __udivsi3
                0x00001590                __aeabi_uidivmod
 .text          0x00001598      0x1d4 c:/program files (x86)/cypress/psoc creator/4.4/psoc creator/import/gnu/arm/5.4.1/bin/../lib/gcc/arm-none-eabi/5.4.1/armv6-m\libgcc.a(_divsi3.o)
                0x00001598                __divsi3
                0x00001598                __aeabi_idiv
                0x00001764                __aeabi_idivmod
 .text          0x0000176c        0x4 c:/program files (x86)/cypress/psoc creator/4.4/psoc creator/import/gnu/arm/5.4.1/bin/../lib/gcc/arm-none-eabi/5.4.1/armv6-m\libgcc.a(_dvmd_tls.o)
                0x0000176c                __aeabi_idiv0
                0x0000176c                __aeabi_ldiv0
 .text.__errno  0x00001770        0xc c:/program files (x86)/cypress/psoc creator/4.4/psoc creator/import/gnu/arm/5.4.1/bin/../lib/gcc/arm-none-eabi/5.4.1/../../../../arm-none-eabi/lib/armv6-m\libg_nano.a(lib_a-errno.o)
                0x00001770                __errno
 .text.__libc_init_array
                0x0000177c       0x4c c:/program files (x86)/cypress/psoc creator/4.4/psoc creator/import/gnu/arm/5.4.1/bin/../lib/gcc/arm-none-eabi/5.4.1/../../../../arm-none-eabi/lib/armv6-m\libg_nano.a(lib_a-init.o)
                0x0000177c                __libc_init_array
 .text.memset   0x000017c8       0x10 c:/program files (x86)/cypress/psoc creator/4.4/psoc creator/import/gnu/arm/5.4.1/bin/../lib/gcc/arm-none-eabi/5.4.1/../../../../arm-none-eabi/lib/armv6-m\libg_nano.a(lib_a-memset.o)
                0x000017c8                memset
 *(.plt)
 *(.gnu.warning)
 *(.glue_7t)
 .glue_7t       0x000017d8        0x0 linker stubs
 *(.glue_7)
 .glue_7        0x000017d8        0x0 linker stubs
 *(.vfp11_veneer)
 .vfp11_veneer  0x000017d8        0x0 linker stubs
 *(.bootloader)
 *(.ARM.extab* .gnu.linkonce.armextab.*)
 *(.gcc_except_table)

.v4_bx          0x000017d8        0x0
 .v4_bx         0x000017d8        0x0 linker stubs

.iplt           0x000017d8        0x0
 .iplt          0x000017d8        0x0 c:/program files (x86)/cypress/psoc creator/4.4/psoc creator/import/gnu/arm/5.4.1/bin/../lib/gcc/arm-none-eabi/5.4.1/armv6-m/crtbegin.o

.eh_frame_hdr
 *(.eh_frame_hdr)

.eh_frame       0x000017d8        0x4
 *(.eh_frame)
 .eh_frame      0x000017d8        0x0 c:/program files (x86)/cypress/psoc creator/4.4/psoc creator/import/gnu/arm/5.4.1/bin/../lib/gcc/arm-none-eabi/5.4.1/armv6-m/crtbegin.o
 .eh_frame      0x000017d8        0x4 c:/program files (x86)/cypress/psoc creator/4.4/psoc creator/import/gnu/arm/5.4.1/bin/../lib/gcc/arm-none-eabi/5.4.1/armv6-m/crtend.o
                [!provide]                PROVIDE (__exidx_start, .)

.ARM.exidx
 *(.ARM.exidx* .gnu.linkonce.armexidx.*)
                0x000017dc                __exidx_end = .

.rodata         0x000017dc      0x144
 *(.rodata .rodata.* .gnu.linkonce.r.*)
 .rodata.str1.4
                0x000017dc       0x24 .\CortexM0\ARM_GCC_541\Debug\main.o
 .rodata        0x00001800       0xbc .\CortexM0\ARM_GCC_541\Debug\cyfitter_cfg.o
 .rodata        0x000018bc       0x2e .\CortexM0\ARM_GCC_541\Debug\teamProject.a(CyLib.o)
                0x000018bc                cyImoFreqMhz2Reg
 .rodata.str1.1
                0x000018ea        0x2 c:/program files (x86)/cypress/psoc creator/4.4/psoc creator/import/gnu/arm/5.4.1/bin/../lib/gcc/arm-none-eabi/5.4.1/../../../../arm-none-eabi/lib/armv6-m\libg_nano.a(lib_a-impure.o)
                0x000018ec                . = ALIGN (0x4)
 *(.init)
 .init          0x000018ec        0x4 c:/program files (x86)/cypress/psoc creator/4.4/psoc creator/import/gnu/arm/5.4.1/bin/../lib/gcc/arm-none-eabi/5.4.1/armv6-m/crti.o
                0x000018ec                _init
 .init          0x000018f0        0x8 c:/program files (x86)/cypress/psoc creator/4.4/psoc creator/import/gnu/arm/5.4.1/bin/../lib/gcc/arm-none-eabi/5.4.1/armv6-m/crtn.o
                0x000018f8                . = ALIGN (0x4)
                0x000018f8                __preinit_array_start = .
 *(.preinit_array)
                0x000018f8                __preinit_array_end = .
                0x000018f8                . = ALIGN (0x4)
                0x000018f8                __init_array_start = .
 *(SORT(.init_array.*))
 *(.init_array)
 .init_array    0x000018f8        0x4 c:/program files (x86)/cypress/psoc creator/4.4/psoc creator/import/gnu/arm/5.4.1/bin/../lib/gcc/arm-none-eabi/5.4.1/armv6-m/crtbegin.o
 .init_array    0x000018fc        0x4 .\CortexM0\ARM_GCC_541\Debug\Cm0Start.o
                0x00001900                __init_array_end = .
                0x00001900                . = ALIGN (0x4)
 *(.fini)
 .fini          0x00001900        0x4 c:/program files (x86)/cypress/psoc creator/4.4/psoc creator/import/gnu/arm/5.4.1/bin/../lib/gcc/arm-none-eabi/5.4.1/armv6-m/crti.o
                0x00001900                _fini
 .fini          0x00001904        0x8 c:/program files (x86)/cypress/psoc creator/4.4/psoc creator/import/gnu/arm/5.4.1/bin/../lib/gcc/arm-none-eabi/5.4.1/armv6-m/crtn.o
                0x0000190c                . = ALIGN (0x4)
                0x0000190c                __fini_array_start = .
 *(.fini_array)
 .fini_array    0x0000190c        0x4 c:/program files (x86)/cypress/psoc creator/4.4/psoc creator/import/gnu/arm/5.4.1/bin/../lib/gcc/arm-none-eabi/5.4.1/armv6-m/crtbegin.o
 *(SORT(.fini_array.*))
                0x00001910                __fini_array_end = .
                0x00001910                . = ALIGN (0x4)
 *crtbegin.o(.ctors)
 *(EXCLUDE_FILE(*crtend.o) .ctors)
 *(SORT(.ctors.*))
 *crtend.o(.ctors)
                0x00001910                . = ALIGN (0x4)
 *crtbegin.o(.dtors)
 *(EXCLUDE_FILE(*crtend.o) .dtors)
 *(SORT(.dtors.*))
 *crtend.o(.dtors)
                0x00001910                . = ALIGN (0x4)
                0x00001910                __cy_regions = .
                0x00001910        0x4 LONG 0x1920 __cy_region_init_ram
                0x00001914        0x4 LONG 0x200000c0 __cy_region_start_data
                0x00001918        0x4 LONG 0x80 __cy_region_init_size_ram
                0x0000191c        0x4 LONG 0x70 __cy_region_zero_size_ram
                0x00001920                __cy_regions_end = .
                0x00001920                . = ALIGN (0x8)
                0x00001920                _etext = .

.cy_checksum_exclude
                0x00001920        0x0
 *(.cy_checksum_exclude)

.ramvectors     0x20000000       0xc0
                0x20000000                __cy_region_start_ram = .
 *(.ramvectors)
 .ramvectors    0x20000000       0xc0 .\CortexM0\ARM_GCC_541\Debug\Cm0Start.o
                0x20000000                CyRamVectors

.noinit
 *(.noinit)

.data           0x200000c0       0x80 load address 0x00001920
                0x200000c0                __cy_region_start_data = .
 *(.jcr)
 .jcr           0x200000c0        0x0 c:/program files (x86)/cypress/psoc creator/4.4/psoc creator/import/gnu/arm/5.4.1/bin/../lib/gcc/arm-none-eabi/5.4.1/armv6-m/crtbegin.o
 .jcr           0x200000c0        0x4 c:/program files (x86)/cypress/psoc creator/4.4/psoc creator/import/gnu/arm/5.4.1/bin/../lib/gcc/arm-none-eabi/5.4.1/armv6-m/crtend.o
 *(.got.plt)
 *(.got)
 *(.shdata)
 *(.data .data.* .gnu.linkonce.d.*)
 .data          0x200000c4       0x14 .\CortexM0\ARM_GCC_541\Debug\teamProject.a(CyLib.o)
                0x200000c4                CySysClkPumpConfig
                0x200000c8                cydelay32kMs
                0x200000cc                cydelayFreqKhz
                0x200000d0                cydelayFreqMhz
                0x200000d4                cydelayFreqHz
 .data          0x200000d8        0x4 .\CortexM0\ARM_GCC_541\Debug\teamProject.a(CyLFClk.o)
 .data.impure_data
                0x200000dc       0x60 c:/program files (x86)/cypress/psoc creator/4.4/psoc creator/import/gnu/arm/5.4.1/bin/../lib/gcc/arm-none-eabi/5.4.1/../../../../arm-none-eabi/lib/armv6-m\libg_nano.a(lib_a-impure.o)
 .data._impure_ptr
                0x2000013c        0x4 c:/program files (x86)/cypress/psoc creator/4.4/psoc creator/import/gnu/arm/5.4.1/bin/../lib/gcc/arm-none-eabi/5.4.1/../../../../arm-none-eabi/lib/armv6-m\libg_nano.a(lib_a-impure.o)
                0x2000013c                _impure_ptr
                0x20000140                . = ALIGN (0x8)
 *(.ram)
                0x20000140                _edata = .

.igot.plt       0x20000140        0x0 load address 0x000019a0
 .igot.plt      0x20000140        0x0 c:/program files (x86)/cypress/psoc creator/4.4/psoc creator/import/gnu/arm/5.4.1/bin/../lib/gcc/arm-none-eabi/5.4.1/armv6-m/crtbegin.o

.bss            0x20000140       0x70 load address 0x000019a0
                0x20000140                PROVIDE (__bss_start__, .)
 *(.shbss)
 *(.bss .bss.* .gnu.linkonce.b.*)
 .bss           0x20000140       0x1c c:/program files (x86)/cypress/psoc creator/4.4/psoc creator/import/gnu/arm/5.4.1/bin/../lib/gcc/arm-none-eabi/5.4.1/armv6-m/crtbegin.o
 .bss           0x2000015c        0x8 .\CortexM0\ARM_GCC_541\Debug\teamProject.a(EZI2C.o)
                0x2000015c                EZI2C_initVar
                0x20000160                EZI2C_customIntrHandler
 .bss           0x20000164        0x2 .\CortexM0\ARM_GCC_541\Debug\teamProject.a(EZI2C_EZI2C_INT.o)
 *fill*         0x20000166        0x2 
 .bss           0x20000168       0x20 .\CortexM0\ARM_GCC_541\Debug\teamProject.a(CyLFClk.o)
 .bss           0x20000188        0x1 .\CortexM0\ARM_GCC_541\Debug\teamProject.a(ADC.o)
                0x20000188                ADC_initVar
 .bss           0x20000189        0x2 .\CortexM0\ARM_GCC_541\Debug\teamProject.a(LCD.o)
                0x20000189                LCD_enableState
                0x2000018a                LCD_initVar
 .bss           0x2000018b        0x1 .\CortexM0\ARM_GCC_541\Debug\teamProject.a(Buzz_PWM.o)
                0x2000018b                Buzz_PWM_initVar
 .bss           0x2000018c        0x1 .\CortexM0\ARM_GCC_541\Debug\teamProject.a(Buzz_PWM_PM.o)
 *(COMMON)
 *fill*         0x2000018d        0x3 
 COMMON         0x20000190       0x12 .\CortexM0\ARM_GCC_541\Debug\teamProject.a(EZI2C_EZI2C.o)
                0x20000190                EZI2C_offsetBuf1
                0x20000192                EZI2C_indexBuf1
                0x20000194                EZI2C_fsmState
                0x20000196                EZI2C_protectBuf1
                0x20000198                EZI2C_curStatus
                0x2000019c                EZI2C_dataBuffer1
                0x200001a0                EZI2C_bufSizeBuf1
 *fill*         0x200001a2        0x2 
 COMMON         0x200001a4        0x6 .\CortexM0\ARM_GCC_541\Debug\teamProject.a(ADC.o)
                0x200001a4                ADC_countsPer10Volt
                0x200001a8                ADC_offset
                0x200001b0                . = ALIGN (0x8)
 *fill*         0x200001aa        0x6 
 *(.ram.b)
                0x200001b0                _end = .
                0x200001b0                __end = .
                0x200001b0                PROVIDE (end, .)
                0x200001b0                PROVIDE (__bss_end__, .)
                0x00001920                __cy_region_init_ram = LOADADDR (.data)
                0x00000080                __cy_region_init_size_ram = (_edata - ADDR (.data))
                0x00000070                __cy_region_zero_size_ram = (_end - _edata)

.heap           0x200001b0       0x80 load address 0x000019a0
                0x200001b0                . = _end
                0x20000230                . = (. + 0x80)
 *fill*         0x200001b0       0x80 
                0x20000230                __cy_heap_limit = .

.stack          0x20000c00      0x400
                0x20000c00                __cy_stack_limit = .
                0x20001000                . = (. + 0x400)
 *fill*         0x20000c00      0x400 
                0x00000001                ASSERT ((__cy_stack_limit >= __cy_heap_limit), region RAM overflowed with stack)
                0x00000000                cy_checksum_exclude_size = (CY_APPL_LOADABLE == 0x1)?SIZEOF (.cy_checksum_exclude):0x0
                0x00000001                ASSERT ((cy_checksum_exclude_size <= CY_CHECKSUM_EXCLUDE_SIZE), CY_BOOT: Section .cy_checksum_exclude size exceedes specified limit.)
                0x00007fc0                cyloadermeta_start = (cy_project_type_bootloader || cy_project_type_app_for_stack_and_copier)?(LENGTH (rom) - CY_METADATA_SIZE):0xf0000000

.cyloadermeta
 *(.cyloadermeta)
                0x00007fc0                cyloadablemeta_start = cy_project_type_app_for_stack_and_copier?((LENGTH (rom) - CY_FLASH_ROW_SIZE) - CY_METADATA_SIZE):((LENGTH (rom) - (CY_FLASH_ROW_SIZE * (CY_APPL_NUM - 0x1))) - CY_METADATA_SIZE)

.cyloadablemeta
 *(.cyloadablemeta)

.cyflashprotect
                0x90400000       0x20
 *(.cyflashprotect)
 .cyflashprotect
                0x90400000       0x20 .\CortexM0\ARM_GCC_541\Debug\cymetadata.o
                0x90400000                cy_meta_flashprotect

.cymeta         0x90500000        0xc
 *(.cymeta)
 .cymeta        0x90500000        0xc .\CortexM0\ARM_GCC_541\Debug\cymetadata.o
                0x90500000                cy_metadata

.cychipprotect  0x90600000        0x1
 *(.cychipprotect)
 .cychipprotect
                0x90600000        0x1 .\CortexM0\ARM_GCC_541\Debug\cymetadata.o
                0x90600000                cy_meta_chipprotect

.rel.dyn        0x000019a0        0x0 load address 0x90600004
 .rel.iplt      0x000019a0        0x0 c:/program files (x86)/cypress/psoc creator/4.4/psoc creator/import/gnu/arm/5.4.1/bin/../lib/gcc/arm-none-eabi/5.4.1/armv6-m/crtbegin.o

.stab
 *(.stab)

.stabstr
 *(.stabstr)

.debug
 *(.debug)

.line
 *(.line)

.debug_srcinfo
 *(.debug_srcinfo)

.debug_sfnames
 *(.debug_sfnames)

.debug_aranges  0x00000000      0x7c0
 *(.debug_aranges)
 .debug_aranges
                0x00000000       0x38 .\CortexM0\ARM_GCC_541\Debug\main.o
 .debug_aranges
                0x00000038       0x48 .\CortexM0\ARM_GCC_541\Debug\cyfitter_cfg.o
 .debug_aranges
                0x00000080       0x18 .\CortexM0\ARM_GCC_541\Debug\cymetadata.o
 .debug_aranges
                0x00000098       0x48 .\CortexM0\ARM_GCC_541\Debug\Cm0Start.o
 .debug_aranges
                0x000000e0       0x68 .\CortexM0\ARM_GCC_541\Debug\teamProject.a(EZI2C.o)
 .debug_aranges
                0x00000148       0x50 .\CortexM0\ARM_GCC_541\Debug\teamProject.a(EZI2C_EZI2C.o)
 .debug_aranges
                0x00000198       0x20 .\CortexM0\ARM_GCC_541\Debug\teamProject.a(EZI2C_EZI2C_INT.o)
 .debug_aranges
                0x000001b8      0x180 .\CortexM0\ARM_GCC_541\Debug\teamProject.a(CyLib.o)
 .debug_aranges
                0x00000338      0x138 .\CortexM0\ARM_GCC_541\Debug\teamProject.a(CyLFClk.o)
 .debug_aranges
                0x00000470       0xa8 .\CortexM0\ARM_GCC_541\Debug\teamProject.a(ADC.o)
 .debug_aranges
                0x00000518       0x20 .\CortexM0\ARM_GCC_541\Debug\teamProject.a(ADC_INT.o)
 .debug_aranges
                0x00000538       0x98 .\CortexM0\ARM_GCC_541\Debug\teamProject.a(LCD.o)
 .debug_aranges
                0x000005d0       0x40 .\CortexM0\ARM_GCC_541\Debug\teamProject.a(Status_Reg.o)
 .debug_aranges
                0x00000610      0x158 .\CortexM0\ARM_GCC_541\Debug\teamProject.a(Buzz_PWM.o)
 .debug_aranges
                0x00000768       0x38 .\CortexM0\ARM_GCC_541\Debug\teamProject.a(Buzz_PWM_PM.o)
 .debug_aranges
                0x000007a0       0x20 .\CortexM0\ARM_GCC_541\Debug\teamProject.a(CyBootAsmGnu.o)

.debug_pubnames
 *(.debug_pubnames)

.debug_info     0x00000000     0x4b01
 *(.debug_info .gnu.linkonce.wi.*)
 .debug_info    0x00000000      0x8d2 .\CortexM0\ARM_GCC_541\Debug\main.o
 .debug_info    0x000008d2      0x404 .\CortexM0\ARM_GCC_541\Debug\cyfitter_cfg.o
 .debug_info    0x00000cd6       0xf8 .\CortexM0\ARM_GCC_541\Debug\cymetadata.o
 .debug_info    0x00000dce      0x3a2 .\CortexM0\ARM_GCC_541\Debug\Cm0Start.o
 .debug_info    0x00001170      0x2aa .\CortexM0\ARM_GCC_541\Debug\teamProject.a(EZI2C.o)
 .debug_info    0x0000141a      0x319 .\CortexM0\ARM_GCC_541\Debug\teamProject.a(EZI2C_EZI2C.o)
 .debug_info    0x00001733      0x202 .\CortexM0\ARM_GCC_541\Debug\teamProject.a(EZI2C_EZI2C_INT.o)
 .debug_info    0x00001935      0xaed .\CortexM0\ARM_GCC_541\Debug\teamProject.a(CyLib.o)
 .debug_info    0x00002422      0xcfe .\CortexM0\ARM_GCC_541\Debug\teamProject.a(CyLFClk.o)
 .debug_info    0x00003120      0x579 .\CortexM0\ARM_GCC_541\Debug\teamProject.a(ADC.o)
 .debug_info    0x00003699       0xcb .\CortexM0\ARM_GCC_541\Debug\teamProject.a(ADC_INT.o)
 .debug_info    0x00003764      0x721 .\CortexM0\ARM_GCC_541\Debug\teamProject.a(LCD.o)
 .debug_info    0x00003e85      0x17f .\CortexM0\ARM_GCC_541\Debug\teamProject.a(Status_Reg.o)
 .debug_info    0x00004004      0x909 .\CortexM0\ARM_GCC_541\Debug\teamProject.a(Buzz_PWM.o)
 .debug_info    0x0000490d      0x161 .\CortexM0\ARM_GCC_541\Debug\teamProject.a(Buzz_PWM_PM.o)
 .debug_info    0x00004a6e       0x93 .\CortexM0\ARM_GCC_541\Debug\teamProject.a(CyBootAsmGnu.o)

.debug_abbrev   0x00000000     0x122b
 *(.debug_abbrev)
 .debug_abbrev  0x00000000      0x109 .\CortexM0\ARM_GCC_541\Debug\main.o
 .debug_abbrev  0x00000109      0x1cf .\CortexM0\ARM_GCC_541\Debug\cyfitter_cfg.o
 .debug_abbrev  0x000002d8       0x5d .\CortexM0\ARM_GCC_541\Debug\cymetadata.o
 .debug_abbrev  0x00000335      0x1d7 .\CortexM0\ARM_GCC_541\Debug\Cm0Start.o
 .debug_abbrev  0x0000050c      0x130 .\CortexM0\ARM_GCC_541\Debug\teamProject.a(EZI2C.o)
 .debug_abbrev  0x0000063c      0x13a .\CortexM0\ARM_GCC_541\Debug\teamProject.a(EZI2C_EZI2C.o)
 .debug_abbrev  0x00000776       0xdb .\CortexM0\ARM_GCC_541\Debug\teamProject.a(EZI2C_EZI2C_INT.o)
 .debug_abbrev  0x00000851      0x1d3 .\CortexM0\ARM_GCC_541\Debug\teamProject.a(CyLib.o)
 .debug_abbrev  0x00000a24      0x210 .\CortexM0\ARM_GCC_541\Debug\teamProject.a(CyLFClk.o)
 .debug_abbrev  0x00000c34      0x184 .\CortexM0\ARM_GCC_541\Debug\teamProject.a(ADC.o)
 .debug_abbrev  0x00000db8       0x65 .\CortexM0\ARM_GCC_541\Debug\teamProject.a(ADC_INT.o)
 .debug_abbrev  0x00000e1d      0x171 .\CortexM0\ARM_GCC_541\Debug\teamProject.a(LCD.o)
 .debug_abbrev  0x00000f8e       0xac .\CortexM0\ARM_GCC_541\Debug\teamProject.a(Status_Reg.o)
 .debug_abbrev  0x0000103a      0x119 .\CortexM0\ARM_GCC_541\Debug\teamProject.a(Buzz_PWM.o)
 .debug_abbrev  0x00001153       0xc4 .\CortexM0\ARM_GCC_541\Debug\teamProject.a(Buzz_PWM_PM.o)
 .debug_abbrev  0x00001217       0x14 .\CortexM0\ARM_GCC_541\Debug\teamProject.a(CyBootAsmGnu.o)

.debug_line     0x00000000     0x1cc9
 *(.debug_line)
 .debug_line    0x00000000      0x15a .\CortexM0\ARM_GCC_541\Debug\main.o
 .debug_line    0x0000015a      0x199 .\CortexM0\ARM_GCC_541\Debug\cyfitter_cfg.o
 .debug_line    0x000002f3      0x141 .\CortexM0\ARM_GCC_541\Debug\cymetadata.o
 .debug_line    0x00000434      0x235 .\CortexM0\ARM_GCC_541\Debug\Cm0Start.o
 .debug_line    0x00000669      0x147 .\CortexM0\ARM_GCC_541\Debug\teamProject.a(EZI2C.o)
 .debug_line    0x000007b0      0x104 .\CortexM0\ARM_GCC_541\Debug\teamProject.a(EZI2C_EZI2C.o)
 .debug_line    0x000008b4      0x144 .\CortexM0\ARM_GCC_541\Debug\teamProject.a(EZI2C_EZI2C_INT.o)
 .debug_line    0x000009f8      0x460 .\CortexM0\ARM_GCC_541\Debug\teamProject.a(CyLib.o)
 .debug_line    0x00000e58      0x466 .\CortexM0\ARM_GCC_541\Debug\teamProject.a(CyLFClk.o)
 .debug_line    0x000012be      0x274 .\CortexM0\ARM_GCC_541\Debug\teamProject.a(ADC.o)
 .debug_line    0x00001532       0x62 .\CortexM0\ARM_GCC_541\Debug\teamProject.a(ADC_INT.o)
 .debug_line    0x00001594      0x1ea .\CortexM0\ARM_GCC_541\Debug\teamProject.a(LCD.o)
 .debug_line    0x0000177e       0xb9 .\CortexM0\ARM_GCC_541\Debug\teamProject.a(Status_Reg.o)
 .debug_line    0x00001837      0x381 .\CortexM0\ARM_GCC_541\Debug\teamProject.a(Buzz_PWM.o)
 .debug_line    0x00001bb8       0xa8 .\CortexM0\ARM_GCC_541\Debug\teamProject.a(Buzz_PWM_PM.o)
 .debug_line    0x00001c60       0x69 .\CortexM0\ARM_GCC_541\Debug\teamProject.a(CyBootAsmGnu.o)

.debug_frame    0x00000000     0x15b0
 *(.debug_frame)
 .debug_frame   0x00000000       0x90 .\CortexM0\ARM_GCC_541\Debug\main.o
 .debug_frame   0x00000090       0xb8 .\CortexM0\ARM_GCC_541\Debug\cyfitter_cfg.o
 .debug_frame   0x00000148       0xbc .\CortexM0\ARM_GCC_541\Debug\Cm0Start.o
 .debug_frame   0x00000204       0xf8 .\CortexM0\ARM_GCC_541\Debug\teamProject.a(EZI2C.o)
 .debug_frame   0x000002fc       0xa8 .\CortexM0\ARM_GCC_541\Debug\teamProject.a(EZI2C_EZI2C.o)
 .debug_frame   0x000003a4       0x30 .\CortexM0\ARM_GCC_541\Debug\teamProject.a(EZI2C_EZI2C_INT.o)
 .debug_frame   0x000003d4      0x3e0 .\CortexM0\ARM_GCC_541\Debug\teamProject.a(CyLib.o)
 .debug_frame   0x000007b4      0x3a8 .\CortexM0\ARM_GCC_541\Debug\teamProject.a(CyLFClk.o)
 .debug_frame   0x00000b5c      0x1b0 .\CortexM0\ARM_GCC_541\Debug\teamProject.a(ADC.o)
 .debug_frame   0x00000d0c       0x20 .\CortexM0\ARM_GCC_541\Debug\teamProject.a(ADC_INT.o)
 .debug_frame   0x00000d2c      0x1f0 .\CortexM0\ARM_GCC_541\Debug\teamProject.a(LCD.o)
 .debug_frame   0x00000f1c       0x78 .\CortexM0\ARM_GCC_541\Debug\teamProject.a(Status_Reg.o)
 .debug_frame   0x00000f94      0x3a0 .\CortexM0\ARM_GCC_541\Debug\teamProject.a(Buzz_PWM.o)
 .debug_frame   0x00001334       0x68 .\CortexM0\ARM_GCC_541\Debug\teamProject.a(Buzz_PWM_PM.o)
 .debug_frame   0x0000139c       0x20 c:/program files (x86)/cypress/psoc creator/4.4/psoc creator/import/gnu/arm/5.4.1/bin/../lib/gcc/arm-none-eabi/5.4.1/armv6-m\libgcc.a(_udivsi3.o)
 .debug_frame   0x000013bc       0x20 c:/program files (x86)/cypress/psoc creator/4.4/psoc creator/import/gnu/arm/5.4.1/bin/../lib/gcc/arm-none-eabi/5.4.1/armv6-m\libgcc.a(_divsi3.o)
 .debug_frame   0x000013dc       0x34 c:/program files (x86)/cypress/psoc creator/4.4/psoc creator/import/gnu/arm/5.4.1/bin/../lib/gcc/arm-none-eabi/5.4.1/armv6-m\libgcc.a(_muldi3.o)
 .debug_frame   0x00001410       0x30 c:/program files (x86)/cypress/psoc creator/4.4/psoc creator/import/gnu/arm/5.4.1/bin/../lib/gcc/arm-none-eabi/5.4.1/armv6-m\libgcc.a(bpabi.o)
 .debug_frame   0x00001440       0x3c c:/program files (x86)/cypress/psoc creator/4.4/psoc creator/import/gnu/arm/5.4.1/bin/../lib/gcc/arm-none-eabi/5.4.1/armv6-m\libgcc.a(divsf3.o)
 .debug_frame   0x0000147c       0x38 c:/program files (x86)/cypress/psoc creator/4.4/psoc creator/import/gnu/arm/5.4.1/bin/../lib/gcc/arm-none-eabi/5.4.1/armv6-m\libgcc.a(mulsf3.o)
 .debug_frame   0x000014b4       0x2c c:/program files (x86)/cypress/psoc creator/4.4/psoc creator/import/gnu/arm/5.4.1/bin/../lib/gcc/arm-none-eabi/5.4.1/armv6-m\libgcc.a(floatsisf.o)
 .debug_frame   0x000014e0       0x3c c:/program files (x86)/cypress/psoc creator/4.4/psoc creator/import/gnu/arm/5.4.1/bin/../lib/gcc/arm-none-eabi/5.4.1/armv6-m\libgcc.a(_divdi3.o)
 .debug_frame   0x0000151c       0x20 c:/program files (x86)/cypress/psoc creator/4.4/psoc creator/import/gnu/arm/5.4.1/bin/../lib/gcc/arm-none-eabi/5.4.1/../../../../arm-none-eabi/lib/armv6-m\libg_nano.a(lib_a-errno.o)
 .debug_frame   0x0000153c       0x28 c:/program files (x86)/cypress/psoc creator/4.4/psoc creator/import/gnu/arm/5.4.1/bin/../lib/gcc/arm-none-eabi/5.4.1/../../../../arm-none-eabi/lib/armv6-m\libg_nano.a(lib_a-exit.o)
 .debug_frame   0x00001564       0x2c c:/program files (x86)/cypress/psoc creator/4.4/psoc creator/import/gnu/arm/5.4.1/bin/../lib/gcc/arm-none-eabi/5.4.1/../../../../arm-none-eabi/lib/armv6-m\libg_nano.a(lib_a-init.o)
 .debug_frame   0x00001590       0x20 c:/program files (x86)/cypress/psoc creator/4.4/psoc creator/import/gnu/arm/5.4.1/bin/../lib/gcc/arm-none-eabi/5.4.1/../../../../arm-none-eabi/lib/armv6-m\libg_nano.a(lib_a-memset.o)

.debug_str      0x00000000     0x1a9d
 *(.debug_str)
 .debug_str     0x00000000      0x2d4 .\CortexM0\ARM_GCC_541\Debug\main.o
                                0x321 (size before relaxing)
 .debug_str     0x000002d4      0x14b .\CortexM0\ARM_GCC_541\Debug\cyfitter_cfg.o
                                0x300 (size before relaxing)
 .debug_str     0x0000041f       0x63 .\CortexM0\ARM_GCC_541\Debug\cymetadata.o
                                0x1cb (size before relaxing)
 .debug_str     0x00000482      0x13a .\CortexM0\ARM_GCC_541\Debug\Cm0Start.o
                                0x304 (size before relaxing)
 .debug_str     0x000005bc      0x155 .\CortexM0\ARM_GCC_541\Debug\teamProject.a(EZI2C.o)
                                0x2fe (size before relaxing)
 .debug_str     0x00000711      0x136 .\CortexM0\ARM_GCC_541\Debug\teamProject.a(EZI2C_EZI2C.o)
                                0x33b (size before relaxing)
 .debug_str     0x00000847       0x97 .\CortexM0\ARM_GCC_541\Debug\teamProject.a(EZI2C_EZI2C_INT.o)
                                0x2ee (size before relaxing)
 .debug_str     0x000008de      0x492 .\CortexM0\ARM_GCC_541\Debug\teamProject.a(CyLib.o)
                                0x6b9 (size before relaxing)
 .debug_str     0x00000d70      0x527 .\CortexM0\ARM_GCC_541\Debug\teamProject.a(CyLFClk.o)
                                0x740 (size before relaxing)
 .debug_str     0x00001297      0x18b .\CortexM0\ARM_GCC_541\Debug\teamProject.a(ADC.o)
                                0x3c7 (size before relaxing)
 .debug_str     0x00001422       0x35 .\CortexM0\ARM_GCC_541\Debug\teamProject.a(ADC_INT.o)
                                0x1c0 (size before relaxing)
 .debug_str     0x00001457      0x121 .\CortexM0\ARM_GCC_541\Debug\teamProject.a(LCD.o)
                                0x32f (size before relaxing)
 .debug_str     0x00001578       0x84 .\CortexM0\ARM_GCC_541\Debug\teamProject.a(Status_Reg.o)
                                0x25e (size before relaxing)
 .debug_str     0x000015fc      0x42a .\CortexM0\ARM_GCC_541\Debug\teamProject.a(Buzz_PWM.o)
                                0x632 (size before relaxing)
 .debug_str     0x00001a26       0x77 .\CortexM0\ARM_GCC_541\Debug\teamProject.a(Buzz_PWM_PM.o)
                                0x251 (size before relaxing)

.debug_loc      0x00000000     0x21ee
 *(.debug_loc)
 .debug_loc     0x00000000       0x65 .\CortexM0\ARM_GCC_541\Debug\main.o
 .debug_loc     0x00000065      0x136 .\CortexM0\ARM_GCC_541\Debug\cyfitter_cfg.o
 .debug_loc     0x0000019b      0x14f .\CortexM0\ARM_GCC_541\Debug\Cm0Start.o
 .debug_loc     0x000002ea       0x7e .\CortexM0\ARM_GCC_541\Debug\teamProject.a(EZI2C.o)
 .debug_loc     0x00000368       0xec .\CortexM0\ARM_GCC_541\Debug\teamProject.a(EZI2C_EZI2C.o)
 .debug_loc     0x00000454      0x132 .\CortexM0\ARM_GCC_541\Debug\teamProject.a(EZI2C_EZI2C_INT.o)
 .debug_loc     0x00000586      0x599 .\CortexM0\ARM_GCC_541\Debug\teamProject.a(CyLib.o)
 .debug_loc     0x00000b1f      0x9b5 .\CortexM0\ARM_GCC_541\Debug\teamProject.a(CyLFClk.o)
 .debug_loc     0x000014d4      0x3ac .\CortexM0\ARM_GCC_541\Debug\teamProject.a(ADC.o)
 .debug_loc     0x00001880      0x3e3 .\CortexM0\ARM_GCC_541\Debug\teamProject.a(LCD.o)
 .debug_loc     0x00001c63       0x44 .\CortexM0\ARM_GCC_541\Debug\teamProject.a(Status_Reg.o)
 .debug_loc     0x00001ca7      0x547 .\CortexM0\ARM_GCC_541\Debug\teamProject.a(Buzz_PWM.o)

.debug_macinfo
 *(.debug_macinfo)

.debug_ranges   0x00000000      0x6a8
 *(.debug_ranges)
 .debug_ranges  0x00000000       0x28 .\CortexM0\ARM_GCC_541\Debug\main.o
 .debug_ranges  0x00000028       0x38 .\CortexM0\ARM_GCC_541\Debug\cyfitter_cfg.o
 .debug_ranges  0x00000060       0x38 .\CortexM0\ARM_GCC_541\Debug\Cm0Start.o
 .debug_ranges  0x00000098       0x58 .\CortexM0\ARM_GCC_541\Debug\teamProject.a(EZI2C.o)
 .debug_ranges  0x000000f0       0x40 .\CortexM0\ARM_GCC_541\Debug\teamProject.a(EZI2C_EZI2C.o)
 .debug_ranges  0x00000130       0x10 .\CortexM0\ARM_GCC_541\Debug\teamProject.a(EZI2C_EZI2C_INT.o)
 .debug_ranges  0x00000140      0x170 .\CortexM0\ARM_GCC_541\Debug\teamProject.a(CyLib.o)
 .debug_ranges  0x000002b0      0x128 .\CortexM0\ARM_GCC_541\Debug\teamProject.a(CyLFClk.o)
 .debug_ranges  0x000003d8       0x98 .\CortexM0\ARM_GCC_541\Debug\teamProject.a(ADC.o)
 .debug_ranges  0x00000470       0x10 .\CortexM0\ARM_GCC_541\Debug\teamProject.a(ADC_INT.o)
 .debug_ranges  0x00000480       0x88 .\CortexM0\ARM_GCC_541\Debug\teamProject.a(LCD.o)
 .debug_ranges  0x00000508       0x30 .\CortexM0\ARM_GCC_541\Debug\teamProject.a(Status_Reg.o)
 .debug_ranges  0x00000538      0x148 .\CortexM0\ARM_GCC_541\Debug\teamProject.a(Buzz_PWM.o)
 .debug_ranges  0x00000680       0x28 .\CortexM0\ARM_GCC_541\Debug\teamProject.a(Buzz_PWM_PM.o)

.comment        0x00000000       0x6e
 .comment       0x00000000       0x6e .\CortexM0\ARM_GCC_541\Debug\main.o
                                 0x6f (size before relaxing)
 .comment       0x0000006e       0x6f .\CortexM0\ARM_GCC_541\Debug\cyfitter_cfg.o
 .comment       0x0000006e       0x6f .\CortexM0\ARM_GCC_541\Debug\cymetadata.o
 .comment       0x0000006e       0x6f .\CortexM0\ARM_GCC_541\Debug\Cm0Start.o
 .comment       0x0000006e       0x6f .\CortexM0\ARM_GCC_541\Debug\teamProject.a(EZI2C.o)
 .comment       0x0000006e       0x6f .\CortexM0\ARM_GCC_541\Debug\teamProject.a(EZI2C_EZI2C.o)
 .comment       0x0000006e       0x6f .\CortexM0\ARM_GCC_541\Debug\teamProject.a(EZI2C_EZI2C_INT.o)
 .comment       0x0000006e       0x6f .\CortexM0\ARM_GCC_541\Debug\teamProject.a(CyLib.o)
 .comment       0x0000006e       0x6f .\CortexM0\ARM_GCC_541\Debug\teamProject.a(CyLFClk.o)
 .comment       0x0000006e       0x6f .\CortexM0\ARM_GCC_541\Debug\teamProject.a(ADC.o)
 .comment       0x0000006e       0x6f .\CortexM0\ARM_GCC_541\Debug\teamProject.a(ADC_INT.o)
 .comment       0x0000006e       0x6f .\CortexM0\ARM_GCC_541\Debug\teamProject.a(LCD.o)
 .comment       0x0000006e       0x6f .\CortexM0\ARM_GCC_541\Debug\teamProject.a(Status_Reg.o)
 .comment       0x0000006e       0x6f .\CortexM0\ARM_GCC_541\Debug\teamProject.a(Buzz_PWM.o)
 .comment       0x0000006e       0x6f .\CortexM0\ARM_GCC_541\Debug\teamProject.a(Buzz_PWM_PM.o)

.debug_weaknames
 *(.debug_weaknames)

.debug_funcnames
 *(.debug_funcnames)

.debug_typenames
 *(.debug_typenames)

.debug_varnames
 *(.debug_varnames)

.note.gnu.arm.ident
 *(.note.gnu.arm.ident)

.ARM.attributes
                0x00000000       0x28
 *(.ARM.attributes)
 .ARM.attributes
                0x00000000       0x1e c:/program files (x86)/cypress/psoc creator/4.4/psoc creator/import/gnu/arm/5.4.1/bin/../lib/gcc/arm-none-eabi/5.4.1/armv6-m/crti.o
 .ARM.attributes
                0x0000001e       0x2c c:/program files (x86)/cypress/psoc creator/4.4/psoc creator/import/gnu/arm/5.4.1/bin/../lib/gcc/arm-none-eabi/5.4.1/armv6-m/crtbegin.o
 .ARM.attributes
                0x0000004a       0x1b c:/program files (x86)/cypress/psoc creator/4.4/psoc creator/import/gnu/arm/5.4.1/bin/../lib/gcc/arm-none-eabi/5.4.1/../../../../arm-none-eabi/lib/armv6-m/crt0.o
 .ARM.attributes
                0x00000065       0x31 .\CortexM0\ARM_GCC_541\Debug\main.o
 .ARM.attributes
                0x00000096       0x31 .\CortexM0\ARM_GCC_541\Debug\cyfitter_cfg.o
 .ARM.attributes
                0x000000c7       0x31 .\CortexM0\ARM_GCC_541\Debug\cymetadata.o
 .ARM.attributes
                0x000000f8       0x31 .\CortexM0\ARM_GCC_541\Debug\Cm0Start.o
 .ARM.attributes
                0x00000129       0x31 .\CortexM0\ARM_GCC_541\Debug\teamProject.a(EZI2C.o)
 .ARM.attributes
                0x0000015a       0x31 .\CortexM0\ARM_GCC_541\Debug\teamProject.a(EZI2C_EZI2C.o)
 .ARM.attributes
                0x0000018b       0x31 .\CortexM0\ARM_GCC_541\Debug\teamProject.a(EZI2C_EZI2C_INT.o)
 .ARM.attributes
                0x000001bc       0x31 .\CortexM0\ARM_GCC_541\Debug\teamProject.a(CyLib.o)
 .ARM.attributes
                0x000001ed       0x31 .\CortexM0\ARM_GCC_541\Debug\teamProject.a(CyLFClk.o)
 .ARM.attributes
                0x0000021e       0x31 .\CortexM0\ARM_GCC_541\Debug\teamProject.a(ADC.o)
 .ARM.attributes
                0x0000024f       0x31 .\CortexM0\ARM_GCC_541\Debug\teamProject.a(ADC_INT.o)
 .ARM.attributes
                0x00000280       0x31 .\CortexM0\ARM_GCC_541\Debug\teamProject.a(LCD.o)
 .ARM.attributes
                0x000002b1       0x31 .\CortexM0\ARM_GCC_541\Debug\teamProject.a(Status_Reg.o)
 .ARM.attributes
                0x000002e2       0x31 .\CortexM0\ARM_GCC_541\Debug\teamProject.a(Buzz_PWM.o)
 .ARM.attributes
                0x00000313       0x31 .\CortexM0\ARM_GCC_541\Debug\teamProject.a(Buzz_PWM_PM.o)
 .ARM.attributes
                0x00000344       0x21 .\CortexM0\ARM_GCC_541\Debug\teamProject.a(CyBootAsmGnu.o)
 .ARM.attributes
                0x00000365       0x1e c:/program files (x86)/cypress/psoc creator/4.4/psoc creator/import/gnu/arm/5.4.1/bin/../lib/gcc/arm-none-eabi/5.4.1/armv6-m\libgcc.a(_udivsi3.o)
 .ARM.attributes
                0x00000383       0x1e c:/program files (x86)/cypress/psoc creator/4.4/psoc creator/import/gnu/arm/5.4.1/bin/../lib/gcc/arm-none-eabi/5.4.1/armv6-m\libgcc.a(_divsi3.o)
 .ARM.attributes
                0x000003a1       0x1e c:/program files (x86)/cypress/psoc creator/4.4/psoc creator/import/gnu/arm/5.4.1/bin/../lib/gcc/arm-none-eabi/5.4.1/armv6-m\libgcc.a(_dvmd_tls.o)
 .ARM.attributes
                0x000003bf       0x1e c:/program files (x86)/cypress/psoc creator/4.4/psoc creator/import/gnu/arm/5.4.1/bin/../lib/gcc/arm-none-eabi/5.4.1/armv6-m\libgcc.a(_aeabi_ldivmod.o)
 .ARM.attributes
                0x000003dd       0x2c c:/program files (x86)/cypress/psoc creator/4.4/psoc creator/import/gnu/arm/5.4.1/bin/../lib/gcc/arm-none-eabi/5.4.1/armv6-m\libgcc.a(_muldi3.o)
 .ARM.attributes
                0x00000409       0x2c c:/program files (x86)/cypress/psoc creator/4.4/psoc creator/import/gnu/arm/5.4.1/bin/../lib/gcc/arm-none-eabi/5.4.1/armv6-m\libgcc.a(bpabi.o)
 .ARM.attributes
                0x00000435       0x2c c:/program files (x86)/cypress/psoc creator/4.4/psoc creator/import/gnu/arm/5.4.1/bin/../lib/gcc/arm-none-eabi/5.4.1/armv6-m\libgcc.a(divsf3.o)
 .ARM.attributes
                0x00000461       0x2c c:/program files (x86)/cypress/psoc creator/4.4/psoc creator/import/gnu/arm/5.4.1/bin/../lib/gcc/arm-none-eabi/5.4.1/armv6-m\libgcc.a(mulsf3.o)
 .ARM.attributes
                0x0000048d       0x2c c:/program files (x86)/cypress/psoc creator/4.4/psoc creator/import/gnu/arm/5.4.1/bin/../lib/gcc/arm-none-eabi/5.4.1/armv6-m\libgcc.a(floatsisf.o)
 .ARM.attributes
                0x000004b9       0x1e c:/program files (x86)/cypress/psoc creator/4.4/psoc creator/import/gnu/arm/5.4.1/bin/../lib/gcc/arm-none-eabi/5.4.1/armv6-m\libgcc.a(_clzsi2.o)
 .ARM.attributes
                0x000004d7       0x2c c:/program files (x86)/cypress/psoc creator/4.4/psoc creator/import/gnu/arm/5.4.1/bin/../lib/gcc/arm-none-eabi/5.4.1/armv6-m\libgcc.a(_divdi3.o)
 .ARM.attributes
                0x00000503       0x1e c:/program files (x86)/cypress/psoc creator/4.4/psoc creator/import/gnu/arm/5.4.1/bin/../lib/gcc/arm-none-eabi/5.4.1/armv6-m\libgcc.a(_clzdi2.o)
 .ARM.attributes
                0x00000521       0x2c c:/program files (x86)/cypress/psoc creator/4.4/psoc creator/import/gnu/arm/5.4.1/bin/../lib/gcc/arm-none-eabi/5.4.1/../../../../arm-none-eabi/lib/armv6-m\libg_nano.a(lib_a-errno.o)
 .ARM.attributes
                0x0000054d       0x2c c:/program files (x86)/cypress/psoc creator/4.4/psoc creator/import/gnu/arm/5.4.1/bin/../lib/gcc/arm-none-eabi/5.4.1/../../../../arm-none-eabi/lib/armv6-m\libg_nano.a(lib_a-exit.o)
 .ARM.attributes
                0x00000579       0x2c c:/program files (x86)/cypress/psoc creator/4.4/psoc creator/import/gnu/arm/5.4.1/bin/../lib/gcc/arm-none-eabi/5.4.1/../../../../arm-none-eabi/lib/armv6-m\libg_nano.a(lib_a-impure.o)
 .ARM.attributes
                0x000005a5       0x2c c:/program files (x86)/cypress/psoc creator/4.4/psoc creator/import/gnu/arm/5.4.1/bin/../lib/gcc/arm-none-eabi/5.4.1/../../../../arm-none-eabi/lib/armv6-m\libg_nano.a(lib_a-init.o)
 .ARM.attributes
                0x000005d1       0x2c c:/program files (x86)/cypress/psoc creator/4.4/psoc creator/import/gnu/arm/5.4.1/bin/../lib/gcc/arm-none-eabi/5.4.1/../../../../arm-none-eabi/lib/armv6-m\libg_nano.a(lib_a-memset.o)
 .ARM.attributes
                0x000005fd       0x2c c:/program files (x86)/cypress/psoc creator/4.4/psoc creator/import/gnu/arm/5.4.1/bin/../lib/gcc/arm-none-eabi/5.4.1/armv6-m/crtend.o
 .ARM.attributes
                0x00000629       0x1e c:/program files (x86)/cypress/psoc creator/4.4/psoc creator/import/gnu/arm/5.4.1/bin/../lib/gcc/arm-none-eabi/5.4.1/armv6-m/crtn.o

/DISCARD/
 *(.note.GNU-stack)
OUTPUT(C:\Users\yura\Documents\PSoC Creator\Yura_hackaton\teamProject.cydsn\CortexM0\ARM_GCC_541\Debug\teamProject.elf elf32-littlearm)
