Archive member included to satisfy reference by file (symbol)

.\CortexM0\ARM_GCC_541\Debug\Design09.a(LCD.o)
                              .\CortexM0\ARM_GCC_541\Debug\main.o (LCD_PrintString)
.\CortexM0\ARM_GCC_541\Debug\Design09.a(ADC.o)
                              .\CortexM0\ARM_GCC_541\Debug\main.o (ADC_Start)
.\CortexM0\ARM_GCC_541\Debug\Design09.a(ADC_INT.o)
                              .\CortexM0\ARM_GCC_541\Debug\Design09.a(ADC.o) (ADC_ISR)
.\CortexM0\ARM_GCC_541\Debug\Design09.a(CyLib.o)
                              .\CortexM0\ARM_GCC_541\Debug\cyfitter_cfg.o (CyIntEnable)
.\CortexM0\ARM_GCC_541\Debug\Design09.a(CyLFClk.o)
                              .\CortexM0\ARM_GCC_541\Debug\cyfitter_cfg.o (CySysWdtIsr)
.\CortexM0\ARM_GCC_541\Debug\Design09.a(EZI2C.o)
                              .\CortexM0\ARM_GCC_541\Debug\main.o (EZI2C_Start)
.\CortexM0\ARM_GCC_541\Debug\Design09.a(EZI2C_EZI2C.o)
                              .\CortexM0\ARM_GCC_541\Debug\Design09.a(EZI2C.o) (EZI2C_EzI2CInit)
.\CortexM0\ARM_GCC_541\Debug\Design09.a(EZI2C_EZI2C_INT.o)
                              .\CortexM0\ARM_GCC_541\Debug\Design09.a(EZI2C_EZI2C.o) (EZI2C_EZI2C_STRETCH_ISR)
.\CortexM0\ARM_GCC_541\Debug\Design09.a(CyBootAsmGnu.o)
                              .\CortexM0\ARM_GCC_541\Debug\Design09.a(CyLib.o) (CyDelayCycles)
c:/program files (x86)/cypress/psoc creator/4.4/psoc creator/import/gnu/arm/5.4.1/bin/../lib/gcc/arm-none-eabi/5.4.1/armv6-m\libgcc.a(_udivsi3.o)
                              .\CortexM0\ARM_GCC_541\Debug\Design09.a(LCD.o) (__aeabi_uidiv)
c:/program files (x86)/cypress/psoc creator/4.4/psoc creator/import/gnu/arm/5.4.1/bin/../lib/gcc/arm-none-eabi/5.4.1/armv6-m\libgcc.a(_divsi3.o)
                              .\CortexM0\ARM_GCC_541\Debug\Design09.a(ADC.o) (__aeabi_idiv)
c:/program files (x86)/cypress/psoc creator/4.4/psoc creator/import/gnu/arm/5.4.1/bin/../lib/gcc/arm-none-eabi/5.4.1/armv6-m\libgcc.a(_dvmd_tls.o)
                              c:/program files (x86)/cypress/psoc creator/4.4/psoc creator/import/gnu/arm/5.4.1/bin/../lib/gcc/arm-none-eabi/5.4.1/armv6-m\libgcc.a(_udivsi3.o) (__aeabi_idiv0)
c:/program files (x86)/cypress/psoc creator/4.4/psoc creator/import/gnu/arm/5.4.1/bin/../lib/gcc/arm-none-eabi/5.4.1/armv6-m\libgcc.a(_aeabi_ldivmod.o)
                              .\CortexM0\ARM_GCC_541\Debug\Design09.a(ADC.o) (__aeabi_ldivmod)
c:/program files (x86)/cypress/psoc creator/4.4/psoc creator/import/gnu/arm/5.4.1/bin/../lib/gcc/arm-none-eabi/5.4.1/armv6-m\libgcc.a(_muldi3.o)
                              .\CortexM0\ARM_GCC_541\Debug\Design09.a(ADC.o) (__aeabi_lmul)
c:/program files (x86)/cypress/psoc creator/4.4/psoc creator/import/gnu/arm/5.4.1/bin/../lib/gcc/arm-none-eabi/5.4.1/armv6-m\libgcc.a(bpabi.o)
                              c:/program files (x86)/cypress/psoc creator/4.4/psoc creator/import/gnu/arm/5.4.1/bin/../lib/gcc/arm-none-eabi/5.4.1/armv6-m\libgcc.a(_aeabi_ldivmod.o) (__gnu_ldivmod_helper)
c:/program files (x86)/cypress/psoc creator/4.4/psoc creator/import/gnu/arm/5.4.1/bin/../lib/gcc/arm-none-eabi/5.4.1/armv6-m\libgcc.a(divsf3.o)
                              .\CortexM0\ARM_GCC_541\Debug\Design09.a(ADC.o) (__aeabi_fdiv)
c:/program files (x86)/cypress/psoc creator/4.4/psoc creator/import/gnu/arm/5.4.1/bin/../lib/gcc/arm-none-eabi/5.4.1/armv6-m\libgcc.a(mulsf3.o)
                              .\CortexM0\ARM_GCC_541\Debug\Design09.a(ADC.o) (__aeabi_fmul)
c:/program files (x86)/cypress/psoc creator/4.4/psoc creator/import/gnu/arm/5.4.1/bin/../lib/gcc/arm-none-eabi/5.4.1/armv6-m\libgcc.a(floatsisf.o)
                              .\CortexM0\ARM_GCC_541\Debug\Design09.a(ADC.o) (__aeabi_i2f)
c:/program files (x86)/cypress/psoc creator/4.4/psoc creator/import/gnu/arm/5.4.1/bin/../lib/gcc/arm-none-eabi/5.4.1/armv6-m\libgcc.a(_clzsi2.o)
                              c:/program files (x86)/cypress/psoc creator/4.4/psoc creator/import/gnu/arm/5.4.1/bin/../lib/gcc/arm-none-eabi/5.4.1/armv6-m\libgcc.a(divsf3.o) (__clzsi2)
c:/program files (x86)/cypress/psoc creator/4.4/psoc creator/import/gnu/arm/5.4.1/bin/../lib/gcc/arm-none-eabi/5.4.1/armv6-m\libgcc.a(_divdi3.o)
                              c:/program files (x86)/cypress/psoc creator/4.4/psoc creator/import/gnu/arm/5.4.1/bin/../lib/gcc/arm-none-eabi/5.4.1/armv6-m\libgcc.a(bpabi.o) (__divdi3)
c:/program files (x86)/cypress/psoc creator/4.4/psoc creator/import/gnu/arm/5.4.1/bin/../lib/gcc/arm-none-eabi/5.4.1/armv6-m\libgcc.a(_clzdi2.o)
                              c:/program files (x86)/cypress/psoc creator/4.4/psoc creator/import/gnu/arm/5.4.1/bin/../lib/gcc/arm-none-eabi/5.4.1/armv6-m\libgcc.a(_divdi3.o) (__clzdi2)
c:/program files (x86)/cypress/psoc creator/4.4/psoc creator/import/gnu/arm/5.4.1/bin/../lib/gcc/arm-none-eabi/5.4.1/../../../../arm-none-eabi/lib/armv6-m\libg_nano.a(lib_a-errno.o)
                              .\CortexM0\ARM_GCC_541\Debug\Cm0Start.o (__errno)
c:/program files (x86)/cypress/psoc creator/4.4/psoc creator/import/gnu/arm/5.4.1/bin/../lib/gcc/arm-none-eabi/5.4.1/../../../../arm-none-eabi/lib/armv6-m\libg_nano.a(lib_a-exit.o)
                              c:/program files (x86)/cypress/psoc creator/4.4/psoc creator/import/gnu/arm/5.4.1/bin/../lib/gcc/arm-none-eabi/5.4.1/../../../../arm-none-eabi/lib/armv6-m/crt0.o (exit)
c:/program files (x86)/cypress/psoc creator/4.4/psoc creator/import/gnu/arm/5.4.1/bin/../lib/gcc/arm-none-eabi/5.4.1/../../../../arm-none-eabi/lib/armv6-m\libg_nano.a(lib_a-impure.o)
                              c:/program files (x86)/cypress/psoc creator/4.4/psoc creator/import/gnu/arm/5.4.1/bin/../lib/gcc/arm-none-eabi/5.4.1/../../../../arm-none-eabi/lib/armv6-m\libg_nano.a(lib_a-exit.o) (_global_impure_ptr)
c:/program files (x86)/cypress/psoc creator/4.4/psoc creator/import/gnu/arm/5.4.1/bin/../lib/gcc/arm-none-eabi/5.4.1/../../../../arm-none-eabi/lib/armv6-m\libg_nano.a(lib_a-init.o)
                              c:/program files (x86)/cypress/psoc creator/4.4/psoc creator/import/gnu/arm/5.4.1/bin/../lib/gcc/arm-none-eabi/5.4.1/../../../../arm-none-eabi/lib/armv6-m/crt0.o (__libc_init_array)
c:/program files (x86)/cypress/psoc creator/4.4/psoc creator/import/gnu/arm/5.4.1/bin/../lib/gcc/arm-none-eabi/5.4.1/../../../../arm-none-eabi/lib/armv6-m\libg_nano.a(lib_a-memset.o)
                              c:/program files (x86)/cypress/psoc creator/4.4/psoc creator/import/gnu/arm/5.4.1/bin/../lib/gcc/arm-none-eabi/5.4.1/../../../../arm-none-eabi/lib/armv6-m/crt0.o (memset)

Allocating common symbols
Common symbol       size              file

EZI2C_offsetBuf1    0x1               .\CortexM0\ARM_GCC_541\Debug\Design09.a(EZI2C_EZI2C.o)
ADC_countsPer10Volt
                    0x4               .\CortexM0\ARM_GCC_541\Debug\Design09.a(ADC.o)
EZI2C_indexBuf1     0x2               .\CortexM0\ARM_GCC_541\Debug\Design09.a(EZI2C_EZI2C.o)
EZI2C_fsmState      0x1               .\CortexM0\ARM_GCC_541\Debug\Design09.a(EZI2C_EZI2C.o)
EZI2C_protectBuf1   0x2               .\CortexM0\ARM_GCC_541\Debug\Design09.a(EZI2C_EZI2C.o)
ADC_offset          0x2               .\CortexM0\ARM_GCC_541\Debug\Design09.a(ADC.o)
EZI2C_curStatus     0x1               .\CortexM0\ARM_GCC_541\Debug\Design09.a(EZI2C_EZI2C.o)
EZI2C_dataBuffer1   0x4               .\CortexM0\ARM_GCC_541\Debug\Design09.a(EZI2C_EZI2C.o)
EZI2C_bufSizeBuf1   0x2               .\CortexM0\ARM_GCC_541\Debug\Design09.a(EZI2C_EZI2C.o)

Discarded input sections

 .text          0x00000000        0x0 c:/program files (x86)/cypress/psoc creator/4.4/psoc creator/import/gnu/arm/5.4.1/bin/../lib/gcc/arm-none-eabi/5.4.1/armv6-m/crti.o
 .data          0x00000000        0x0 c:/program files (x86)/cypress/psoc creator/4.4/psoc creator/import/gnu/arm/5.4.1/bin/../lib/gcc/arm-none-eabi/5.4.1/armv6-m/crti.o
 .bss           0x00000000        0x0 c:/program files (x86)/cypress/psoc creator/4.4/psoc creator/import/gnu/arm/5.4.1/bin/../lib/gcc/arm-none-eabi/5.4.1/armv6-m/crti.o
 .data          0x00000000        0x4 c:/program files (x86)/cypress/psoc creator/4.4/psoc creator/import/gnu/arm/5.4.1/bin/../lib/gcc/arm-none-eabi/5.4.1/armv6-m/crtbegin.o
 .text          0x00000000       0x78 c:/program files (x86)/cypress/psoc creator/4.4/psoc creator/import/gnu/arm/5.4.1/bin/../lib/gcc/arm-none-eabi/5.4.1/../../../../arm-none-eabi/lib/armv6-m/crt0.o
 .data          0x00000000        0x0 c:/program files (x86)/cypress/psoc creator/4.4/psoc creator/import/gnu/arm/5.4.1/bin/../lib/gcc/arm-none-eabi/5.4.1/../../../../arm-none-eabi/lib/armv6-m/crt0.o
 .bss           0x00000000        0x0 c:/program files (x86)/cypress/psoc creator/4.4/psoc creator/import/gnu/arm/5.4.1/bin/../lib/gcc/arm-none-eabi/5.4.1/../../../../arm-none-eabi/lib/armv6-m/crt0.o
 .ARM.extab     0x00000000        0x0 c:/program files (x86)/cypress/psoc creator/4.4/psoc creator/import/gnu/arm/5.4.1/bin/../lib/gcc/arm-none-eabi/5.4.1/../../../../arm-none-eabi/lib/armv6-m/crt0.o
 .ARM.exidx     0x00000000        0x8 c:/program files (x86)/cypress/psoc creator/4.4/psoc creator/import/gnu/arm/5.4.1/bin/../lib/gcc/arm-none-eabi/5.4.1/../../../../arm-none-eabi/lib/armv6-m/crt0.o
 .text          0x00000000        0x0 .\CortexM0\ARM_GCC_541\Debug\main.o
 .data          0x00000000        0x0 .\CortexM0\ARM_GCC_541\Debug\main.o
 .bss           0x00000000        0x0 .\CortexM0\ARM_GCC_541\Debug\main.o
 .text          0x00000000        0x0 .\CortexM0\ARM_GCC_541\Debug\cyfitter_cfg.o
 .data          0x00000000        0x0 .\CortexM0\ARM_GCC_541\Debug\cyfitter_cfg.o
 .bss           0x00000000        0x0 .\CortexM0\ARM_GCC_541\Debug\cyfitter_cfg.o
 .text          0x00000000        0x0 .\CortexM0\ARM_GCC_541\Debug\cymetadata.o
 .data          0x00000000        0x0 .\CortexM0\ARM_GCC_541\Debug\cymetadata.o
 .bss           0x00000000        0x0 .\CortexM0\ARM_GCC_541\Debug\cymetadata.o
 .text          0x00000000        0x0 .\CortexM0\ARM_GCC_541\Debug\Cm0Start.o
 .data          0x00000000        0x4 .\CortexM0\ARM_GCC_541\Debug\Cm0Start.o
 .bss           0x00000000        0x0 .\CortexM0\ARM_GCC_541\Debug\Cm0Start.o
 .text._exit    0x00000000        0xc .\CortexM0\ARM_GCC_541\Debug\Cm0Start.o
 .text._sbrk    0x00000000       0x30 .\CortexM0\ARM_GCC_541\Debug\Cm0Start.o
 .text          0x00000000        0x0 .\CortexM0\ARM_GCC_541\Debug\Design09.a(LCD.o)
 .data          0x00000000        0x0 .\CortexM0\ARM_GCC_541\Debug\Design09.a(LCD.o)
 .text.LCD_PutChar
                0x00000000        0x8 .\CortexM0\ARM_GCC_541\Debug\Design09.a(LCD.o)
 .text.LCD_Stop
                0x00000000       0x14 .\CortexM0\ARM_GCC_541\Debug\Design09.a(LCD.o)
 .text.LCD_PrintInt8
                0x00000000       0x20 .\CortexM0\ARM_GCC_541\Debug\Design09.a(LCD.o)
 .text.LCD_PrintInt16
                0x00000000       0x14 .\CortexM0\ARM_GCC_541\Debug\Design09.a(LCD.o)
 .text.LCD_PrintInt32
                0x00000000       0x1c .\CortexM0\ARM_GCC_541\Debug\Design09.a(LCD.o)
 .rodata        0x00000000       0x10 .\CortexM0\ARM_GCC_541\Debug\Design09.a(LCD.o)
 .text          0x00000000        0x0 .\CortexM0\ARM_GCC_541\Debug\Design09.a(ADC.o)
 .data          0x00000000        0x0 .\CortexM0\ARM_GCC_541\Debug\Design09.a(ADC.o)
 .text.ADC_Stop
                0x00000000       0x10 .\CortexM0\ARM_GCC_541\Debug\Design09.a(ADC.o)
 .text.ADC_StopConvert
                0x00000000       0x14 .\CortexM0\ARM_GCC_541\Debug\Design09.a(ADC.o)
 .text.ADC_IsEndConversion
                0x00000000       0x28 .\CortexM0\ARM_GCC_541\Debug\Design09.a(ADC.o)
 .text.ADC_SetChanMask
                0x00000000       0x10 .\CortexM0\ARM_GCC_541\Debug\Design09.a(ADC.o)
 .text.ADC_SetLowLimit
                0x00000000       0x1c .\CortexM0\ARM_GCC_541\Debug\Design09.a(ADC.o)
 .text.ADC_SetHighLimit
                0x00000000       0x18 .\CortexM0\ARM_GCC_541\Debug\Design09.a(ADC.o)
 .text.ADC_SetLimitMask
                0x00000000       0x10 .\CortexM0\ARM_GCC_541\Debug\Design09.a(ADC.o)
 .text.ADC_SetSatMask
                0x00000000       0x10 .\CortexM0\ARM_GCC_541\Debug\Design09.a(ADC.o)
 .text.ADC_SetOffset
                0x00000000       0x1c .\CortexM0\ARM_GCC_541\Debug\Design09.a(ADC.o)
 .text.ADC_SetGain
                0x00000000       0x1c .\CortexM0\ARM_GCC_541\Debug\Design09.a(ADC.o)
 .text.ADC_CountsTo_uVolts
                0x00000000       0x40 .\CortexM0\ARM_GCC_541\Debug\Design09.a(ADC.o)
 .text.ADC_CountsTo_Volts
                0x00000000       0x48 .\CortexM0\ARM_GCC_541\Debug\Design09.a(ADC.o)
 .text          0x00000000        0x0 .\CortexM0\ARM_GCC_541\Debug\Design09.a(ADC_INT.o)
 .data          0x00000000        0x0 .\CortexM0\ARM_GCC_541\Debug\Design09.a(ADC_INT.o)
 .bss           0x00000000        0x0 .\CortexM0\ARM_GCC_541\Debug\Design09.a(ADC_INT.o)
 .text          0x00000000        0x0 .\CortexM0\ARM_GCC_541\Debug\Design09.a(CyLib.o)
 .bss           0x00000000       0x18 .\CortexM0\ARM_GCC_541\Debug\Design09.a(CyLib.o)
 .text.CySysClkImoStart
                0x00000000       0x14 .\CortexM0\ARM_GCC_541\Debug\Design09.a(CyLib.o)
 .text.CySysClkImoStop
                0x00000000       0x10 .\CortexM0\ARM_GCC_541\Debug\Design09.a(CyLib.o)
 .text.CySysClkWriteHfclkDirect
                0x00000000       0x20 .\CortexM0\ARM_GCC_541\Debug\Design09.a(CyLib.o)
 .text.CySysEnablePumpClock
                0x00000000       0x38 .\CortexM0\ARM_GCC_541\Debug\Design09.a(CyLib.o)
 .text.CySysClkGetSysclkSource
                0x00000000       0x1c .\CortexM0\ARM_GCC_541\Debug\Design09.a(CyLib.o)
 .text.CySysClkWriteSysclkDiv
                0x00000000       0x30 .\CortexM0\ARM_GCC_541\Debug\Design09.a(CyLib.o)
 .text.CySysLvdDisable
                0x00000000       0x20 .\CortexM0\ARM_GCC_541\Debug\Design09.a(CyLib.o)
 .text.CySysLvdGetInterruptSource
                0x00000000       0x10 .\CortexM0\ARM_GCC_541\Debug\Design09.a(CyLib.o)
 .text.CySysLvdClearInterrupt
                0x00000000        0xc .\CortexM0\ARM_GCC_541\Debug\Design09.a(CyLib.o)
 .text.CySysGetResetReason
                0x00000000       0x14 .\CortexM0\ARM_GCC_541\Debug\Design09.a(CyLib.o)
 .text.CyDisableInts
                0x00000000       0x10 .\CortexM0\ARM_GCC_541\Debug\Design09.a(CyLib.o)
 .text.CyEnableInts
                0x00000000        0xc .\CortexM0\ARM_GCC_541\Debug\Design09.a(CyLib.o)
 .text.CyIntGetState
                0x00000000       0x18 .\CortexM0\ARM_GCC_541\Debug\Design09.a(CyLib.o)
 .text.CyIntSetPending
                0x00000000       0x14 .\CortexM0\ARM_GCC_541\Debug\Design09.a(CyLib.o)
 .text.CyIntClearPending
                0x00000000       0x14 .\CortexM0\ARM_GCC_541\Debug\Design09.a(CyLib.o)
 .text.CyIntSetSysVector
                0x00000000       0x20 .\CortexM0\ARM_GCC_541\Debug\Design09.a(CyLib.o)
 .text.CyIntGetSysVector
                0x00000000       0x1c .\CortexM0\ARM_GCC_541\Debug\Design09.a(CyLib.o)
 .text.CyIntGetVector
                0x00000000       0x20 .\CortexM0\ARM_GCC_541\Debug\Design09.a(CyLib.o)
 .text.CyIntGetPriority
                0x00000000       0x2c .\CortexM0\ARM_GCC_541\Debug\Design09.a(CyLib.o)
 .text.CySoftwareReset
                0x00000000       0x18 .\CortexM0\ARM_GCC_541\Debug\Design09.a(CyLib.o)
 .text.CySysLvdEnable
                0x00000000       0x44 .\CortexM0\ARM_GCC_541\Debug\Design09.a(CyLib.o)
 .text.CyDelayFreq
                0x00000000       0x4c .\CortexM0\ARM_GCC_541\Debug\Design09.a(CyLib.o)
 .text.CySysTickStop
                0x00000000       0x10 .\CortexM0\ARM_GCC_541\Debug\Design09.a(CyLib.o)
 .text.CySysTickEnableInterrupt
                0x00000000       0x10 .\CortexM0\ARM_GCC_541\Debug\Design09.a(CyLib.o)
 .text.CySysTickEnable
                0x00000000       0x18 .\CortexM0\ARM_GCC_541\Debug\Design09.a(CyLib.o)
 .text.CySysTickDisableInterrupt
                0x00000000       0x10 .\CortexM0\ARM_GCC_541\Debug\Design09.a(CyLib.o)
 .text.CySysTickSetReload
                0x00000000       0x10 .\CortexM0\ARM_GCC_541\Debug\Design09.a(CyLib.o)
 .text.CySysTickGetReload
                0x00000000       0x10 .\CortexM0\ARM_GCC_541\Debug\Design09.a(CyLib.o)
 .text.CySysTickGetValue
                0x00000000       0x10 .\CortexM0\ARM_GCC_541\Debug\Design09.a(CyLib.o)
 .text.CySysTickGetCountFlag
                0x00000000       0x10 .\CortexM0\ARM_GCC_541\Debug\Design09.a(CyLib.o)
 .text.CySysTickServiceCallbacks
                0x00000000       0x28 .\CortexM0\ARM_GCC_541\Debug\Design09.a(CyLib.o)
 .text.CySysTickClear
                0x00000000        0xc .\CortexM0\ARM_GCC_541\Debug\Design09.a(CyLib.o)
 .text.CySysTickInit
                0x00000000       0x40 .\CortexM0\ARM_GCC_541\Debug\Design09.a(CyLib.o)
 .text.CySysTickStart
                0x00000000       0x20 .\CortexM0\ARM_GCC_541\Debug\Design09.a(CyLib.o)
 .text.CySysTickSetCallback
                0x00000000       0x10 .\CortexM0\ARM_GCC_541\Debug\Design09.a(CyLib.o)
 .text.CySysTickGetCallback
                0x00000000        0xc .\CortexM0\ARM_GCC_541\Debug\Design09.a(CyLib.o)
 .text.CyGetUniqueId
                0x00000000       0x70 .\CortexM0\ARM_GCC_541\Debug\Design09.a(CyLib.o)
 .text          0x00000000        0x0 .\CortexM0\ARM_GCC_541\Debug\Design09.a(CyLFClk.o)
 .text.CySysClkIloEnabled
                0x00000000       0x14 .\CortexM0\ARM_GCC_541\Debug\Design09.a(CyLFClk.o)
 .text.CySysClkIloStart
                0x00000000       0x14 .\CortexM0\ARM_GCC_541\Debug\Design09.a(CyLFClk.o)
 .text.CySysClkIloStartMeasurement
                0x00000000       0x34 .\CortexM0\ARM_GCC_541\Debug\Design09.a(CyLFClk.o)
 .text.CySysClkIloStopMeasurement
                0x00000000       0x14 .\CortexM0\ARM_GCC_541\Debug\Design09.a(CyLFClk.o)
 .text.CySysClkIloCompensate
                0x00000000      0x104 .\CortexM0\ARM_GCC_541\Debug\Design09.a(CyLFClk.o)
 .text.CySysWdtGetEnabledStatus
                0x00000000       0x24 .\CortexM0\ARM_GCC_541\Debug\Design09.a(CyLFClk.o)
 .text.CySysWdtSetMode
                0x00000000       0x38 .\CortexM0\ARM_GCC_541\Debug\Design09.a(CyLFClk.o)
 .text.CySysClkLfclkPosedgeRestore
                0x00000000       0x2c .\CortexM0\ARM_GCC_541\Debug\Design09.a(CyLFClk.o)
 .text.CySysWdtGetMode
                0x00000000       0x14 .\CortexM0\ARM_GCC_541\Debug\Design09.a(CyLFClk.o)
 .text.CySysWdtSetClearOnMatch
                0x00000000       0x34 .\CortexM0\ARM_GCC_541\Debug\Design09.a(CyLFClk.o)
 .text.CySysWdtGetClearOnMatch
                0x00000000       0x24 .\CortexM0\ARM_GCC_541\Debug\Design09.a(CyLFClk.o)
 .text.CySysWdtEnable
                0x00000000       0x40 .\CortexM0\ARM_GCC_541\Debug\Design09.a(CyLFClk.o)
 .text.CySysWdtDisable
                0x00000000       0x44 .\CortexM0\ARM_GCC_541\Debug\Design09.a(CyLFClk.o)
 .text.CySysWdtSetCascade
                0x00000000       0x34 .\CortexM0\ARM_GCC_541\Debug\Design09.a(CyLFClk.o)
 .text.CySysWdtGetCascade
                0x00000000       0x14 .\CortexM0\ARM_GCC_541\Debug\Design09.a(CyLFClk.o)
 .text.CySysWdtSetMatch
                0x00000000       0x38 .\CortexM0\ARM_GCC_541\Debug\Design09.a(CyLFClk.o)
 .text.CySysWdtSetToggleBit
                0x00000000       0x30 .\CortexM0\ARM_GCC_541\Debug\Design09.a(CyLFClk.o)
 .text.CySysWdtGetToggleBit
                0x00000000       0x10 .\CortexM0\ARM_GCC_541\Debug\Design09.a(CyLFClk.o)
 .text.CySysWdtGetMatch
                0x00000000       0x20 .\CortexM0\ARM_GCC_541\Debug\Design09.a(CyLFClk.o)
 .text.CySysWdtGetCount
                0x00000000       0x3c .\CortexM0\ARM_GCC_541\Debug\Design09.a(CyLFClk.o)
 .text.CySysClkLfclkPosedgeCatch
                0x00000000       0x74 .\CortexM0\ARM_GCC_541\Debug\Design09.a(CyLFClk.o)
 .text.CySysClkIloStop
                0x00000000       0x38 .\CortexM0\ARM_GCC_541\Debug\Design09.a(CyLFClk.o)
 .text.CySysWdtGetInterruptSource
                0x00000000       0x14 .\CortexM0\ARM_GCC_541\Debug\Design09.a(CyLFClk.o)
 .text.CySysWdtResetCounters
                0x00000000       0x20 .\CortexM0\ARM_GCC_541\Debug\Design09.a(CyLFClk.o)
 .text.CySysWdtSetInterruptCallback
                0x00000000       0x20 .\CortexM0\ARM_GCC_541\Debug\Design09.a(CyLFClk.o)
 .text.CySysWdtGetInterruptCallback
                0x00000000       0x20 .\CortexM0\ARM_GCC_541\Debug\Design09.a(CyLFClk.o)
 .text.CySysWdtEnableCounterIsr
                0x00000000       0x34 .\CortexM0\ARM_GCC_541\Debug\Design09.a(CyLFClk.o)
 .text.CySysWdtDisableCounterIsr
                0x00000000       0x28 .\CortexM0\ARM_GCC_541\Debug\Design09.a(CyLFClk.o)
 .text.CySysWatchdogFeed
                0x00000000       0x60 .\CortexM0\ARM_GCC_541\Debug\Design09.a(CyLFClk.o)
 .text.CySysTimerDelayUntilMatch
                0x00000000       0x6c .\CortexM0\ARM_GCC_541\Debug\Design09.a(CyLFClk.o)
 .text.CySysTimerDelay
                0x00000000       0x3c .\CortexM0\ARM_GCC_541\Debug\Design09.a(CyLFClk.o)
 .rodata        0x00000000        0xc .\CortexM0\ARM_GCC_541\Debug\Design09.a(CyLFClk.o)
 .text          0x00000000        0x0 .\CortexM0\ARM_GCC_541\Debug\Design09.a(EZI2C.o)
 .data          0x00000000        0x0 .\CortexM0\ARM_GCC_541\Debug\Design09.a(EZI2C.o)
 .text.EZI2C_ScbModeStop
                0x00000000        0x8 .\CortexM0\ARM_GCC_541\Debug\Design09.a(EZI2C.o)
 .text.EZI2C_Stop
                0x00000000       0x2c .\CortexM0\ARM_GCC_541\Debug\Design09.a(EZI2C.o)
 .text.EZI2C_SetRxFifoLevel
                0x00000000       0x14 .\CortexM0\ARM_GCC_541\Debug\Design09.a(EZI2C.o)
 .text.EZI2C_SetTxFifoLevel
                0x00000000       0x14 .\CortexM0\ARM_GCC_541\Debug\Design09.a(EZI2C.o)
 .text.EZI2C_SetCustomInterruptHandler
                0x00000000        0xc .\CortexM0\ARM_GCC_541\Debug\Design09.a(EZI2C.o)
 .text          0x00000000        0x0 .\CortexM0\ARM_GCC_541\Debug\Design09.a(EZI2C_EZI2C.o)
 .data          0x00000000        0x0 .\CortexM0\ARM_GCC_541\Debug\Design09.a(EZI2C_EZI2C.o)
 .bss           0x00000000        0x0 .\CortexM0\ARM_GCC_541\Debug\Design09.a(EZI2C_EZI2C.o)
 .text.EZI2C_EzI2CStop
                0x00000000        0xc .\CortexM0\ARM_GCC_541\Debug\Design09.a(EZI2C_EZI2C.o)
 .text.EZI2C_EzI2CGetActivity
                0x00000000       0x24 .\CortexM0\ARM_GCC_541\Debug\Design09.a(EZI2C_EZI2C.o)
 .text.EZI2C_EzI2CSetAddress1
                0x00000000       0x18 .\CortexM0\ARM_GCC_541\Debug\Design09.a(EZI2C_EZI2C.o)
 .text.EZI2C_EzI2CGetAddress1
                0x00000000       0x10 .\CortexM0\ARM_GCC_541\Debug\Design09.a(EZI2C_EZI2C.o)
 .text.EZI2C_EzI2CSetReadBoundaryBuffer1
                0x00000000        0xc .\CortexM0\ARM_GCC_541\Debug\Design09.a(EZI2C_EZI2C.o)
 .text          0x00000000        0x0 .\CortexM0\ARM_GCC_541\Debug\Design09.a(EZI2C_EZI2C_INT.o)
 .data          0x00000000        0x0 .\CortexM0\ARM_GCC_541\Debug\Design09.a(EZI2C_EZI2C_INT.o)
 .data          0x00000000        0x0 .\CortexM0\ARM_GCC_541\Debug\Design09.a(CyBootAsmGnu.o)
 .bss           0x00000000        0x0 .\CortexM0\ARM_GCC_541\Debug\Design09.a(CyBootAsmGnu.o)
 .data          0x00000000        0x0 c:/program files (x86)/cypress/psoc creator/4.4/psoc creator/import/gnu/arm/5.4.1/bin/../lib/gcc/arm-none-eabi/5.4.1/armv6-m\libgcc.a(_udivsi3.o)
 .bss           0x00000000        0x0 c:/program files (x86)/cypress/psoc creator/4.4/psoc creator/import/gnu/arm/5.4.1/bin/../lib/gcc/arm-none-eabi/5.4.1/armv6-m\libgcc.a(_udivsi3.o)
 .data          0x00000000        0x0 c:/program files (x86)/cypress/psoc creator/4.4/psoc creator/import/gnu/arm/5.4.1/bin/../lib/gcc/arm-none-eabi/5.4.1/armv6-m\libgcc.a(_divsi3.o)
 .bss           0x00000000        0x0 c:/program files (x86)/cypress/psoc creator/4.4/psoc creator/import/gnu/arm/5.4.1/bin/../lib/gcc/arm-none-eabi/5.4.1/armv6-m\libgcc.a(_divsi3.o)
 .data          0x00000000        0x0 c:/program files (x86)/cypress/psoc creator/4.4/psoc creator/import/gnu/arm/5.4.1/bin/../lib/gcc/arm-none-eabi/5.4.1/armv6-m\libgcc.a(_dvmd_tls.o)
 .bss           0x00000000        0x0 c:/program files (x86)/cypress/psoc creator/4.4/psoc creator/import/gnu/arm/5.4.1/bin/../lib/gcc/arm-none-eabi/5.4.1/armv6-m\libgcc.a(_dvmd_tls.o)
 .text          0x00000000       0x48 c:/program files (x86)/cypress/psoc creator/4.4/psoc creator/import/gnu/arm/5.4.1/bin/../lib/gcc/arm-none-eabi/5.4.1/armv6-m\libgcc.a(_aeabi_ldivmod.o)
 .data          0x00000000        0x0 c:/program files (x86)/cypress/psoc creator/4.4/psoc creator/import/gnu/arm/5.4.1/bin/../lib/gcc/arm-none-eabi/5.4.1/armv6-m\libgcc.a(_aeabi_ldivmod.o)
 .bss           0x00000000        0x0 c:/program files (x86)/cypress/psoc creator/4.4/psoc creator/import/gnu/arm/5.4.1/bin/../lib/gcc/arm-none-eabi/5.4.1/armv6-m\libgcc.a(_aeabi_ldivmod.o)
 .text          0x00000000       0x58 c:/program files (x86)/cypress/psoc creator/4.4/psoc creator/import/gnu/arm/5.4.1/bin/../lib/gcc/arm-none-eabi/5.4.1/armv6-m\libgcc.a(_muldi3.o)
 .data          0x00000000        0x0 c:/program files (x86)/cypress/psoc creator/4.4/psoc creator/import/gnu/arm/5.4.1/bin/../lib/gcc/arm-none-eabi/5.4.1/armv6-m\libgcc.a(_muldi3.o)
 .bss           0x00000000        0x0 c:/program files (x86)/cypress/psoc creator/4.4/psoc creator/import/gnu/arm/5.4.1/bin/../lib/gcc/arm-none-eabi/5.4.1/armv6-m\libgcc.a(_muldi3.o)
 .text          0x00000000       0x38 c:/program files (x86)/cypress/psoc creator/4.4/psoc creator/import/gnu/arm/5.4.1/bin/../lib/gcc/arm-none-eabi/5.4.1/armv6-m\libgcc.a(bpabi.o)
 .data          0x00000000        0x0 c:/program files (x86)/cypress/psoc creator/4.4/psoc creator/import/gnu/arm/5.4.1/bin/../lib/gcc/arm-none-eabi/5.4.1/armv6-m\libgcc.a(bpabi.o)
 .bss           0x00000000        0x0 c:/program files (x86)/cypress/psoc creator/4.4/psoc creator/import/gnu/arm/5.4.1/bin/../lib/gcc/arm-none-eabi/5.4.1/armv6-m\libgcc.a(bpabi.o)
 .text          0x00000000      0x234 c:/program files (x86)/cypress/psoc creator/4.4/psoc creator/import/gnu/arm/5.4.1/bin/../lib/gcc/arm-none-eabi/5.4.1/armv6-m\libgcc.a(divsf3.o)
 .data          0x00000000        0x0 c:/program files (x86)/cypress/psoc creator/4.4/psoc creator/import/gnu/arm/5.4.1/bin/../lib/gcc/arm-none-eabi/5.4.1/armv6-m\libgcc.a(divsf3.o)
 .bss           0x00000000        0x0 c:/program files (x86)/cypress/psoc creator/4.4/psoc creator/import/gnu/arm/5.4.1/bin/../lib/gcc/arm-none-eabi/5.4.1/armv6-m\libgcc.a(divsf3.o)
 .rodata        0x00000000       0x80 c:/program files (x86)/cypress/psoc creator/4.4/psoc creator/import/gnu/arm/5.4.1/bin/../lib/gcc/arm-none-eabi/5.4.1/armv6-m\libgcc.a(divsf3.o)
 .text          0x00000000      0x228 c:/program files (x86)/cypress/psoc creator/4.4/psoc creator/import/gnu/arm/5.4.1/bin/../lib/gcc/arm-none-eabi/5.4.1/armv6-m\libgcc.a(mulsf3.o)
 .data          0x00000000        0x0 c:/program files (x86)/cypress/psoc creator/4.4/psoc creator/import/gnu/arm/5.4.1/bin/../lib/gcc/arm-none-eabi/5.4.1/armv6-m\libgcc.a(mulsf3.o)
 .bss           0x00000000        0x0 c:/program files (x86)/cypress/psoc creator/4.4/psoc creator/import/gnu/arm/5.4.1/bin/../lib/gcc/arm-none-eabi/5.4.1/armv6-m\libgcc.a(mulsf3.o)
 .rodata        0x00000000       0x40 c:/program files (x86)/cypress/psoc creator/4.4/psoc creator/import/gnu/arm/5.4.1/bin/../lib/gcc/arm-none-eabi/5.4.1/armv6-m\libgcc.a(mulsf3.o)
 .text          0x00000000       0x90 c:/program files (x86)/cypress/psoc creator/4.4/psoc creator/import/gnu/arm/5.4.1/bin/../lib/gcc/arm-none-eabi/5.4.1/armv6-m\libgcc.a(floatsisf.o)
 .data          0x00000000        0x0 c:/program files (x86)/cypress/psoc creator/4.4/psoc creator/import/gnu/arm/5.4.1/bin/../lib/gcc/arm-none-eabi/5.4.1/armv6-m\libgcc.a(floatsisf.o)
 .bss           0x00000000        0x0 c:/program files (x86)/cypress/psoc creator/4.4/psoc creator/import/gnu/arm/5.4.1/bin/../lib/gcc/arm-none-eabi/5.4.1/armv6-m\libgcc.a(floatsisf.o)
 .text          0x00000000       0x3c c:/program files (x86)/cypress/psoc creator/4.4/psoc creator/import/gnu/arm/5.4.1/bin/../lib/gcc/arm-none-eabi/5.4.1/armv6-m\libgcc.a(_clzsi2.o)
 .data          0x00000000        0x0 c:/program files (x86)/cypress/psoc creator/4.4/psoc creator/import/gnu/arm/5.4.1/bin/../lib/gcc/arm-none-eabi/5.4.1/armv6-m\libgcc.a(_clzsi2.o)
 .bss           0x00000000        0x0 c:/program files (x86)/cypress/psoc creator/4.4/psoc creator/import/gnu/arm/5.4.1/bin/../lib/gcc/arm-none-eabi/5.4.1/armv6-m\libgcc.a(_clzsi2.o)
 .text          0x00000000      0x1bc c:/program files (x86)/cypress/psoc creator/4.4/psoc creator/import/gnu/arm/5.4.1/bin/../lib/gcc/arm-none-eabi/5.4.1/armv6-m\libgcc.a(_divdi3.o)
 .data          0x00000000        0x0 c:/program files (x86)/cypress/psoc creator/4.4/psoc creator/import/gnu/arm/5.4.1/bin/../lib/gcc/arm-none-eabi/5.4.1/armv6-m\libgcc.a(_divdi3.o)
 .bss           0x00000000        0x0 c:/program files (x86)/cypress/psoc creator/4.4/psoc creator/import/gnu/arm/5.4.1/bin/../lib/gcc/arm-none-eabi/5.4.1/armv6-m\libgcc.a(_divdi3.o)
 .ARM.extab     0x00000000        0x0 c:/program files (x86)/cypress/psoc creator/4.4/psoc creator/import/gnu/arm/5.4.1/bin/../lib/gcc/arm-none-eabi/5.4.1/armv6-m\libgcc.a(_divdi3.o)
 .ARM.exidx     0x00000000        0x8 c:/program files (x86)/cypress/psoc creator/4.4/psoc creator/import/gnu/arm/5.4.1/bin/../lib/gcc/arm-none-eabi/5.4.1/armv6-m\libgcc.a(_divdi3.o)
 .text          0x00000000       0x18 c:/program files (x86)/cypress/psoc creator/4.4/psoc creator/import/gnu/arm/5.4.1/bin/../lib/gcc/arm-none-eabi/5.4.1/armv6-m\libgcc.a(_clzdi2.o)
 .data          0x00000000        0x0 c:/program files (x86)/cypress/psoc creator/4.4/psoc creator/import/gnu/arm/5.4.1/bin/../lib/gcc/arm-none-eabi/5.4.1/armv6-m\libgcc.a(_clzdi2.o)
 .bss           0x00000000        0x0 c:/program files (x86)/cypress/psoc creator/4.4/psoc creator/import/gnu/arm/5.4.1/bin/../lib/gcc/arm-none-eabi/5.4.1/armv6-m\libgcc.a(_clzdi2.o)
 .text          0x00000000        0x0 c:/program files (x86)/cypress/psoc creator/4.4/psoc creator/import/gnu/arm/5.4.1/bin/../lib/gcc/arm-none-eabi/5.4.1/../../../../arm-none-eabi/lib/armv6-m\libg_nano.a(lib_a-errno.o)
 .data          0x00000000        0x0 c:/program files (x86)/cypress/psoc creator/4.4/psoc creator/import/gnu/arm/5.4.1/bin/../lib/gcc/arm-none-eabi/5.4.1/../../../../arm-none-eabi/lib/armv6-m\libg_nano.a(lib_a-errno.o)
 .bss           0x00000000        0x0 c:/program files (x86)/cypress/psoc creator/4.4/psoc creator/import/gnu/arm/5.4.1/bin/../lib/gcc/arm-none-eabi/5.4.1/../../../../arm-none-eabi/lib/armv6-m\libg_nano.a(lib_a-errno.o)
 .text          0x00000000        0x0 c:/program files (x86)/cypress/psoc creator/4.4/psoc creator/import/gnu/arm/5.4.1/bin/../lib/gcc/arm-none-eabi/5.4.1/../../../../arm-none-eabi/lib/armv6-m\libg_nano.a(lib_a-exit.o)
 .data          0x00000000        0x0 c:/program files (x86)/cypress/psoc creator/4.4/psoc creator/import/gnu/arm/5.4.1/bin/../lib/gcc/arm-none-eabi/5.4.1/../../../../arm-none-eabi/lib/armv6-m\libg_nano.a(lib_a-exit.o)
 .bss           0x00000000        0x0 c:/program files (x86)/cypress/psoc creator/4.4/psoc creator/import/gnu/arm/5.4.1/bin/../lib/gcc/arm-none-eabi/5.4.1/../../../../arm-none-eabi/lib/armv6-m\libg_nano.a(lib_a-exit.o)
 .text.exit     0x00000000       0x2c c:/program files (x86)/cypress/psoc creator/4.4/psoc creator/import/gnu/arm/5.4.1/bin/../lib/gcc/arm-none-eabi/5.4.1/../../../../arm-none-eabi/lib/armv6-m\libg_nano.a(lib_a-exit.o)
 .text          0x00000000        0x0 c:/program files (x86)/cypress/psoc creator/4.4/psoc creator/import/gnu/arm/5.4.1/bin/../lib/gcc/arm-none-eabi/5.4.1/../../../../arm-none-eabi/lib/armv6-m\libg_nano.a(lib_a-impure.o)
 .data          0x00000000        0x0 c:/program files (x86)/cypress/psoc creator/4.4/psoc creator/import/gnu/arm/5.4.1/bin/../lib/gcc/arm-none-eabi/5.4.1/../../../../arm-none-eabi/lib/armv6-m\libg_nano.a(lib_a-impure.o)
 .bss           0x00000000        0x0 c:/program files (x86)/cypress/psoc creator/4.4/psoc creator/import/gnu/arm/5.4.1/bin/../lib/gcc/arm-none-eabi/5.4.1/../../../../arm-none-eabi/lib/armv6-m\libg_nano.a(lib_a-impure.o)
 .rodata._global_impure_ptr
                0x00000000        0x4 c:/program files (x86)/cypress/psoc creator/4.4/psoc creator/import/gnu/arm/5.4.1/bin/../lib/gcc/arm-none-eabi/5.4.1/../../../../arm-none-eabi/lib/armv6-m\libg_nano.a(lib_a-impure.o)
 .text          0x00000000        0x0 c:/program files (x86)/cypress/psoc creator/4.4/psoc creator/import/gnu/arm/5.4.1/bin/../lib/gcc/arm-none-eabi/5.4.1/../../../../arm-none-eabi/lib/armv6-m\libg_nano.a(lib_a-init.o)
 .data          0x00000000        0x0 c:/program files (x86)/cypress/psoc creator/4.4/psoc creator/import/gnu/arm/5.4.1/bin/../lib/gcc/arm-none-eabi/5.4.1/../../../../arm-none-eabi/lib/armv6-m\libg_nano.a(lib_a-init.o)
 .bss           0x00000000        0x0 c:/program files (x86)/cypress/psoc creator/4.4/psoc creator/import/gnu/arm/5.4.1/bin/../lib/gcc/arm-none-eabi/5.4.1/../../../../arm-none-eabi/lib/armv6-m\libg_nano.a(lib_a-init.o)
 .text          0x00000000        0x0 c:/program files (x86)/cypress/psoc creator/4.4/psoc creator/import/gnu/arm/5.4.1/bin/../lib/gcc/arm-none-eabi/5.4.1/../../../../arm-none-eabi/lib/armv6-m\libg_nano.a(lib_a-memset.o)
 .data          0x00000000        0x0 c:/program files (x86)/cypress/psoc creator/4.4/psoc creator/import/gnu/arm/5.4.1/bin/../lib/gcc/arm-none-eabi/5.4.1/../../../../arm-none-eabi/lib/armv6-m\libg_nano.a(lib_a-memset.o)
 .bss           0x00000000        0x0 c:/program files (x86)/cypress/psoc creator/4.4/psoc creator/import/gnu/arm/5.4.1/bin/../lib/gcc/arm-none-eabi/5.4.1/../../../../arm-none-eabi/lib/armv6-m\libg_nano.a(lib_a-memset.o)
 .text          0x00000000        0x0 c:/program files (x86)/cypress/psoc creator/4.4/psoc creator/import/gnu/arm/5.4.1/bin/../lib/gcc/arm-none-eabi/5.4.1/armv6-m/crtend.o
 .data          0x00000000        0x0 c:/program files (x86)/cypress/psoc creator/4.4/psoc creator/import/gnu/arm/5.4.1/bin/../lib/gcc/arm-none-eabi/5.4.1/armv6-m/crtend.o
 .bss           0x00000000        0x0 c:/program files (x86)/cypress/psoc creator/4.4/psoc creator/import/gnu/arm/5.4.1/bin/../lib/gcc/arm-none-eabi/5.4.1/armv6-m/crtend.o
 .text          0x00000000        0x0 c:/program files (x86)/cypress/psoc creator/4.4/psoc creator/import/gnu/arm/5.4.1/bin/../lib/gcc/arm-none-eabi/5.4.1/armv6-m/crtn.o
 .data          0x00000000        0x0 c:/program files (x86)/cypress/psoc creator/4.4/psoc creator/import/gnu/arm/5.4.1/bin/../lib/gcc/arm-none-eabi/5.4.1/armv6-m/crtn.o
 .bss           0x00000000        0x0 c:/program files (x86)/cypress/psoc creator/4.4/psoc creator/import/gnu/arm/5.4.1/bin/../lib/gcc/arm-none-eabi/5.4.1/armv6-m/crtn.o

Memory Configuration

Name             Origin             Length             Attributes
rom              0x00000000         0x00008000         xr
ram              0x20000000         0x00001000         xrw
*default*        0x00000000         0xffffffff

Linker script and memory map

LOAD c:/program files (x86)/cypress/psoc creator/4.4/psoc creator/import/gnu/arm/5.4.1/bin/../lib/gcc/arm-none-eabi/5.4.1/armv6-m/crti.o
LOAD c:/program files (x86)/cypress/psoc creator/4.4/psoc creator/import/gnu/arm/5.4.1/bin/../lib/gcc/arm-none-eabi/5.4.1/armv6-m/crtbegin.o
LOAD c:/program files (x86)/cypress/psoc creator/4.4/psoc creator/import/gnu/arm/5.4.1/bin/../lib/gcc/arm-none-eabi/5.4.1/../../../../arm-none-eabi/lib/armv6-m/crt0.o
START GROUP
LOAD .\CortexM0\ARM_GCC_541\Debug\main.o
LOAD .\CortexM0\ARM_GCC_541\Debug\cyfitter_cfg.o
LOAD .\CortexM0\ARM_GCC_541\Debug\cymetadata.o
LOAD .\CortexM0\ARM_GCC_541\Debug\Cm0Start.o
LOAD .\CortexM0\ARM_GCC_541\Debug\Design09.a
END GROUP
START GROUP
LOAD c:/program files (x86)/cypress/psoc creator/4.4/psoc creator/import/gnu/arm/5.4.1/bin/../lib/gcc/arm-none-eabi/5.4.1/armv6-m\libgcc.a
LOAD c:/program files (x86)/cypress/psoc creator/4.4/psoc creator/import/gnu/arm/5.4.1/bin/../lib/gcc/arm-none-eabi/5.4.1/../../../../arm-none-eabi/lib/armv6-m\libg_nano.a
LOAD c:/program files (x86)/cypress/psoc creator/4.4/psoc creator/import/gnu/arm/5.4.1/bin/../lib/gcc/arm-none-eabi/5.4.1/../../../../arm-none-eabi/lib/armv6-m\libc_nano.a
END GROUP
START GROUP
LOAD c:/program files (x86)/cypress/psoc creator/4.4/psoc creator/import/gnu/arm/5.4.1/bin/../lib/gcc/arm-none-eabi/5.4.1/armv6-m\libgcc.a
LOAD c:/program files (x86)/cypress/psoc creator/4.4/psoc creator/import/gnu/arm/5.4.1/bin/../lib/gcc/arm-none-eabi/5.4.1/../../../../arm-none-eabi/lib/armv6-m\libc_nano.a
END GROUP
LOAD c:/program files (x86)/cypress/psoc creator/4.4/psoc creator/import/gnu/arm/5.4.1/bin/../lib/gcc/arm-none-eabi/5.4.1/armv6-m/crtend.o
LOAD c:/program files (x86)/cypress/psoc creator/4.4/psoc creator/import/gnu/arm/5.4.1/bin/../lib/gcc/arm-none-eabi/5.4.1/armv6-m/crtn.o
START GROUP
LOAD c:/program files (x86)/cypress/psoc creator/4.4/psoc creator/import/gnu/arm/5.4.1/bin/../lib/gcc/arm-none-eabi/5.4.1/armv6-m\libgcc.a
LOAD c:/program files (x86)/cypress/psoc creator/4.4/psoc creator/import/gnu/arm/5.4.1/bin/../lib/gcc/arm-none-eabi/5.4.1/../../../../arm-none-eabi/lib/armv6-m\libc.a
LOAD c:/program files (x86)/cypress/psoc creator/4.4/psoc creator/import/gnu/arm/5.4.1/bin/../lib/gcc/arm-none-eabi/5.4.1/../../../../arm-none-eabi/lib/armv6-m\libnosys.a
END GROUP
                0x00000000                CY_APPL_ORIGIN = 0x0
                0x00000080                CY_FLASH_ROW_SIZE = 0x80
                0x00000001                CY_APPL_NUM = 0x1
                0x00000001                CY_APPL_MAX = 0x1
                0x00000040                CY_METADATA_SIZE = 0x40
                0x00000000                CY_APPL_LOADABLE = 0x0
                0x00000000                CY_CHECKSUM_EXCLUDE_SIZE = ALIGN (0x0, CY_FLASH_ROW_SIZE)
                0x00000000                CY_APP_FOR_STACK_AND_COPIER = 0x0
                [!provide]                PROVIDE (__cy_heap_start, _end)
                0x00000001                PROVIDE (__cy_region_num, ((__cy_regions_end - __cy_regions) / 0x10))
                0x20001000                PROVIDE (__cy_stack, (ORIGIN (ram) + LENGTH (ram)))
                [!provide]                PROVIDE (__cy_heap_end, (__cy_stack - 0x400))

.cybootloader   0x00000000        0x0
 *(.cybootloader)
                0x00000000                appl1_start = CY_APPL_ORIGIN?CY_APPL_ORIGIN:ALIGN (CY_FLASH_ROW_SIZE)
                0x00003f80                appl2_start = (appl1_start + ALIGN ((((LENGTH (rom) - appl1_start) - (0x2 * CY_FLASH_ROW_SIZE)) / 0x2), CY_FLASH_ROW_SIZE))
                0x00000000                appl_start = (CY_APPL_NUM == 0x1)?appl1_start:appl2_start
                0x00000001                cy_project_type_bootloader = (appl_start == 0x0)?0x1:0x0
                0x00000000                cy_project_type_app_for_stack_and_copier = (CY_APP_FOR_STACK_AND_COPIER == 0x1)?0x1:0x0

.text           0x00000000     0x1328
 CREATE_OBJECT_SYMBOLS
                0x00000000                PROVIDE (__cy_interrupt_vector, RomVectors)
 *(.romvectors)
 .romvectors    0x00000000       0x10 .\CortexM0\ARM_GCC_541\Debug\Cm0Start.o
                0x00000000                RomVectors
                0x00000001                ASSERT ((. != __cy_interrupt_vector), No interrupt vector)
                0x00000001                ASSERT (CY_APPL_ORIGIN?(SIZEOF (.cybootloader) <= CY_APPL_ORIGIN):0x1, Wrong image location)
                0x00000010                PROVIDE (__cy_reset, Reset)
 *(.text.Reset)
 .text.Reset    0x00000010        0x8 .\CortexM0\ARM_GCC_541\Debug\Cm0Start.o
                0x00000010                Reset
                0x00000001                ASSERT ((. != __cy_reset), No reset code)
 *(.psocinit)
 .psocinit      0x00000018      0x134 .\CortexM0\ARM_GCC_541\Debug\cyfitter_cfg.o
                0x000000a8                cyfitter_cfg
                0x0000014c                . = MAX (., 0x100)
 *(.text .text.* .gnu.linkonce.t.*)
 .text          0x0000014c       0x60 c:/program files (x86)/cypress/psoc creator/4.4/psoc creator/import/gnu/arm/5.4.1/bin/../lib/gcc/arm-none-eabi/5.4.1/armv6-m/crtbegin.o
 .text.main     0x000001ac       0x54 .\CortexM0\ARM_GCC_541\Debug\main.o
                0x000001ac                main
 .text.CYMEMZERO
                0x00000200        0xc .\CortexM0\ARM_GCC_541\Debug\cyfitter_cfg.o
 .text.SetAnalogRoutingPumps
                0x0000020c       0x20 .\CortexM0\ARM_GCC_541\Debug\cyfitter_cfg.o
                0x0000020c                SetAnalogRoutingPumps
 .text.AnalogSetDefault
                0x0000022c       0x14 .\CortexM0\ARM_GCC_541\Debug\cyfitter_cfg.o
 .text.IntDefaultHandler
                0x00000240       0x10 .\CortexM0\ARM_GCC_541\Debug\Cm0Start.o
                0x00000240                IntDefaultHandler
 .text.Start_c  0x00000250       0x48 .\CortexM0\ARM_GCC_541\Debug\Cm0Start.o
                0x00000250                Start_c
 .text.initialize_psoc
                0x00000298       0x40 .\CortexM0\ARM_GCC_541\Debug\Cm0Start.o
                0x00000298                initialize_psoc
 .text.LCD_WrCntrlNib
                0x000002d8       0x38 .\CortexM0\ARM_GCC_541\Debug\Design09.a(LCD.o)
 .text.LCD_WrDatNib
                0x00000310       0x48 .\CortexM0\ARM_GCC_541\Debug\Design09.a(LCD.o)
 .text.LCD_IsReady
                0x00000358       0xb8 .\CortexM0\ARM_GCC_541\Debug\Design09.a(LCD.o)
                0x00000358                LCD_IsReady
 .text.LCD_WriteData
                0x00000410       0x18 .\CortexM0\ARM_GCC_541\Debug\Design09.a(LCD.o)
                0x00000410                LCD_WriteData
 .text.LCD_PrintString
                0x00000428       0x1c .\CortexM0\ARM_GCC_541\Debug\Design09.a(LCD.o)
                0x00000428                LCD_PrintString
 .text.LCD_WriteControl
                0x00000444       0x18 .\CortexM0\ARM_GCC_541\Debug\Design09.a(LCD.o)
                0x00000444                LCD_WriteControl
 .text.LCD_Init
                0x0000045c       0x6c .\CortexM0\ARM_GCC_541\Debug\Design09.a(LCD.o)
                0x0000045c                LCD_Init
 .text.LCD_Enable
                0x000004c8       0x14 .\CortexM0\ARM_GCC_541\Debug\Design09.a(LCD.o)
                0x000004c8                LCD_Enable
 .text.LCD_Start
                0x000004dc       0x20 .\CortexM0\ARM_GCC_541\Debug\Design09.a(LCD.o)
                0x000004dc                LCD_Start
 .text.LCD_Position
                0x000004fc       0x3c .\CortexM0\ARM_GCC_541\Debug\Design09.a(LCD.o)
                0x000004fc                LCD_Position
 .text.LCD_PrintU32Number
                0x00000538       0x4c .\CortexM0\ARM_GCC_541\Debug\Design09.a(LCD.o)
                0x00000538                LCD_PrintU32Number
 .text.ADC_Init
                0x00000584       0xf0 .\CortexM0\ARM_GCC_541\Debug\Design09.a(ADC.o)
                0x00000584                ADC_Init
 .text.ADC_Enable
                0x00000674       0x24 .\CortexM0\ARM_GCC_541\Debug\Design09.a(ADC.o)
                0x00000674                ADC_Enable
 .text.ADC_Start
                0x00000698       0x20 .\CortexM0\ARM_GCC_541\Debug\Design09.a(ADC.o)
                0x00000698                ADC_Start
 .text.ADC_StartConvert
                0x000006b8       0x14 .\CortexM0\ARM_GCC_541\Debug\Design09.a(ADC.o)
                0x000006b8                ADC_StartConvert
 .text.ADC_GetResult16
                0x000006cc       0x2c .\CortexM0\ARM_GCC_541\Debug\Design09.a(ADC.o)
                0x000006cc                ADC_GetResult16
 .text.ADC_CountsTo_mVolts
                0x000006f8       0x5c .\CortexM0\ARM_GCC_541\Debug\Design09.a(ADC.o)
                0x000006f8                ADC_CountsTo_mVolts
 .text.ADC_ISR  0x00000754        0xc .\CortexM0\ARM_GCC_541\Debug\Design09.a(ADC_INT.o)
                0x00000754                ADC_ISR
 .text.CyIntEnable
                0x00000760       0x14 .\CortexM0\ARM_GCC_541\Debug\Design09.a(CyLib.o)
                0x00000760                CyIntEnable
 .text.CyIntDisable
                0x00000774       0x14 .\CortexM0\ARM_GCC_541\Debug\Design09.a(CyLib.o)
                0x00000774                CyIntDisable
 .text.CyHalt   0x00000788        0x4 .\CortexM0\ARM_GCC_541\Debug\Design09.a(CyLib.o)
                0x00000788                CyHalt
 .text.CyIntSetVector
                0x0000078c       0x24 .\CortexM0\ARM_GCC_541\Debug\Design09.a(CyLib.o)
                0x0000078c                CyIntSetVector
 .text.CyIntSetPriority
                0x000007b0       0x4c .\CortexM0\ARM_GCC_541\Debug\Design09.a(CyLib.o)
                0x000007b0                CyIntSetPriority
 .text.CyDelay  0x000007fc       0x30 .\CortexM0\ARM_GCC_541\Debug\Design09.a(CyLib.o)
                0x000007fc                CyDelay
 .text.CyDelayUs
                0x0000082c       0x14 .\CortexM0\ARM_GCC_541\Debug\Design09.a(CyLib.o)
                0x0000082c                CyDelayUs
 .text.CySysClkWriteImoFreq
                0x00000840      0x164 .\CortexM0\ARM_GCC_541\Debug\Design09.a(CyLib.o)
                0x00000840                CySysClkWriteImoFreq
 .text.CySysWdtLocked
                0x000009a4       0x14 .\CortexM0\ARM_GCC_541\Debug\Design09.a(CyLFClk.o)
 .text.CySysWdtLock
                0x000009b8       0x1c .\CortexM0\ARM_GCC_541\Debug\Design09.a(CyLFClk.o)
                0x000009b8                CySysWdtLock
 .text.CySysWdtUnlock
                0x000009d4       0x30 .\CortexM0\ARM_GCC_541\Debug\Design09.a(CyLFClk.o)
                0x000009d4                CySysWdtUnlock
 .text.CySysWdtClearInterrupt
                0x00000a04       0x4c .\CortexM0\ARM_GCC_541\Debug\Design09.a(CyLFClk.o)
                0x00000a04                CySysWdtClearInterrupt
 .text.CySysWdtIsr
                0x00000a50       0xa4 .\CortexM0\ARM_GCC_541\Debug\Design09.a(CyLFClk.o)
                0x00000a50                CySysWdtIsr
 .text.EZI2C_ScbEnableIntr
                0x00000af4        0xc .\CortexM0\ARM_GCC_541\Debug\Design09.a(EZI2C.o)
 .text.EZI2C_Init
                0x00000b00        0x8 .\CortexM0\ARM_GCC_541\Debug\Design09.a(EZI2C.o)
                0x00000b00                EZI2C_Init
 .text.EZI2C_Enable
                0x00000b08       0x18 .\CortexM0\ARM_GCC_541\Debug\Design09.a(EZI2C.o)
                0x00000b08                EZI2C_Enable
 .text.EZI2C_Start
                0x00000b20       0x20 .\CortexM0\ARM_GCC_541\Debug\Design09.a(EZI2C.o)
                0x00000b20                EZI2C_Start
 .text.EZI2C_I2CSlaveNackGeneration
                0x00000b40       0x3c .\CortexM0\ARM_GCC_541\Debug\Design09.a(EZI2C.o)
                0x00000b40                EZI2C_I2CSlaveNackGeneration
 .text.EZI2C_EzI2CInit
                0x00000b7c       0xd0 .\CortexM0\ARM_GCC_541\Debug\Design09.a(EZI2C_EZI2C.o)
                0x00000b7c                EZI2C_EzI2CInit
 .text.EZI2C_EzI2CSetBuffer1
                0x00000c4c       0x30 .\CortexM0\ARM_GCC_541\Debug\Design09.a(EZI2C_EZI2C.o)
                0x00000c4c                EZI2C_EzI2CSetBuffer1
 .text.EZI2C_EZI2C_STRETCH_ISR
                0x00000c7c      0x330 .\CortexM0\ARM_GCC_541\Debug\Design09.a(EZI2C_EZI2C_INT.o)
                0x00000c7c                EZI2C_EZI2C_STRETCH_ISR
 *fill*         0x00000fac        0x4 
 .text          0x00000fb0       0x24 .\CortexM0\ARM_GCC_541\Debug\Design09.a(CyBootAsmGnu.o)
                0x00000fb0                CyDelayCycles
                0x00000fc4                CyEnterCriticalSection
                0x00000fcc                CyExitCriticalSection
 .text          0x00000fd4      0x114 c:/program files (x86)/cypress/psoc creator/4.4/psoc creator/import/gnu/arm/5.4.1/bin/../lib/gcc/arm-none-eabi/5.4.1/armv6-m\libgcc.a(_udivsi3.o)
                0x00000fd4                __aeabi_uidiv
                0x00000fd4                __udivsi3
                0x000010e0                __aeabi_uidivmod
 .text          0x000010e8      0x1d4 c:/program files (x86)/cypress/psoc creator/4.4/psoc creator/import/gnu/arm/5.4.1/bin/../lib/gcc/arm-none-eabi/5.4.1/armv6-m\libgcc.a(_divsi3.o)
                0x000010e8                __divsi3
                0x000010e8                __aeabi_idiv
                0x000012b4                __aeabi_idivmod
 .text          0x000012bc        0x4 c:/program files (x86)/cypress/psoc creator/4.4/psoc creator/import/gnu/arm/5.4.1/bin/../lib/gcc/arm-none-eabi/5.4.1/armv6-m\libgcc.a(_dvmd_tls.o)
                0x000012bc                __aeabi_idiv0
                0x000012bc                __aeabi_ldiv0
 .text.__errno  0x000012c0        0xc c:/program files (x86)/cypress/psoc creator/4.4/psoc creator/import/gnu/arm/5.4.1/bin/../lib/gcc/arm-none-eabi/5.4.1/../../../../arm-none-eabi/lib/armv6-m\libg_nano.a(lib_a-errno.o)
                0x000012c0                __errno
 .text.__libc_init_array
                0x000012cc       0x4c c:/program files (x86)/cypress/psoc creator/4.4/psoc creator/import/gnu/arm/5.4.1/bin/../lib/gcc/arm-none-eabi/5.4.1/../../../../arm-none-eabi/lib/armv6-m\libg_nano.a(lib_a-init.o)
                0x000012cc                __libc_init_array
 .text.memset   0x00001318       0x10 c:/program files (x86)/cypress/psoc creator/4.4/psoc creator/import/gnu/arm/5.4.1/bin/../lib/gcc/arm-none-eabi/5.4.1/../../../../arm-none-eabi/lib/armv6-m\libg_nano.a(lib_a-memset.o)
                0x00001318                memset
 *(.plt)
 *(.gnu.warning)
 *(.glue_7t)
 .glue_7t       0x00001328        0x0 linker stubs
 *(.glue_7)
 .glue_7        0x00001328        0x0 linker stubs
 *(.vfp11_veneer)
 .vfp11_veneer  0x00001328        0x0 linker stubs
 *(.bootloader)
 *(.ARM.extab* .gnu.linkonce.armextab.*)
 *(.gcc_except_table)

.v4_bx          0x00001328        0x0
 .v4_bx         0x00001328        0x0 linker stubs

.iplt           0x00001328        0x0
 .iplt          0x00001328        0x0 c:/program files (x86)/cypress/psoc creator/4.4/psoc creator/import/gnu/arm/5.4.1/bin/../lib/gcc/arm-none-eabi/5.4.1/armv6-m/crtbegin.o

.eh_frame_hdr
 *(.eh_frame_hdr)

.eh_frame       0x00001328        0x4
 *(.eh_frame)
 .eh_frame      0x00001328        0x0 c:/program files (x86)/cypress/psoc creator/4.4/psoc creator/import/gnu/arm/5.4.1/bin/../lib/gcc/arm-none-eabi/5.4.1/armv6-m/crtbegin.o
 .eh_frame      0x00001328        0x4 c:/program files (x86)/cypress/psoc creator/4.4/psoc creator/import/gnu/arm/5.4.1/bin/../lib/gcc/arm-none-eabi/5.4.1/armv6-m/crtend.o
                [!provide]                PROVIDE (__exidx_start, .)

.ARM.exidx
 *(.ARM.exidx* .gnu.linkonce.armexidx.*)
                0x0000132c                __exidx_end = .

.rodata         0x0000132c       0x74
 *(.rodata .rodata.* .gnu.linkonce.r.*)
 .rodata.str1.4
                0x0000132c        0x4 .\CortexM0\ARM_GCC_541\Debug\main.o
 .rodata        0x00001330        0xc .\CortexM0\ARM_GCC_541\Debug\cyfitter_cfg.o
 .rodata        0x0000133c       0x2e .\CortexM0\ARM_GCC_541\Debug\Design09.a(CyLib.o)
                0x0000133c                cyImoFreqMhz2Reg
 .rodata.str1.1
                0x0000136a        0x2 c:/program files (x86)/cypress/psoc creator/4.4/psoc creator/import/gnu/arm/5.4.1/bin/../lib/gcc/arm-none-eabi/5.4.1/../../../../arm-none-eabi/lib/armv6-m\libg_nano.a(lib_a-impure.o)
                0x0000136c                . = ALIGN (0x4)
 *(.init)
 .init          0x0000136c        0x4 c:/program files (x86)/cypress/psoc creator/4.4/psoc creator/import/gnu/arm/5.4.1/bin/../lib/gcc/arm-none-eabi/5.4.1/armv6-m/crti.o
                0x0000136c                _init
 .init          0x00001370        0x8 c:/program files (x86)/cypress/psoc creator/4.4/psoc creator/import/gnu/arm/5.4.1/bin/../lib/gcc/arm-none-eabi/5.4.1/armv6-m/crtn.o
                0x00001378                . = ALIGN (0x4)
                0x00001378                __preinit_array_start = .
 *(.preinit_array)
                0x00001378                __preinit_array_end = .
                0x00001378                . = ALIGN (0x4)
                0x00001378                __init_array_start = .
 *(SORT(.init_array.*))
 *(.init_array)
 .init_array    0x00001378        0x4 c:/program files (x86)/cypress/psoc creator/4.4/psoc creator/import/gnu/arm/5.4.1/bin/../lib/gcc/arm-none-eabi/5.4.1/armv6-m/crtbegin.o
 .init_array    0x0000137c        0x4 .\CortexM0\ARM_GCC_541\Debug\Cm0Start.o
                0x00001380                __init_array_end = .
                0x00001380                . = ALIGN (0x4)
 *(.fini)
 .fini          0x00001380        0x4 c:/program files (x86)/cypress/psoc creator/4.4/psoc creator/import/gnu/arm/5.4.1/bin/../lib/gcc/arm-none-eabi/5.4.1/armv6-m/crti.o
                0x00001380                _fini
 .fini          0x00001384        0x8 c:/program files (x86)/cypress/psoc creator/4.4/psoc creator/import/gnu/arm/5.4.1/bin/../lib/gcc/arm-none-eabi/5.4.1/armv6-m/crtn.o
                0x0000138c                . = ALIGN (0x4)
                0x0000138c                __fini_array_start = .
 *(.fini_array)
 .fini_array    0x0000138c        0x4 c:/program files (x86)/cypress/psoc creator/4.4/psoc creator/import/gnu/arm/5.4.1/bin/../lib/gcc/arm-none-eabi/5.4.1/armv6-m/crtbegin.o
 *(SORT(.fini_array.*))
                0x00001390                __fini_array_end = .
                0x00001390                . = ALIGN (0x4)
 *crtbegin.o(.ctors)
 *(EXCLUDE_FILE(*crtend.o) .ctors)
 *(SORT(.ctors.*))
 *crtend.o(.ctors)
                0x00001390                . = ALIGN (0x4)
 *crtbegin.o(.dtors)
 *(EXCLUDE_FILE(*crtend.o) .dtors)
 *(SORT(.dtors.*))
 *crtend.o(.dtors)
                0x00001390                . = ALIGN (0x4)
                0x00001390                __cy_regions = .
                0x00001390        0x4 LONG 0x13a0 __cy_region_init_ram
                0x00001394        0x4 LONG 0x200000c0 __cy_region_start_data
                0x00001398        0x4 LONG 0x80 __cy_region_init_size_ram
                0x0000139c        0x4 LONG 0x68 __cy_region_zero_size_ram
                0x000013a0                __cy_regions_end = .
                0x000013a0                . = ALIGN (0x8)
                0x000013a0                _etext = .

.cy_checksum_exclude
                0x000013a0        0x0
 *(.cy_checksum_exclude)

.ramvectors     0x20000000       0xc0
                0x20000000                __cy_region_start_ram = .
 *(.ramvectors)
 .ramvectors    0x20000000       0xc0 .\CortexM0\ARM_GCC_541\Debug\Cm0Start.o
                0x20000000                CyRamVectors

.noinit
 *(.noinit)

.data           0x200000c0       0x80 load address 0x000013a0
                0x200000c0                __cy_region_start_data = .
 *(.jcr)
 .jcr           0x200000c0        0x0 c:/program files (x86)/cypress/psoc creator/4.4/psoc creator/import/gnu/arm/5.4.1/bin/../lib/gcc/arm-none-eabi/5.4.1/armv6-m/crtbegin.o
 .jcr           0x200000c0        0x4 c:/program files (x86)/cypress/psoc creator/4.4/psoc creator/import/gnu/arm/5.4.1/bin/../lib/gcc/arm-none-eabi/5.4.1/armv6-m/crtend.o
 *(.got.plt)
 *(.got)
 *(.shdata)
 *(.data .data.* .gnu.linkonce.d.*)
 .data          0x200000c4       0x14 .\CortexM0\ARM_GCC_541\Debug\Design09.a(CyLib.o)
                0x200000c4                CySysClkPumpConfig
                0x200000c8                cydelay32kMs
                0x200000cc                cydelayFreqKhz
                0x200000d0                cydelayFreqMhz
                0x200000d4                cydelayFreqHz
 .data          0x200000d8        0x4 .\CortexM0\ARM_GCC_541\Debug\Design09.a(CyLFClk.o)
 .data.impure_data
                0x200000dc       0x60 c:/program files (x86)/cypress/psoc creator/4.4/psoc creator/import/gnu/arm/5.4.1/bin/../lib/gcc/arm-none-eabi/5.4.1/../../../../arm-none-eabi/lib/armv6-m\libg_nano.a(lib_a-impure.o)
 .data._impure_ptr
                0x2000013c        0x4 c:/program files (x86)/cypress/psoc creator/4.4/psoc creator/import/gnu/arm/5.4.1/bin/../lib/gcc/arm-none-eabi/5.4.1/../../../../arm-none-eabi/lib/armv6-m\libg_nano.a(lib_a-impure.o)
                0x2000013c                _impure_ptr
                0x20000140                . = ALIGN (0x8)
 *(.ram)
                0x20000140                _edata = .

.igot.plt       0x20000140        0x0 load address 0x00001420
 .igot.plt      0x20000140        0x0 c:/program files (x86)/cypress/psoc creator/4.4/psoc creator/import/gnu/arm/5.4.1/bin/../lib/gcc/arm-none-eabi/5.4.1/armv6-m/crtbegin.o

.bss            0x20000140       0x68 load address 0x00001420
                0x20000140                PROVIDE (__bss_start__, .)
 *(.shbss)
 *(.bss .bss.* .gnu.linkonce.b.*)
 .bss           0x20000140       0x1c c:/program files (x86)/cypress/psoc creator/4.4/psoc creator/import/gnu/arm/5.4.1/bin/../lib/gcc/arm-none-eabi/5.4.1/armv6-m/crtbegin.o
 .bss           0x2000015c        0x2 .\CortexM0\ARM_GCC_541\Debug\Design09.a(LCD.o)
                0x2000015c                LCD_enableState
                0x2000015d                LCD_initVar
 .bss           0x2000015e        0x1 .\CortexM0\ARM_GCC_541\Debug\Design09.a(ADC.o)
                0x2000015e                ADC_initVar
 *fill*         0x2000015f        0x1 
 .bss           0x20000160       0x20 .\CortexM0\ARM_GCC_541\Debug\Design09.a(CyLFClk.o)
 .bss           0x20000180        0x8 .\CortexM0\ARM_GCC_541\Debug\Design09.a(EZI2C.o)
                0x20000180                EZI2C_initVar
                0x20000184                EZI2C_customIntrHandler
 .bss           0x20000188        0x2 .\CortexM0\ARM_GCC_541\Debug\Design09.a(EZI2C_EZI2C_INT.o)
 *(COMMON)
 *fill*         0x2000018a        0x2 
 COMMON         0x2000018c        0x6 .\CortexM0\ARM_GCC_541\Debug\Design09.a(ADC.o)
                0x2000018c                ADC_countsPer10Volt
                0x20000190                ADC_offset
 *fill*         0x20000192        0x2 
 COMMON         0x20000194       0x12 .\CortexM0\ARM_GCC_541\Debug\Design09.a(EZI2C_EZI2C.o)
                0x20000194                EZI2C_offsetBuf1
                0x20000196                EZI2C_indexBuf1
                0x20000198                EZI2C_fsmState
                0x2000019a                EZI2C_protectBuf1
                0x2000019c                EZI2C_curStatus
                0x200001a0                EZI2C_dataBuffer1
                0x200001a4                EZI2C_bufSizeBuf1
                0x200001a8                . = ALIGN (0x8)
 *fill*         0x200001a6        0x2 
 *(.ram.b)
                0x200001a8                _end = .
                0x200001a8                __end = .
                0x200001a8                PROVIDE (end, .)
                0x200001a8                PROVIDE (__bss_end__, .)
                0x000013a0                __cy_region_init_ram = LOADADDR (.data)
                0x00000080                __cy_region_init_size_ram = (_edata - ADDR (.data))
                0x00000068                __cy_region_zero_size_ram = (_end - _edata)

.heap           0x200001a8       0x80 load address 0x00001420
                0x200001a8                . = _end
                0x20000228                . = (. + 0x80)
 *fill*         0x200001a8       0x80 
                0x20000228                __cy_heap_limit = .

.stack          0x20000c00      0x400
                0x20000c00                __cy_stack_limit = .
                0x20001000                . = (. + 0x400)
 *fill*         0x20000c00      0x400 
                0x00000001                ASSERT ((__cy_stack_limit >= __cy_heap_limit), region RAM overflowed with stack)
                0x00000000                cy_checksum_exclude_size = (CY_APPL_LOADABLE == 0x1)?SIZEOF (.cy_checksum_exclude):0x0
                0x00000001                ASSERT ((cy_checksum_exclude_size <= CY_CHECKSUM_EXCLUDE_SIZE), CY_BOOT: Section .cy_checksum_exclude size exceedes specified limit.)
                0x00007fc0                cyloadermeta_start = (cy_project_type_bootloader || cy_project_type_app_for_stack_and_copier)?(LENGTH (rom) - CY_METADATA_SIZE):0xf0000000

.cyloadermeta
 *(.cyloadermeta)
                0x00007fc0                cyloadablemeta_start = cy_project_type_app_for_stack_and_copier?((LENGTH (rom) - CY_FLASH_ROW_SIZE) - CY_METADATA_SIZE):((LENGTH (rom) - (CY_FLASH_ROW_SIZE * (CY_APPL_NUM - 0x1))) - CY_METADATA_SIZE)

.cyloadablemeta
 *(.cyloadablemeta)

.cyflashprotect
                0x90400000       0x20
 *(.cyflashprotect)
 .cyflashprotect
                0x90400000       0x20 .\CortexM0\ARM_GCC_541\Debug\cymetadata.o
                0x90400000                cy_meta_flashprotect

.cymeta         0x90500000        0xc
 *(.cymeta)
 .cymeta        0x90500000        0xc .\CortexM0\ARM_GCC_541\Debug\cymetadata.o
                0x90500000                cy_metadata

.cychipprotect  0x90600000        0x1
 *(.cychipprotect)
 .cychipprotect
                0x90600000        0x1 .\CortexM0\ARM_GCC_541\Debug\cymetadata.o
                0x90600000                cy_meta_chipprotect

.rel.dyn        0x00001420        0x0 load address 0x90600004
 .rel.iplt      0x00001420        0x0 c:/program files (x86)/cypress/psoc creator/4.4/psoc creator/import/gnu/arm/5.4.1/bin/../lib/gcc/arm-none-eabi/5.4.1/armv6-m/crtbegin.o

.stab
 *(.stab)

.stabstr
 *(.stabstr)

.debug
 *(.debug)

.line
 *(.line)

.debug_srcinfo
 *(.debug_srcinfo)

.debug_sfnames
 *(.debug_sfnames)

.debug_aranges  0x00000000      0x5d0
 *(.debug_aranges)
 .debug_aranges
                0x00000000       0x20 .\CortexM0\ARM_GCC_541\Debug\main.o
 .debug_aranges
                0x00000020       0x40 .\CortexM0\ARM_GCC_541\Debug\cyfitter_cfg.o
 .debug_aranges
                0x00000060       0x18 .\CortexM0\ARM_GCC_541\Debug\cymetadata.o
 .debug_aranges
                0x00000078       0x48 .\CortexM0\ARM_GCC_541\Debug\Cm0Start.o
 .debug_aranges
                0x000000c0       0x98 .\CortexM0\ARM_GCC_541\Debug\Design09.a(LCD.o)
 .debug_aranges
                0x00000158       0xa8 .\CortexM0\ARM_GCC_541\Debug\Design09.a(ADC.o)
 .debug_aranges
                0x00000200       0x20 .\CortexM0\ARM_GCC_541\Debug\Design09.a(ADC_INT.o)
 .debug_aranges
                0x00000220      0x180 .\CortexM0\ARM_GCC_541\Debug\Design09.a(CyLib.o)
 .debug_aranges
                0x000003a0      0x138 .\CortexM0\ARM_GCC_541\Debug\Design09.a(CyLFClk.o)
 .debug_aranges
                0x000004d8       0x68 .\CortexM0\ARM_GCC_541\Debug\Design09.a(EZI2C.o)
 .debug_aranges
                0x00000540       0x50 .\CortexM0\ARM_GCC_541\Debug\Design09.a(EZI2C_EZI2C.o)
 .debug_aranges
                0x00000590       0x20 .\CortexM0\ARM_GCC_541\Debug\Design09.a(EZI2C_EZI2C_INT.o)
 .debug_aranges
                0x000005b0       0x20 .\CortexM0\ARM_GCC_541\Debug\Design09.a(CyBootAsmGnu.o)

.debug_pubnames
 *(.debug_pubnames)

.debug_info     0x00000000     0x3723
 *(.debug_info .gnu.linkonce.wi.*)
 .debug_info    0x00000000      0x21c .\CortexM0\ARM_GCC_541\Debug\main.o
 .debug_info    0x0000021c      0x2de .\CortexM0\ARM_GCC_541\Debug\cyfitter_cfg.o
 .debug_info    0x000004fa       0xf8 .\CortexM0\ARM_GCC_541\Debug\cymetadata.o
 .debug_info    0x000005f2      0x3a2 .\CortexM0\ARM_GCC_541\Debug\Cm0Start.o
 .debug_info    0x00000994      0x721 .\CortexM0\ARM_GCC_541\Debug\Design09.a(LCD.o)
 .debug_info    0x000010b5      0x579 .\CortexM0\ARM_GCC_541\Debug\Design09.a(ADC.o)
 .debug_info    0x0000162e       0xcb .\CortexM0\ARM_GCC_541\Debug\Design09.a(ADC_INT.o)
 .debug_info    0x000016f9      0xaed .\CortexM0\ARM_GCC_541\Debug\Design09.a(CyLib.o)
 .debug_info    0x000021e6      0xcfe .\CortexM0\ARM_GCC_541\Debug\Design09.a(CyLFClk.o)
 .debug_info    0x00002ee4      0x2aa .\CortexM0\ARM_GCC_541\Debug\Design09.a(EZI2C.o)
 .debug_info    0x0000318e      0x319 .\CortexM0\ARM_GCC_541\Debug\Design09.a(EZI2C_EZI2C.o)
 .debug_info    0x000034a7      0x202 .\CortexM0\ARM_GCC_541\Debug\Design09.a(EZI2C_EZI2C_INT.o)
 .debug_info    0x000036a9       0x7a .\CortexM0\ARM_GCC_541\Debug\Design09.a(CyBootAsmGnu.o)

.debug_abbrev   0x00000000      0xf16
 *(.debug_abbrev)
 .debug_abbrev  0x00000000       0xc4 .\CortexM0\ARM_GCC_541\Debug\main.o
 .debug_abbrev  0x000000c4      0x188 .\CortexM0\ARM_GCC_541\Debug\cyfitter_cfg.o
 .debug_abbrev  0x0000024c       0x5d .\CortexM0\ARM_GCC_541\Debug\cymetadata.o
 .debug_abbrev  0x000002a9      0x1d7 .\CortexM0\ARM_GCC_541\Debug\Cm0Start.o
 .debug_abbrev  0x00000480      0x171 .\CortexM0\ARM_GCC_541\Debug\Design09.a(LCD.o)
 .debug_abbrev  0x000005f1      0x184 .\CortexM0\ARM_GCC_541\Debug\Design09.a(ADC.o)
 .debug_abbrev  0x00000775       0x65 .\CortexM0\ARM_GCC_541\Debug\Design09.a(ADC_INT.o)
 .debug_abbrev  0x000007da      0x1d3 .\CortexM0\ARM_GCC_541\Debug\Design09.a(CyLib.o)
 .debug_abbrev  0x000009ad      0x210 .\CortexM0\ARM_GCC_541\Debug\Design09.a(CyLFClk.o)
 .debug_abbrev  0x00000bbd      0x130 .\CortexM0\ARM_GCC_541\Debug\Design09.a(EZI2C.o)
 .debug_abbrev  0x00000ced      0x13a .\CortexM0\ARM_GCC_541\Debug\Design09.a(EZI2C_EZI2C.o)
 .debug_abbrev  0x00000e27       0xdb .\CortexM0\ARM_GCC_541\Debug\Design09.a(EZI2C_EZI2C_INT.o)
 .debug_abbrev  0x00000f02       0x14 .\CortexM0\ARM_GCC_541\Debug\Design09.a(CyBootAsmGnu.o)

.debug_line     0x00000000     0x1702
 *(.debug_line)
 .debug_line    0x00000000       0xaf .\CortexM0\ARM_GCC_541\Debug\main.o
 .debug_line    0x000000af      0x15f .\CortexM0\ARM_GCC_541\Debug\cyfitter_cfg.o
 .debug_line    0x0000020e      0x141 .\CortexM0\ARM_GCC_541\Debug\cymetadata.o
 .debug_line    0x0000034f      0x235 .\CortexM0\ARM_GCC_541\Debug\Cm0Start.o
 .debug_line    0x00000584      0x1ea .\CortexM0\ARM_GCC_541\Debug\Design09.a(LCD.o)
 .debug_line    0x0000076e      0x274 .\CortexM0\ARM_GCC_541\Debug\Design09.a(ADC.o)
 .debug_line    0x000009e2       0x62 .\CortexM0\ARM_GCC_541\Debug\Design09.a(ADC_INT.o)
 .debug_line    0x00000a44      0x460 .\CortexM0\ARM_GCC_541\Debug\Design09.a(CyLib.o)
 .debug_line    0x00000ea4      0x466 .\CortexM0\ARM_GCC_541\Debug\Design09.a(CyLFClk.o)
 .debug_line    0x0000130a      0x147 .\CortexM0\ARM_GCC_541\Debug\Design09.a(EZI2C.o)
 .debug_line    0x00001451      0x104 .\CortexM0\ARM_GCC_541\Debug\Design09.a(EZI2C_EZI2C.o)
 .debug_line    0x00001555      0x144 .\CortexM0\ARM_GCC_541\Debug\Design09.a(EZI2C_EZI2C_INT.o)
 .debug_line    0x00001699       0x69 .\CortexM0\ARM_GCC_541\Debug\Design09.a(CyBootAsmGnu.o)

.debug_frame    0x00000000     0x10ac
 *(.debug_frame)
 .debug_frame   0x00000000       0x30 .\CortexM0\ARM_GCC_541\Debug\main.o
 .debug_frame   0x00000030       0x94 .\CortexM0\ARM_GCC_541\Debug\cyfitter_cfg.o
 .debug_frame   0x000000c4       0xbc .\CortexM0\ARM_GCC_541\Debug\Cm0Start.o
 .debug_frame   0x00000180      0x1f0 .\CortexM0\ARM_GCC_541\Debug\Design09.a(LCD.o)
 .debug_frame   0x00000370      0x1b0 .\CortexM0\ARM_GCC_541\Debug\Design09.a(ADC.o)
 .debug_frame   0x00000520       0x20 .\CortexM0\ARM_GCC_541\Debug\Design09.a(ADC_INT.o)
 .debug_frame   0x00000540      0x3e0 .\CortexM0\ARM_GCC_541\Debug\Design09.a(CyLib.o)
 .debug_frame   0x00000920      0x3a8 .\CortexM0\ARM_GCC_541\Debug\Design09.a(CyLFClk.o)
 .debug_frame   0x00000cc8       0xf8 .\CortexM0\ARM_GCC_541\Debug\Design09.a(EZI2C.o)
 .debug_frame   0x00000dc0       0xa8 .\CortexM0\ARM_GCC_541\Debug\Design09.a(EZI2C_EZI2C.o)
 .debug_frame   0x00000e68       0x30 .\CortexM0\ARM_GCC_541\Debug\Design09.a(EZI2C_EZI2C_INT.o)
 .debug_frame   0x00000e98       0x20 c:/program files (x86)/cypress/psoc creator/4.4/psoc creator/import/gnu/arm/5.4.1/bin/../lib/gcc/arm-none-eabi/5.4.1/armv6-m\libgcc.a(_udivsi3.o)
 .debug_frame   0x00000eb8       0x20 c:/program files (x86)/cypress/psoc creator/4.4/psoc creator/import/gnu/arm/5.4.1/bin/../lib/gcc/arm-none-eabi/5.4.1/armv6-m\libgcc.a(_divsi3.o)
 .debug_frame   0x00000ed8       0x34 c:/program files (x86)/cypress/psoc creator/4.4/psoc creator/import/gnu/arm/5.4.1/bin/../lib/gcc/arm-none-eabi/5.4.1/armv6-m\libgcc.a(_muldi3.o)
 .debug_frame   0x00000f0c       0x30 c:/program files (x86)/cypress/psoc creator/4.4/psoc creator/import/gnu/arm/5.4.1/bin/../lib/gcc/arm-none-eabi/5.4.1/armv6-m\libgcc.a(bpabi.o)
 .debug_frame   0x00000f3c       0x3c c:/program files (x86)/cypress/psoc creator/4.4/psoc creator/import/gnu/arm/5.4.1/bin/../lib/gcc/arm-none-eabi/5.4.1/armv6-m\libgcc.a(divsf3.o)
 .debug_frame   0x00000f78       0x38 c:/program files (x86)/cypress/psoc creator/4.4/psoc creator/import/gnu/arm/5.4.1/bin/../lib/gcc/arm-none-eabi/5.4.1/armv6-m\libgcc.a(mulsf3.o)
 .debug_frame   0x00000fb0       0x2c c:/program files (x86)/cypress/psoc creator/4.4/psoc creator/import/gnu/arm/5.4.1/bin/../lib/gcc/arm-none-eabi/5.4.1/armv6-m\libgcc.a(floatsisf.o)
 .debug_frame   0x00000fdc       0x3c c:/program files (x86)/cypress/psoc creator/4.4/psoc creator/import/gnu/arm/5.4.1/bin/../lib/gcc/arm-none-eabi/5.4.1/armv6-m\libgcc.a(_divdi3.o)
 .debug_frame   0x00001018       0x20 c:/program files (x86)/cypress/psoc creator/4.4/psoc creator/import/gnu/arm/5.4.1/bin/../lib/gcc/arm-none-eabi/5.4.1/../../../../arm-none-eabi/lib/armv6-m\libg_nano.a(lib_a-errno.o)
 .debug_frame   0x00001038       0x28 c:/program files (x86)/cypress/psoc creator/4.4/psoc creator/import/gnu/arm/5.4.1/bin/../lib/gcc/arm-none-eabi/5.4.1/../../../../arm-none-eabi/lib/armv6-m\libg_nano.a(lib_a-exit.o)
 .debug_frame   0x00001060       0x2c c:/program files (x86)/cypress/psoc creator/4.4/psoc creator/import/gnu/arm/5.4.1/bin/../lib/gcc/arm-none-eabi/5.4.1/../../../../arm-none-eabi/lib/armv6-m\libg_nano.a(lib_a-init.o)
 .debug_frame   0x0000108c       0x20 c:/program files (x86)/cypress/psoc creator/4.4/psoc creator/import/gnu/arm/5.4.1/bin/../lib/gcc/arm-none-eabi/5.4.1/../../../../arm-none-eabi/lib/armv6-m\libg_nano.a(lib_a-memset.o)

.debug_str      0x00000000     0x1452
 *(.debug_str)
 .debug_str     0x00000000      0x1e7 .\CortexM0\ARM_GCC_541\Debug\main.o
                                0x234 (size before relaxing)
 .debug_str     0x000001e7       0xed .\CortexM0\ARM_GCC_541\Debug\cyfitter_cfg.o
                                0x26c (size before relaxing)
 .debug_str     0x000002d4       0x63 .\CortexM0\ARM_GCC_541\Debug\cymetadata.o
                                0x1b2 (size before relaxing)
 .debug_str     0x00000337      0x140 .\CortexM0\ARM_GCC_541\Debug\Cm0Start.o
                                0x2eb (size before relaxing)
 .debug_str     0x00000477      0x157 .\CortexM0\ARM_GCC_541\Debug\Design09.a(LCD.o)
                                0x316 (size before relaxing)
 .debug_str     0x000005ce      0x1a1 .\CortexM0\ARM_GCC_541\Debug\Design09.a(ADC.o)
                                0x3ae (size before relaxing)
 .debug_str     0x0000076f       0x35 .\CortexM0\ARM_GCC_541\Debug\Design09.a(ADC_INT.o)
                                0x1a7 (size before relaxing)
 .debug_str     0x000007a4      0x495 .\CortexM0\ARM_GCC_541\Debug\Design09.a(CyLib.o)
                                0x6a0 (size before relaxing)
 .debug_str     0x00000c39      0x527 .\CortexM0\ARM_GCC_541\Debug\Design09.a(CyLFClk.o)
                                0x727 (size before relaxing)
 .debug_str     0x00001160      0x136 .\CortexM0\ARM_GCC_541\Debug\Design09.a(EZI2C.o)
                                0x2e5 (size before relaxing)
 .debug_str     0x00001296      0x125 .\CortexM0\ARM_GCC_541\Debug\Design09.a(EZI2C_EZI2C.o)
                                0x322 (size before relaxing)
 .debug_str     0x000013bb       0x97 .\CortexM0\ARM_GCC_541\Debug\Design09.a(EZI2C_EZI2C_INT.o)
                                0x2d5 (size before relaxing)

.debug_loc      0x00000000     0x1ba2
 *(.debug_loc)
 .debug_loc     0x00000000       0x13 .\CortexM0\ARM_GCC_541\Debug\main.o
 .debug_loc     0x00000013       0xc7 .\CortexM0\ARM_GCC_541\Debug\cyfitter_cfg.o
 .debug_loc     0x000000da      0x14f .\CortexM0\ARM_GCC_541\Debug\Cm0Start.o
 .debug_loc     0x00000229      0x3e3 .\CortexM0\ARM_GCC_541\Debug\Design09.a(LCD.o)
 .debug_loc     0x0000060c      0x3ac .\CortexM0\ARM_GCC_541\Debug\Design09.a(ADC.o)
 .debug_loc     0x000009b8      0x599 .\CortexM0\ARM_GCC_541\Debug\Design09.a(CyLib.o)
 .debug_loc     0x00000f51      0x9b5 .\CortexM0\ARM_GCC_541\Debug\Design09.a(CyLFClk.o)
 .debug_loc     0x00001906       0x7e .\CortexM0\ARM_GCC_541\Debug\Design09.a(EZI2C.o)
 .debug_loc     0x00001984       0xec .\CortexM0\ARM_GCC_541\Debug\Design09.a(EZI2C_EZI2C.o)
 .debug_loc     0x00001a70      0x132 .\CortexM0\ARM_GCC_541\Debug\Design09.a(EZI2C_EZI2C_INT.o)

.debug_macinfo
 *(.debug_macinfo)

.debug_ranges   0x00000000      0x4e8
 *(.debug_ranges)
 .debug_ranges  0x00000000       0x10 .\CortexM0\ARM_GCC_541\Debug\main.o
 .debug_ranges  0x00000010       0x30 .\CortexM0\ARM_GCC_541\Debug\cyfitter_cfg.o
 .debug_ranges  0x00000040       0x38 .\CortexM0\ARM_GCC_541\Debug\Cm0Start.o
 .debug_ranges  0x00000078       0x88 .\CortexM0\ARM_GCC_541\Debug\Design09.a(LCD.o)
 .debug_ranges  0x00000100       0x98 .\CortexM0\ARM_GCC_541\Debug\Design09.a(ADC.o)
 .debug_ranges  0x00000198       0x10 .\CortexM0\ARM_GCC_541\Debug\Design09.a(ADC_INT.o)
 .debug_ranges  0x000001a8      0x170 .\CortexM0\ARM_GCC_541\Debug\Design09.a(CyLib.o)
 .debug_ranges  0x00000318      0x128 .\CortexM0\ARM_GCC_541\Debug\Design09.a(CyLFClk.o)
 .debug_ranges  0x00000440       0x58 .\CortexM0\ARM_GCC_541\Debug\Design09.a(EZI2C.o)
 .debug_ranges  0x00000498       0x40 .\CortexM0\ARM_GCC_541\Debug\Design09.a(EZI2C_EZI2C.o)
 .debug_ranges  0x000004d8       0x10 .\CortexM0\ARM_GCC_541\Debug\Design09.a(EZI2C_EZI2C_INT.o)

.comment        0x00000000       0x6e
 .comment       0x00000000       0x6e .\CortexM0\ARM_GCC_541\Debug\main.o
                                 0x6f (size before relaxing)
 .comment       0x0000006e       0x6f .\CortexM0\ARM_GCC_541\Debug\cyfitter_cfg.o
 .comment       0x0000006e       0x6f .\CortexM0\ARM_GCC_541\Debug\cymetadata.o
 .comment       0x0000006e       0x6f .\CortexM0\ARM_GCC_541\Debug\Cm0Start.o
 .comment       0x0000006e       0x6f .\CortexM0\ARM_GCC_541\Debug\Design09.a(LCD.o)
 .comment       0x0000006e       0x6f .\CortexM0\ARM_GCC_541\Debug\Design09.a(ADC.o)
 .comment       0x0000006e       0x6f .\CortexM0\ARM_GCC_541\Debug\Design09.a(ADC_INT.o)
 .comment       0x0000006e       0x6f .\CortexM0\ARM_GCC_541\Debug\Design09.a(CyLib.o)
 .comment       0x0000006e       0x6f .\CortexM0\ARM_GCC_541\Debug\Design09.a(CyLFClk.o)
 .comment       0x0000006e       0x6f .\CortexM0\ARM_GCC_541\Debug\Design09.a(EZI2C.o)
 .comment       0x0000006e       0x6f .\CortexM0\ARM_GCC_541\Debug\Design09.a(EZI2C_EZI2C.o)
 .comment       0x0000006e       0x6f .\CortexM0\ARM_GCC_541\Debug\Design09.a(EZI2C_EZI2C_INT.o)

.debug_weaknames
 *(.debug_weaknames)

.debug_funcnames
 *(.debug_funcnames)

.debug_typenames
 *(.debug_typenames)

.debug_varnames
 *(.debug_varnames)

.note.gnu.arm.ident
 *(.note.gnu.arm.ident)

.ARM.attributes
                0x00000000       0x28
 *(.ARM.attributes)
 .ARM.attributes
                0x00000000       0x1e c:/program files (x86)/cypress/psoc creator/4.4/psoc creator/import/gnu/arm/5.4.1/bin/../lib/gcc/arm-none-eabi/5.4.1/armv6-m/crti.o
 .ARM.attributes
                0x0000001e       0x2c c:/program files (x86)/cypress/psoc creator/4.4/psoc creator/import/gnu/arm/5.4.1/bin/../lib/gcc/arm-none-eabi/5.4.1/armv6-m/crtbegin.o
 .ARM.attributes
                0x0000004a       0x1b c:/program files (x86)/cypress/psoc creator/4.4/psoc creator/import/gnu/arm/5.4.1/bin/../lib/gcc/arm-none-eabi/5.4.1/../../../../arm-none-eabi/lib/armv6-m/crt0.o
 .ARM.attributes
                0x00000065       0x31 .\CortexM0\ARM_GCC_541\Debug\main.o
 .ARM.attributes
                0x00000096       0x31 .\CortexM0\ARM_GCC_541\Debug\cyfitter_cfg.o
 .ARM.attributes
                0x000000c7       0x31 .\CortexM0\ARM_GCC_541\Debug\cymetadata.o
 .ARM.attributes
                0x000000f8       0x31 .\CortexM0\ARM_GCC_541\Debug\Cm0Start.o
 .ARM.attributes
                0x00000129       0x31 .\CortexM0\ARM_GCC_541\Debug\Design09.a(LCD.o)
 .ARM.attributes
                0x0000015a       0x31 .\CortexM0\ARM_GCC_541\Debug\Design09.a(ADC.o)
 .ARM.attributes
                0x0000018b       0x31 .\CortexM0\ARM_GCC_541\Debug\Design09.a(ADC_INT.o)
 .ARM.attributes
                0x000001bc       0x31 .\CortexM0\ARM_GCC_541\Debug\Design09.a(CyLib.o)
 .ARM.attributes
                0x000001ed       0x31 .\CortexM0\ARM_GCC_541\Debug\Design09.a(CyLFClk.o)
 .ARM.attributes
                0x0000021e       0x31 .\CortexM0\ARM_GCC_541\Debug\Design09.a(EZI2C.o)
 .ARM.attributes
                0x0000024f       0x31 .\CortexM0\ARM_GCC_541\Debug\Design09.a(EZI2C_EZI2C.o)
 .ARM.attributes
                0x00000280       0x31 .\CortexM0\ARM_GCC_541\Debug\Design09.a(EZI2C_EZI2C_INT.o)
 .ARM.attributes
                0x000002b1       0x21 .\CortexM0\ARM_GCC_541\Debug\Design09.a(CyBootAsmGnu.o)
 .ARM.attributes
                0x000002d2       0x1e c:/program files (x86)/cypress/psoc creator/4.4/psoc creator/import/gnu/arm/5.4.1/bin/../lib/gcc/arm-none-eabi/5.4.1/armv6-m\libgcc.a(_udivsi3.o)
 .ARM.attributes
                0x000002f0       0x1e c:/program files (x86)/cypress/psoc creator/4.4/psoc creator/import/gnu/arm/5.4.1/bin/../lib/gcc/arm-none-eabi/5.4.1/armv6-m\libgcc.a(_divsi3.o)
 .ARM.attributes
                0x0000030e       0x1e c:/program files (x86)/cypress/psoc creator/4.4/psoc creator/import/gnu/arm/5.4.1/bin/../lib/gcc/arm-none-eabi/5.4.1/armv6-m\libgcc.a(_dvmd_tls.o)
 .ARM.attributes
                0x0000032c       0x1e c:/program files (x86)/cypress/psoc creator/4.4/psoc creator/import/gnu/arm/5.4.1/bin/../lib/gcc/arm-none-eabi/5.4.1/armv6-m\libgcc.a(_aeabi_ldivmod.o)
 .ARM.attributes
                0x0000034a       0x2c c:/program files (x86)/cypress/psoc creator/4.4/psoc creator/import/gnu/arm/5.4.1/bin/../lib/gcc/arm-none-eabi/5.4.1/armv6-m\libgcc.a(_muldi3.o)
 .ARM.attributes
                0x00000376       0x2c c:/program files (x86)/cypress/psoc creator/4.4/psoc creator/import/gnu/arm/5.4.1/bin/../lib/gcc/arm-none-eabi/5.4.1/armv6-m\libgcc.a(bpabi.o)
 .ARM.attributes
                0x000003a2       0x2c c:/program files (x86)/cypress/psoc creator/4.4/psoc creator/import/gnu/arm/5.4.1/bin/../lib/gcc/arm-none-eabi/5.4.1/armv6-m\libgcc.a(divsf3.o)
 .ARM.attributes
                0x000003ce       0x2c c:/program files (x86)/cypress/psoc creator/4.4/psoc creator/import/gnu/arm/5.4.1/bin/../lib/gcc/arm-none-eabi/5.4.1/armv6-m\libgcc.a(mulsf3.o)
 .ARM.attributes
                0x000003fa       0x2c c:/program files (x86)/cypress/psoc creator/4.4/psoc creator/import/gnu/arm/5.4.1/bin/../lib/gcc/arm-none-eabi/5.4.1/armv6-m\libgcc.a(floatsisf.o)
 .ARM.attributes
                0x00000426       0x1e c:/program files (x86)/cypress/psoc creator/4.4/psoc creator/import/gnu/arm/5.4.1/bin/../lib/gcc/arm-none-eabi/5.4.1/armv6-m\libgcc.a(_clzsi2.o)
 .ARM.attributes
                0x00000444       0x2c c:/program files (x86)/cypress/psoc creator/4.4/psoc creator/import/gnu/arm/5.4.1/bin/../lib/gcc/arm-none-eabi/5.4.1/armv6-m\libgcc.a(_divdi3.o)
 .ARM.attributes
                0x00000470       0x1e c:/program files (x86)/cypress/psoc creator/4.4/psoc creator/import/gnu/arm/5.4.1/bin/../lib/gcc/arm-none-eabi/5.4.1/armv6-m\libgcc.a(_clzdi2.o)
 .ARM.attributes
                0x0000048e       0x2c c:/program files (x86)/cypress/psoc creator/4.4/psoc creator/import/gnu/arm/5.4.1/bin/../lib/gcc/arm-none-eabi/5.4.1/../../../../arm-none-eabi/lib/armv6-m\libg_nano.a(lib_a-errno.o)
 .ARM.attributes
                0x000004ba       0x2c c:/program files (x86)/cypress/psoc creator/4.4/psoc creator/import/gnu/arm/5.4.1/bin/../lib/gcc/arm-none-eabi/5.4.1/../../../../arm-none-eabi/lib/armv6-m\libg_nano.a(lib_a-exit.o)
 .ARM.attributes
                0x000004e6       0x2c c:/program files (x86)/cypress/psoc creator/4.4/psoc creator/import/gnu/arm/5.4.1/bin/../lib/gcc/arm-none-eabi/5.4.1/../../../../arm-none-eabi/lib/armv6-m\libg_nano.a(lib_a-impure.o)
 .ARM.attributes
                0x00000512       0x2c c:/program files (x86)/cypress/psoc creator/4.4/psoc creator/import/gnu/arm/5.4.1/bin/../lib/gcc/arm-none-eabi/5.4.1/../../../../arm-none-eabi/lib/armv6-m\libg_nano.a(lib_a-init.o)
 .ARM.attributes
                0x0000053e       0x2c c:/program files (x86)/cypress/psoc creator/4.4/psoc creator/import/gnu/arm/5.4.1/bin/../lib/gcc/arm-none-eabi/5.4.1/../../../../arm-none-eabi/lib/armv6-m\libg_nano.a(lib_a-memset.o)
 .ARM.attributes
                0x0000056a       0x2c c:/program files (x86)/cypress/psoc creator/4.4/psoc creator/import/gnu/arm/5.4.1/bin/../lib/gcc/arm-none-eabi/5.4.1/armv6-m/crtend.o
 .ARM.attributes
                0x00000596       0x1e c:/program files (x86)/cypress/psoc creator/4.4/psoc creator/import/gnu/arm/5.4.1/bin/../lib/gcc/arm-none-eabi/5.4.1/armv6-m/crtn.o

/DISCARD/
 *(.note.GNU-stack)
OUTPUT(C:\DenysProjects\Workspace01\Design09.cydsn\CortexM0\ARM_GCC_541\Debug\Design09.elf elf32-littlearm)
