Archive member included to satisfy reference by file (symbol)

.\CortexM0\ARM_GCC_541\Debug\Design11.a(CapSense_Control.o)
                              .\CortexM0\ARM_GCC_541\Debug\main.o (CapSense_Start)
.\CortexM0\ARM_GCC_541\Debug\Design11.a(CapSense_Processing.o)
                              .\CortexM0\ARM_GCC_541\Debug\Design11.a(CapSense_Control.o) (CapSense_DpInitialize)
.\CortexM0\ARM_GCC_541\Debug\Design11.a(CapSense_Structure.o)
                              .\CortexM0\ARM_GCC_541\Debug\Design11.a(CapSense_Control.o) (CapSense_DsInitialize)
.\CortexM0\ARM_GCC_541\Debug\Design11.a(CapSense_Tuner.o)
                              .\CortexM0\ARM_GCC_541\Debug\Design11.a(CapSense_Control.o) (CapSense_TuInitialize)
.\CortexM0\ARM_GCC_541\Debug\Design11.a(CapSense_Filter.o)
                              .\CortexM0\ARM_GCC_541\Debug\Design11.a(CapSense_Control.o) (CapSense_InitializeAllBaselines)
.\CortexM0\ARM_GCC_541\Debug\Design11.a(CapSense_Sensing.o)
                              .\CortexM0\ARM_GCC_541\Debug\main.o (CapSense_IsBusy)
.\CortexM0\ARM_GCC_541\Debug\Design11.a(CapSense_SensingCSD_LL.o)
                              .\CortexM0\ARM_GCC_541\Debug\Design11.a(CapSense_Sensing.o) (CapSense_SsCSDInitialize)
.\CortexM0\ARM_GCC_541\Debug\Design11.a(led.o)
                              .\CortexM0\ARM_GCC_541\Debug\main.o (led_Write)
.\CortexM0\ARM_GCC_541\Debug\Design11.a(CapSense_ISR.o)
                              .\CortexM0\ARM_GCC_541\Debug\Design11.a(CapSense_Sensing.o) (CapSense_ISR_StartEx)
.\CortexM0\ARM_GCC_541\Debug\Design11.a(CyLib.o)
                              .\CortexM0\ARM_GCC_541\Debug\cyfitter_cfg.o (CyIntEnable)
.\CortexM0\ARM_GCC_541\Debug\Design11.a(CyLFClk.o)
                              .\CortexM0\ARM_GCC_541\Debug\cyfitter_cfg.o (CySysWdtIsr)
.\CortexM0\ARM_GCC_541\Debug\Design11.a(CyBootAsmGnu.o)
                              .\CortexM0\ARM_GCC_541\Debug\Design11.a(CapSense_SensingCSD_LL.o) (CyDelayCycles)
.\CortexM0\ARM_GCC_541\Debug\Design11.a(CapSense_INT.o)
                              .\CortexM0\ARM_GCC_541\Debug\Design11.a(CapSense_SensingCSD_LL.o) (CapSense_CSDPostSingleScan)
C:\Program Files (x86)\Cypress\PSoC Creator\4.4\PSoC Creator\psoc\content\CyComponentLibrary\CyComponentLibrary.cylib\CapSense_P4_v7_0\PSoC4\Library\Capsense_P4Library_GCC.a(CapSense_SmartSense_LL.o)
                              .\CortexM0\ARM_GCC_541\Debug\Design11.a(CapSense_Sensing.o) (SmartSense_TunePrescalers)
C:\Program Files (x86)\Cypress\PSoC Creator\4.4\PSoC Creator\psoc\content\CyComponentLibrary\CyComponentLibrary.cylib\CapSense_P4_v7_0\PSoC4\Library\Capsense_P4Library_GCC.a(CapSense_SmartSense_SL.o)
                              .\CortexM0\ARM_GCC_541\Debug\Design11.a(CapSense_Processing.o) (SmartSense_UpdateThresholds)
c:/program files (x86)/cypress/psoc creator/4.4/psoc creator/import/gnu/arm/5.4.1/bin/../lib/gcc/arm-none-eabi/5.4.1/armv6-m\libgcc.a(_udivsi3.o)
                              .\CortexM0\ARM_GCC_541\Debug\Design11.a(CapSense_Sensing.o) (__aeabi_uidiv)
c:/program files (x86)/cypress/psoc creator/4.4/psoc creator/import/gnu/arm/5.4.1/bin/../lib/gcc/arm-none-eabi/5.4.1/armv6-m\libgcc.a(_dvmd_tls.o)
                              c:/program files (x86)/cypress/psoc creator/4.4/psoc creator/import/gnu/arm/5.4.1/bin/../lib/gcc/arm-none-eabi/5.4.1/armv6-m\libgcc.a(_udivsi3.o) (__aeabi_idiv0)
c:/program files (x86)/cypress/psoc creator/4.4/psoc creator/import/gnu/arm/5.4.1/bin/../lib/gcc/arm-none-eabi/5.4.1/../../../../arm-none-eabi/lib/armv6-m\libg_nano.a(lib_a-errno.o)
                              .\CortexM0\ARM_GCC_541\Debug\Cm0Start.o (__errno)
c:/program files (x86)/cypress/psoc creator/4.4/psoc creator/import/gnu/arm/5.4.1/bin/../lib/gcc/arm-none-eabi/5.4.1/../../../../arm-none-eabi/lib/armv6-m\libg_nano.a(lib_a-exit.o)
                              c:/program files (x86)/cypress/psoc creator/4.4/psoc creator/import/gnu/arm/5.4.1/bin/../lib/gcc/arm-none-eabi/5.4.1/../../../../arm-none-eabi/lib/armv6-m/crt0.o (exit)
c:/program files (x86)/cypress/psoc creator/4.4/psoc creator/import/gnu/arm/5.4.1/bin/../lib/gcc/arm-none-eabi/5.4.1/../../../../arm-none-eabi/lib/armv6-m\libg_nano.a(lib_a-impure.o)
                              c:/program files (x86)/cypress/psoc creator/4.4/psoc creator/import/gnu/arm/5.4.1/bin/../lib/gcc/arm-none-eabi/5.4.1/../../../../arm-none-eabi/lib/armv6-m\libg_nano.a(lib_a-exit.o) (_global_impure_ptr)
c:/program files (x86)/cypress/psoc creator/4.4/psoc creator/import/gnu/arm/5.4.1/bin/../lib/gcc/arm-none-eabi/5.4.1/../../../../arm-none-eabi/lib/armv6-m\libg_nano.a(lib_a-init.o)
                              c:/program files (x86)/cypress/psoc creator/4.4/psoc creator/import/gnu/arm/5.4.1/bin/../lib/gcc/arm-none-eabi/5.4.1/../../../../arm-none-eabi/lib/armv6-m/crt0.o (__libc_init_array)
c:/program files (x86)/cypress/psoc creator/4.4/psoc creator/import/gnu/arm/5.4.1/bin/../lib/gcc/arm-none-eabi/5.4.1/../../../../arm-none-eabi/lib/armv6-m\libg_nano.a(lib_a-memcpy-stub.o)
                              .\CortexM0\ARM_GCC_541\Debug\Design11.a(CapSense_Structure.o) (memcpy)
c:/program files (x86)/cypress/psoc creator/4.4/psoc creator/import/gnu/arm/5.4.1/bin/../lib/gcc/arm-none-eabi/5.4.1/../../../../arm-none-eabi/lib/armv6-m\libg_nano.a(lib_a-memset.o)
                              c:/program files (x86)/cypress/psoc creator/4.4/psoc creator/import/gnu/arm/5.4.1/bin/../lib/gcc/arm-none-eabi/5.4.1/../../../../arm-none-eabi/lib/armv6-m/crt0.o (memset)

Allocating common symbols
Common symbol       size              file

CapSense_dsRam      0x44              .\CortexM0\ARM_GCC_541\Debug\Design11.a(CapSense_Structure.o)
CapSense_curRamSnsPtr
                    0x4               .\CortexM0\ARM_GCC_541\Debug\Design11.a(CapSense_Sensing.o)
CapSense_curSnsIOPtr
                    0x4               .\CortexM0\ARM_GCC_541\Debug\Design11.a(CapSense_Sensing.o)

Discarded input sections

 .text          0x00000000        0x0 c:/program files (x86)/cypress/psoc creator/4.4/psoc creator/import/gnu/arm/5.4.1/bin/../lib/gcc/arm-none-eabi/5.4.1/armv6-m/crti.o
 .data          0x00000000        0x0 c:/program files (x86)/cypress/psoc creator/4.4/psoc creator/import/gnu/arm/5.4.1/bin/../lib/gcc/arm-none-eabi/5.4.1/armv6-m/crti.o
 .bss           0x00000000        0x0 c:/program files (x86)/cypress/psoc creator/4.4/psoc creator/import/gnu/arm/5.4.1/bin/../lib/gcc/arm-none-eabi/5.4.1/armv6-m/crti.o
 .data          0x00000000        0x4 c:/program files (x86)/cypress/psoc creator/4.4/psoc creator/import/gnu/arm/5.4.1/bin/../lib/gcc/arm-none-eabi/5.4.1/armv6-m/crtbegin.o
 .text          0x00000000       0x78 c:/program files (x86)/cypress/psoc creator/4.4/psoc creator/import/gnu/arm/5.4.1/bin/../lib/gcc/arm-none-eabi/5.4.1/../../../../arm-none-eabi/lib/armv6-m/crt0.o
 .data          0x00000000        0x0 c:/program files (x86)/cypress/psoc creator/4.4/psoc creator/import/gnu/arm/5.4.1/bin/../lib/gcc/arm-none-eabi/5.4.1/../../../../arm-none-eabi/lib/armv6-m/crt0.o
 .bss           0x00000000        0x0 c:/program files (x86)/cypress/psoc creator/4.4/psoc creator/import/gnu/arm/5.4.1/bin/../lib/gcc/arm-none-eabi/5.4.1/../../../../arm-none-eabi/lib/armv6-m/crt0.o
 .ARM.extab     0x00000000        0x0 c:/program files (x86)/cypress/psoc creator/4.4/psoc creator/import/gnu/arm/5.4.1/bin/../lib/gcc/arm-none-eabi/5.4.1/../../../../arm-none-eabi/lib/armv6-m/crt0.o
 .ARM.exidx     0x00000000        0x8 c:/program files (x86)/cypress/psoc creator/4.4/psoc creator/import/gnu/arm/5.4.1/bin/../lib/gcc/arm-none-eabi/5.4.1/../../../../arm-none-eabi/lib/armv6-m/crt0.o
 .text          0x00000000        0x0 .\CortexM0\ARM_GCC_541\Debug\main.o
 .data          0x00000000        0x0 .\CortexM0\ARM_GCC_541\Debug\main.o
 .bss           0x00000000        0x0 .\CortexM0\ARM_GCC_541\Debug\main.o
 .text          0x00000000        0x0 .\CortexM0\ARM_GCC_541\Debug\cyfitter_cfg.o
 .data          0x00000000        0x0 .\CortexM0\ARM_GCC_541\Debug\cyfitter_cfg.o
 .bss           0x00000000        0x0 .\CortexM0\ARM_GCC_541\Debug\cyfitter_cfg.o
 .text          0x00000000        0x0 .\CortexM0\ARM_GCC_541\Debug\cymetadata.o
 .data          0x00000000        0x0 .\CortexM0\ARM_GCC_541\Debug\cymetadata.o
 .bss           0x00000000        0x0 .\CortexM0\ARM_GCC_541\Debug\cymetadata.o
 .text          0x00000000        0x0 .\CortexM0\ARM_GCC_541\Debug\Cm0Start.o
 .data          0x00000000        0x4 .\CortexM0\ARM_GCC_541\Debug\Cm0Start.o
 .bss           0x00000000        0x0 .\CortexM0\ARM_GCC_541\Debug\Cm0Start.o
 .text._exit    0x00000000        0xc .\CortexM0\ARM_GCC_541\Debug\Cm0Start.o
 .text._sbrk    0x00000000       0x30 .\CortexM0\ARM_GCC_541\Debug\Cm0Start.o
 .text          0x00000000        0x0 .\CortexM0\ARM_GCC_541\Debug\Design11.a(CapSense_Control.o)
 .data          0x00000000        0x0 .\CortexM0\ARM_GCC_541\Debug\Design11.a(CapSense_Control.o)
 .text.CapSense_Stop
                0x00000000       0x10 .\CortexM0\ARM_GCC_541\Debug\Design11.a(CapSense_Control.o)
 .text.CapSense_Resume
                0x00000000       0x24 .\CortexM0\ARM_GCC_541\Debug\Design11.a(CapSense_Control.o)
 .text.CapSense_ProcessWidget
                0x00000000       0x4c .\CortexM0\ARM_GCC_541\Debug\Design11.a(CapSense_Control.o)
 .text.CapSense_ProcessWidgetExt
                0x00000000       0x54 .\CortexM0\ARM_GCC_541\Debug\Design11.a(CapSense_Control.o)
 .text.CapSense_ProcessSensorExt
                0x00000000       0x34 .\CortexM0\ARM_GCC_541\Debug\Design11.a(CapSense_Control.o)
 .text.CapSense_Sleep
                0x00000000        0x4 .\CortexM0\ARM_GCC_541\Debug\Design11.a(CapSense_Control.o)
 .text.CapSense_Wakeup
                0x00000000        0x4 .\CortexM0\ARM_GCC_541\Debug\Design11.a(CapSense_Control.o)
 .text          0x00000000        0x0 .\CortexM0\ARM_GCC_541\Debug\Design11.a(CapSense_Processing.o)
 .data          0x00000000        0x0 .\CortexM0\ARM_GCC_541\Debug\Design11.a(CapSense_Processing.o)
 .bss           0x00000000        0x0 .\CortexM0\ARM_GCC_541\Debug\Design11.a(CapSense_Processing.o)
 .text.CapSense_DpProcessCsdSensorRawCountsExt
                0x00000000       0x54 .\CortexM0\ARM_GCC_541\Debug\Design11.a(CapSense_Processing.o)
 .text          0x00000000        0x0 .\CortexM0\ARM_GCC_541\Debug\Design11.a(CapSense_Structure.o)
 .data          0x00000000        0x0 .\CortexM0\ARM_GCC_541\Debug\Design11.a(CapSense_Structure.o)
 .text.DsParseParamId
                0x00000000       0x7c .\CortexM0\ARM_GCC_541\Debug\Design11.a(CapSense_Structure.o)
 .text.CapSense_GetParam
                0x00000000       0x5c .\CortexM0\ARM_GCC_541\Debug\Design11.a(CapSense_Structure.o)
 .text.CapSense_SetParam
                0x00000000       0x58 .\CortexM0\ARM_GCC_541\Debug\Design11.a(CapSense_Structure.o)
 .text.CapSense_IsAnyWidgetActive
                0x00000000       0x20 .\CortexM0\ARM_GCC_541\Debug\Design11.a(CapSense_Structure.o)
 .text.CapSense_IsSensorActive
                0x00000000       0x30 .\CortexM0\ARM_GCC_541\Debug\Design11.a(CapSense_Structure.o)
 .text          0x00000000        0x0 .\CortexM0\ARM_GCC_541\Debug\Design11.a(CapSense_Tuner.o)
 .data          0x00000000        0x0 .\CortexM0\ARM_GCC_541\Debug\Design11.a(CapSense_Tuner.o)
 .text.CapSense_RunTuner
                0x00000000      0x10c .\CortexM0\ARM_GCC_541\Debug\Design11.a(CapSense_Tuner.o)
 .rodata        0x00000000       0x1c .\CortexM0\ARM_GCC_541\Debug\Design11.a(CapSense_Tuner.o)
 .text          0x00000000        0x0 .\CortexM0\ARM_GCC_541\Debug\Design11.a(CapSense_Filter.o)
 .data          0x00000000        0x0 .\CortexM0\ARM_GCC_541\Debug\Design11.a(CapSense_Filter.o)
 .bss           0x00000000        0x0 .\CortexM0\ARM_GCC_541\Debug\Design11.a(CapSense_Filter.o)
 .text.CapSense_RunNoiseEnvelope
                0x00000000       0x2c .\CortexM0\ARM_GCC_541\Debug\Design11.a(CapSense_Filter.o)
 .text.CapSense_InitializeNoiseEnvelope
                0x00000000       0x2c .\CortexM0\ARM_GCC_541\Debug\Design11.a(CapSense_Filter.o)
 .text.CapSense_UpdateSensorBaseline
                0x00000000       0x24 .\CortexM0\ARM_GCC_541\Debug\Design11.a(CapSense_Filter.o)
 .text.CapSense_UpdateWidgetBaseline
                0x00000000       0x2c .\CortexM0\ARM_GCC_541\Debug\Design11.a(CapSense_Filter.o)
 .text.CapSense_UpdateAllBaselines
                0x00000000       0x1c .\CortexM0\ARM_GCC_541\Debug\Design11.a(CapSense_Filter.o)
 .text          0x00000000        0x0 .\CortexM0\ARM_GCC_541\Debug\Design11.a(CapSense_Sensing.o)
 .data          0x00000000        0x0 .\CortexM0\ARM_GCC_541\Debug\Design11.a(CapSense_Sensing.o)
 .text.CapSense_SetupWidgetExt
                0x00000000       0x54 .\CortexM0\ARM_GCC_541\Debug\Design11.a(CapSense_Sensing.o)
 .text.CapSense_ScanExt
                0x00000000       0x2c .\CortexM0\ARM_GCC_541\Debug\Design11.a(CapSense_Sensing.o)
 .text.CapSense_SetPinState
                0x00000000       0x9c .\CortexM0\ARM_GCC_541\Debug\Design11.a(CapSense_Sensing.o)
 .text.CapSense_SsIsrInitialize
                0x00000000        0x8 .\CortexM0\ARM_GCC_541\Debug\Design11.a(CapSense_Sensing.o)
 .text.CapSense_SsSetClockDividers
                0x00000000       0x14 .\CortexM0\ARM_GCC_541\Debug\Design11.a(CapSense_Sensing.o)
 .text.CapSense_CalibrateWidget
                0x00000000       0x1c .\CortexM0\ARM_GCC_541\Debug\Design11.a(CapSense_Sensing.o)
 .text.CapSense_CalibrateAllWidgets
                0x00000000       0x1c .\CortexM0\ARM_GCC_541\Debug\Design11.a(CapSense_Sensing.o)
 .text.CapSense_SetInactiveElectrodeState
                0x00000000       0x1c .\CortexM0\ARM_GCC_541\Debug\Design11.a(CapSense_Sensing.o)
 .text.CapSense_DischargeExtCapacitors
                0x00000000       0x94 .\CortexM0\ARM_GCC_541\Debug\Design11.a(CapSense_Sensing.o)
 .text          0x00000000        0x0 .\CortexM0\ARM_GCC_541\Debug\Design11.a(CapSense_SensingCSD_LL.o)
 .text.CapSense_SsCSDDisconnectSnsExt
                0x00000000       0x24 .\CortexM0\ARM_GCC_541\Debug\Design11.a(CapSense_SensingCSD_LL.o)
 .text          0x00000000        0x0 .\CortexM0\ARM_GCC_541\Debug\Design11.a(led.o)
 .data          0x00000000        0x0 .\CortexM0\ARM_GCC_541\Debug\Design11.a(led.o)
 .bss           0x00000000        0x0 .\CortexM0\ARM_GCC_541\Debug\Design11.a(led.o)
 .text.led_SetDriveMode
                0x00000000       0x14 .\CortexM0\ARM_GCC_541\Debug\Design11.a(led.o)
 .text.led_Read
                0x00000000       0x10 .\CortexM0\ARM_GCC_541\Debug\Design11.a(led.o)
 .text.led_ReadDataReg
                0x00000000       0x10 .\CortexM0\ARM_GCC_541\Debug\Design11.a(led.o)
 .text.led_SetInterruptMode
                0x00000000       0x14 .\CortexM0\ARM_GCC_541\Debug\Design11.a(led.o)
 .text.led_ClearInterrupt
                0x00000000       0x10 .\CortexM0\ARM_GCC_541\Debug\Design11.a(led.o)
 .text          0x00000000        0x0 .\CortexM0\ARM_GCC_541\Debug\Design11.a(CapSense_ISR.o)
 .data          0x00000000        0x0 .\CortexM0\ARM_GCC_541\Debug\Design11.a(CapSense_ISR.o)
 .bss           0x00000000        0x0 .\CortexM0\ARM_GCC_541\Debug\Design11.a(CapSense_ISR.o)
 .text.CapSense_ISR_Interrupt
                0x00000000        0x4 .\CortexM0\ARM_GCC_541\Debug\Design11.a(CapSense_ISR.o)
 .text.CapSense_ISR_GetVector
                0x00000000        0xc .\CortexM0\ARM_GCC_541\Debug\Design11.a(CapSense_ISR.o)
 .text.CapSense_ISR_GetPriority
                0x00000000        0xc .\CortexM0\ARM_GCC_541\Debug\Design11.a(CapSense_ISR.o)
 .text.CapSense_ISR_GetState
                0x00000000       0x14 .\CortexM0\ARM_GCC_541\Debug\Design11.a(CapSense_ISR.o)
 .text.CapSense_ISR_Start
                0x00000000       0x1c .\CortexM0\ARM_GCC_541\Debug\Design11.a(CapSense_ISR.o)
 .text.CapSense_ISR_Stop
                0x00000000       0x14 .\CortexM0\ARM_GCC_541\Debug\Design11.a(CapSense_ISR.o)
 .text.CapSense_ISR_SetPending
                0x00000000       0x10 .\CortexM0\ARM_GCC_541\Debug\Design11.a(CapSense_ISR.o)
 .text.CapSense_ISR_ClearPending
                0x00000000       0x10 .\CortexM0\ARM_GCC_541\Debug\Design11.a(CapSense_ISR.o)
 .text          0x00000000        0x0 .\CortexM0\ARM_GCC_541\Debug\Design11.a(CyLib.o)
 .bss           0x00000000       0x18 .\CortexM0\ARM_GCC_541\Debug\Design11.a(CyLib.o)
 .text.CySysClkImoStart
                0x00000000       0x14 .\CortexM0\ARM_GCC_541\Debug\Design11.a(CyLib.o)
 .text.CySysClkImoStop
                0x00000000       0x10 .\CortexM0\ARM_GCC_541\Debug\Design11.a(CyLib.o)
 .text.CySysClkWriteHfclkDirect
                0x00000000       0x20 .\CortexM0\ARM_GCC_541\Debug\Design11.a(CyLib.o)
 .text.CySysEnablePumpClock
                0x00000000       0x38 .\CortexM0\ARM_GCC_541\Debug\Design11.a(CyLib.o)
 .text.CySysClkGetSysclkSource
                0x00000000       0x1c .\CortexM0\ARM_GCC_541\Debug\Design11.a(CyLib.o)
 .text.CySysClkWriteSysclkDiv
                0x00000000       0x30 .\CortexM0\ARM_GCC_541\Debug\Design11.a(CyLib.o)
 .text.CySysLvdDisable
                0x00000000       0x20 .\CortexM0\ARM_GCC_541\Debug\Design11.a(CyLib.o)
 .text.CySysLvdGetInterruptSource
                0x00000000       0x10 .\CortexM0\ARM_GCC_541\Debug\Design11.a(CyLib.o)
 .text.CySysLvdClearInterrupt
                0x00000000        0xc .\CortexM0\ARM_GCC_541\Debug\Design11.a(CyLib.o)
 .text.CySysGetResetReason
                0x00000000       0x14 .\CortexM0\ARM_GCC_541\Debug\Design11.a(CyLib.o)
 .text.CyDisableInts
                0x00000000       0x10 .\CortexM0\ARM_GCC_541\Debug\Design11.a(CyLib.o)
 .text.CyEnableInts
                0x00000000        0xc .\CortexM0\ARM_GCC_541\Debug\Design11.a(CyLib.o)
 .text.CyIntGetState
                0x00000000       0x18 .\CortexM0\ARM_GCC_541\Debug\Design11.a(CyLib.o)
 .text.CyIntDisable
                0x00000000       0x14 .\CortexM0\ARM_GCC_541\Debug\Design11.a(CyLib.o)
 .text.CyIntSetPending
                0x00000000       0x14 .\CortexM0\ARM_GCC_541\Debug\Design11.a(CyLib.o)
 .text.CyIntClearPending
                0x00000000       0x14 .\CortexM0\ARM_GCC_541\Debug\Design11.a(CyLib.o)
 .text.CyIntSetSysVector
                0x00000000       0x20 .\CortexM0\ARM_GCC_541\Debug\Design11.a(CyLib.o)
 .text.CyIntGetSysVector
                0x00000000       0x1c .\CortexM0\ARM_GCC_541\Debug\Design11.a(CyLib.o)
 .text.CyIntGetVector
                0x00000000       0x20 .\CortexM0\ARM_GCC_541\Debug\Design11.a(CyLib.o)
 .text.CyIntSetPriority
                0x00000000       0x4c .\CortexM0\ARM_GCC_541\Debug\Design11.a(CyLib.o)
 .text.CyIntGetPriority
                0x00000000       0x2c .\CortexM0\ARM_GCC_541\Debug\Design11.a(CyLib.o)
 .text.CySoftwareReset
                0x00000000       0x18 .\CortexM0\ARM_GCC_541\Debug\Design11.a(CyLib.o)
 .text.CyDelay  0x00000000       0x30 .\CortexM0\ARM_GCC_541\Debug\Design11.a(CyLib.o)
 .text.CySysLvdEnable
                0x00000000       0x44 .\CortexM0\ARM_GCC_541\Debug\Design11.a(CyLib.o)
 .text.CyDelayFreq
                0x00000000       0x4c .\CortexM0\ARM_GCC_541\Debug\Design11.a(CyLib.o)
 .text.CySysTickStop
                0x00000000       0x10 .\CortexM0\ARM_GCC_541\Debug\Design11.a(CyLib.o)
 .text.CySysTickEnableInterrupt
                0x00000000       0x10 .\CortexM0\ARM_GCC_541\Debug\Design11.a(CyLib.o)
 .text.CySysTickEnable
                0x00000000       0x18 .\CortexM0\ARM_GCC_541\Debug\Design11.a(CyLib.o)
 .text.CySysTickDisableInterrupt
                0x00000000       0x10 .\CortexM0\ARM_GCC_541\Debug\Design11.a(CyLib.o)
 .text.CySysTickSetReload
                0x00000000       0x10 .\CortexM0\ARM_GCC_541\Debug\Design11.a(CyLib.o)
 .text.CySysTickGetReload
                0x00000000       0x10 .\CortexM0\ARM_GCC_541\Debug\Design11.a(CyLib.o)
 .text.CySysTickGetValue
                0x00000000       0x10 .\CortexM0\ARM_GCC_541\Debug\Design11.a(CyLib.o)
 .text.CySysTickGetCountFlag
                0x00000000       0x10 .\CortexM0\ARM_GCC_541\Debug\Design11.a(CyLib.o)
 .text.CySysTickServiceCallbacks
                0x00000000       0x28 .\CortexM0\ARM_GCC_541\Debug\Design11.a(CyLib.o)
 .text.CySysTickClear
                0x00000000        0xc .\CortexM0\ARM_GCC_541\Debug\Design11.a(CyLib.o)
 .text.CySysTickInit
                0x00000000       0x40 .\CortexM0\ARM_GCC_541\Debug\Design11.a(CyLib.o)
 .text.CySysTickStart
                0x00000000       0x20 .\CortexM0\ARM_GCC_541\Debug\Design11.a(CyLib.o)
 .text.CySysTickSetCallback
                0x00000000       0x10 .\CortexM0\ARM_GCC_541\Debug\Design11.a(CyLib.o)
 .text.CySysTickGetCallback
                0x00000000        0xc .\CortexM0\ARM_GCC_541\Debug\Design11.a(CyLib.o)
 .text.CyGetUniqueId
                0x00000000       0x70 .\CortexM0\ARM_GCC_541\Debug\Design11.a(CyLib.o)
 .text          0x00000000        0x0 .\CortexM0\ARM_GCC_541\Debug\Design11.a(CyLFClk.o)
 .text.CySysClkIloEnabled
                0x00000000       0x14 .\CortexM0\ARM_GCC_541\Debug\Design11.a(CyLFClk.o)
 .text.CySysClkIloStart
                0x00000000       0x14 .\CortexM0\ARM_GCC_541\Debug\Design11.a(CyLFClk.o)
 .text.CySysClkIloStartMeasurement
                0x00000000       0x34 .\CortexM0\ARM_GCC_541\Debug\Design11.a(CyLFClk.o)
 .text.CySysClkIloStopMeasurement
                0x00000000       0x14 .\CortexM0\ARM_GCC_541\Debug\Design11.a(CyLFClk.o)
 .text.CySysClkIloCompensate
                0x00000000      0x104 .\CortexM0\ARM_GCC_541\Debug\Design11.a(CyLFClk.o)
 .text.CySysWdtGetEnabledStatus
                0x00000000       0x24 .\CortexM0\ARM_GCC_541\Debug\Design11.a(CyLFClk.o)
 .text.CySysWdtSetMode
                0x00000000       0x38 .\CortexM0\ARM_GCC_541\Debug\Design11.a(CyLFClk.o)
 .text.CySysClkLfclkPosedgeRestore
                0x00000000       0x2c .\CortexM0\ARM_GCC_541\Debug\Design11.a(CyLFClk.o)
 .text.CySysWdtGetMode
                0x00000000       0x14 .\CortexM0\ARM_GCC_541\Debug\Design11.a(CyLFClk.o)
 .text.CySysWdtSetClearOnMatch
                0x00000000       0x34 .\CortexM0\ARM_GCC_541\Debug\Design11.a(CyLFClk.o)
 .text.CySysWdtGetClearOnMatch
                0x00000000       0x24 .\CortexM0\ARM_GCC_541\Debug\Design11.a(CyLFClk.o)
 .text.CySysWdtEnable
                0x00000000       0x40 .\CortexM0\ARM_GCC_541\Debug\Design11.a(CyLFClk.o)
 .text.CySysWdtDisable
                0x00000000       0x44 .\CortexM0\ARM_GCC_541\Debug\Design11.a(CyLFClk.o)
 .text.CySysWdtSetCascade
                0x00000000       0x34 .\CortexM0\ARM_GCC_541\Debug\Design11.a(CyLFClk.o)
 .text.CySysWdtGetCascade
                0x00000000       0x14 .\CortexM0\ARM_GCC_541\Debug\Design11.a(CyLFClk.o)
 .text.CySysWdtSetMatch
                0x00000000       0x38 .\CortexM0\ARM_GCC_541\Debug\Design11.a(CyLFClk.o)
 .text.CySysWdtSetToggleBit
                0x00000000       0x30 .\CortexM0\ARM_GCC_541\Debug\Design11.a(CyLFClk.o)
 .text.CySysWdtGetToggleBit
                0x00000000       0x10 .\CortexM0\ARM_GCC_541\Debug\Design11.a(CyLFClk.o)
 .text.CySysWdtGetMatch
                0x00000000       0x20 .\CortexM0\ARM_GCC_541\Debug\Design11.a(CyLFClk.o)
 .text.CySysWdtGetCount
                0x00000000       0x3c .\CortexM0\ARM_GCC_541\Debug\Design11.a(CyLFClk.o)
 .text.CySysClkLfclkPosedgeCatch
                0x00000000       0x74 .\CortexM0\ARM_GCC_541\Debug\Design11.a(CyLFClk.o)
 .text.CySysClkIloStop
                0x00000000       0x38 .\CortexM0\ARM_GCC_541\Debug\Design11.a(CyLFClk.o)
 .text.CySysWdtGetInterruptSource
                0x00000000       0x14 .\CortexM0\ARM_GCC_541\Debug\Design11.a(CyLFClk.o)
 .text.CySysWdtResetCounters
                0x00000000       0x20 .\CortexM0\ARM_GCC_541\Debug\Design11.a(CyLFClk.o)
 .text.CySysWdtSetInterruptCallback
                0x00000000       0x20 .\CortexM0\ARM_GCC_541\Debug\Design11.a(CyLFClk.o)
 .text.CySysWdtGetInterruptCallback
                0x00000000       0x20 .\CortexM0\ARM_GCC_541\Debug\Design11.a(CyLFClk.o)
 .text.CySysWdtEnableCounterIsr
                0x00000000       0x34 .\CortexM0\ARM_GCC_541\Debug\Design11.a(CyLFClk.o)
 .text.CySysWdtDisableCounterIsr
                0x00000000       0x28 .\CortexM0\ARM_GCC_541\Debug\Design11.a(CyLFClk.o)
 .text.CySysWatchdogFeed
                0x00000000       0x60 .\CortexM0\ARM_GCC_541\Debug\Design11.a(CyLFClk.o)
 .text.CySysTimerDelayUntilMatch
                0x00000000       0x6c .\CortexM0\ARM_GCC_541\Debug\Design11.a(CyLFClk.o)
 .text.CySysTimerDelay
                0x00000000       0x3c .\CortexM0\ARM_GCC_541\Debug\Design11.a(CyLFClk.o)
 .rodata        0x00000000        0xc .\CortexM0\ARM_GCC_541\Debug\Design11.a(CyLFClk.o)
 .data          0x00000000        0x0 .\CortexM0\ARM_GCC_541\Debug\Design11.a(CyBootAsmGnu.o)
 .bss           0x00000000        0x0 .\CortexM0\ARM_GCC_541\Debug\Design11.a(CyBootAsmGnu.o)
 .text          0x00000000        0x0 .\CortexM0\ARM_GCC_541\Debug\Design11.a(CapSense_INT.o)
 .data          0x00000000        0x0 .\CortexM0\ARM_GCC_541\Debug\Design11.a(CapSense_INT.o)
 .bss           0x00000000        0x0 .\CortexM0\ARM_GCC_541\Debug\Design11.a(CapSense_INT.o)
 .text          0x00000000        0x0 C:\Program Files (x86)\Cypress\PSoC Creator\4.4\PSoC Creator\psoc\content\CyComponentLibrary\CyComponentLibrary.cylib\CapSense_P4_v7_0\PSoC4\Library\Capsense_P4Library_GCC.a(CapSense_SmartSense_LL.o)
 .data          0x00000000        0x0 C:\Program Files (x86)\Cypress\PSoC Creator\4.4\PSoC Creator\psoc\content\CyComponentLibrary\CyComponentLibrary.cylib\CapSense_P4_v7_0\PSoC4\Library\Capsense_P4Library_GCC.a(CapSense_SmartSense_LL.o)
 .bss           0x00000000        0x0 C:\Program Files (x86)\Cypress\PSoC Creator\4.4\PSoC Creator\psoc\content\CyComponentLibrary\CyComponentLibrary.cylib\CapSense_P4_v7_0\PSoC4\Library\Capsense_P4Library_GCC.a(CapSense_SmartSense_LL.o)
 .text          0x00000000        0x0 C:\Program Files (x86)\Cypress\PSoC Creator\4.4\PSoC Creator\psoc\content\CyComponentLibrary\CyComponentLibrary.cylib\CapSense_P4_v7_0\PSoC4\Library\Capsense_P4Library_GCC.a(CapSense_SmartSense_SL.o)
 .data          0x00000000        0x0 C:\Program Files (x86)\Cypress\PSoC Creator\4.4\PSoC Creator\psoc\content\CyComponentLibrary\CyComponentLibrary.cylib\CapSense_P4_v7_0\PSoC4\Library\Capsense_P4Library_GCC.a(CapSense_SmartSense_SL.o)
 .bss           0x00000000        0x0 C:\Program Files (x86)\Cypress\PSoC Creator\4.4\PSoC Creator\psoc\content\CyComponentLibrary\CyComponentLibrary.cylib\CapSense_P4_v7_0\PSoC4\Library\Capsense_P4Library_GCC.a(CapSense_SmartSense_SL.o)
 .data          0x00000000        0x0 c:/program files (x86)/cypress/psoc creator/4.4/psoc creator/import/gnu/arm/5.4.1/bin/../lib/gcc/arm-none-eabi/5.4.1/armv6-m\libgcc.a(_udivsi3.o)
 .bss           0x00000000        0x0 c:/program files (x86)/cypress/psoc creator/4.4/psoc creator/import/gnu/arm/5.4.1/bin/../lib/gcc/arm-none-eabi/5.4.1/armv6-m\libgcc.a(_udivsi3.o)
 .data          0x00000000        0x0 c:/program files (x86)/cypress/psoc creator/4.4/psoc creator/import/gnu/arm/5.4.1/bin/../lib/gcc/arm-none-eabi/5.4.1/armv6-m\libgcc.a(_dvmd_tls.o)
 .bss           0x00000000        0x0 c:/program files (x86)/cypress/psoc creator/4.4/psoc creator/import/gnu/arm/5.4.1/bin/../lib/gcc/arm-none-eabi/5.4.1/armv6-m\libgcc.a(_dvmd_tls.o)
 .text          0x00000000        0x0 c:/program files (x86)/cypress/psoc creator/4.4/psoc creator/import/gnu/arm/5.4.1/bin/../lib/gcc/arm-none-eabi/5.4.1/../../../../arm-none-eabi/lib/armv6-m\libg_nano.a(lib_a-errno.o)
 .data          0x00000000        0x0 c:/program files (x86)/cypress/psoc creator/4.4/psoc creator/import/gnu/arm/5.4.1/bin/../lib/gcc/arm-none-eabi/5.4.1/../../../../arm-none-eabi/lib/armv6-m\libg_nano.a(lib_a-errno.o)
 .bss           0x00000000        0x0 c:/program files (x86)/cypress/psoc creator/4.4/psoc creator/import/gnu/arm/5.4.1/bin/../lib/gcc/arm-none-eabi/5.4.1/../../../../arm-none-eabi/lib/armv6-m\libg_nano.a(lib_a-errno.o)
 .text          0x00000000        0x0 c:/program files (x86)/cypress/psoc creator/4.4/psoc creator/import/gnu/arm/5.4.1/bin/../lib/gcc/arm-none-eabi/5.4.1/../../../../arm-none-eabi/lib/armv6-m\libg_nano.a(lib_a-exit.o)
 .data          0x00000000        0x0 c:/program files (x86)/cypress/psoc creator/4.4/psoc creator/import/gnu/arm/5.4.1/bin/../lib/gcc/arm-none-eabi/5.4.1/../../../../arm-none-eabi/lib/armv6-m\libg_nano.a(lib_a-exit.o)
 .bss           0x00000000        0x0 c:/program files (x86)/cypress/psoc creator/4.4/psoc creator/import/gnu/arm/5.4.1/bin/../lib/gcc/arm-none-eabi/5.4.1/../../../../arm-none-eabi/lib/armv6-m\libg_nano.a(lib_a-exit.o)
 .text.exit     0x00000000       0x2c c:/program files (x86)/cypress/psoc creator/4.4/psoc creator/import/gnu/arm/5.4.1/bin/../lib/gcc/arm-none-eabi/5.4.1/../../../../arm-none-eabi/lib/armv6-m\libg_nano.a(lib_a-exit.o)
 .text          0x00000000        0x0 c:/program files (x86)/cypress/psoc creator/4.4/psoc creator/import/gnu/arm/5.4.1/bin/../lib/gcc/arm-none-eabi/5.4.1/../../../../arm-none-eabi/lib/armv6-m\libg_nano.a(lib_a-impure.o)
 .data          0x00000000        0x0 c:/program files (x86)/cypress/psoc creator/4.4/psoc creator/import/gnu/arm/5.4.1/bin/../lib/gcc/arm-none-eabi/5.4.1/../../../../arm-none-eabi/lib/armv6-m\libg_nano.a(lib_a-impure.o)
 .bss           0x00000000        0x0 c:/program files (x86)/cypress/psoc creator/4.4/psoc creator/import/gnu/arm/5.4.1/bin/../lib/gcc/arm-none-eabi/5.4.1/../../../../arm-none-eabi/lib/armv6-m\libg_nano.a(lib_a-impure.o)
 .rodata._global_impure_ptr
                0x00000000        0x4 c:/program files (x86)/cypress/psoc creator/4.4/psoc creator/import/gnu/arm/5.4.1/bin/../lib/gcc/arm-none-eabi/5.4.1/../../../../arm-none-eabi/lib/armv6-m\libg_nano.a(lib_a-impure.o)
 .text          0x00000000        0x0 c:/program files (x86)/cypress/psoc creator/4.4/psoc creator/import/gnu/arm/5.4.1/bin/../lib/gcc/arm-none-eabi/5.4.1/../../../../arm-none-eabi/lib/armv6-m\libg_nano.a(lib_a-init.o)
 .data          0x00000000        0x0 c:/program files (x86)/cypress/psoc creator/4.4/psoc creator/import/gnu/arm/5.4.1/bin/../lib/gcc/arm-none-eabi/5.4.1/../../../../arm-none-eabi/lib/armv6-m\libg_nano.a(lib_a-init.o)
 .bss           0x00000000        0x0 c:/program files (x86)/cypress/psoc creator/4.4/psoc creator/import/gnu/arm/5.4.1/bin/../lib/gcc/arm-none-eabi/5.4.1/../../../../arm-none-eabi/lib/armv6-m\libg_nano.a(lib_a-init.o)
 .text          0x00000000        0x0 c:/program files (x86)/cypress/psoc creator/4.4/psoc creator/import/gnu/arm/5.4.1/bin/../lib/gcc/arm-none-eabi/5.4.1/../../../../arm-none-eabi/lib/armv6-m\libg_nano.a(lib_a-memcpy-stub.o)
 .data          0x00000000        0x0 c:/program files (x86)/cypress/psoc creator/4.4/psoc creator/import/gnu/arm/5.4.1/bin/../lib/gcc/arm-none-eabi/5.4.1/../../../../arm-none-eabi/lib/armv6-m\libg_nano.a(lib_a-memcpy-stub.o)
 .bss           0x00000000        0x0 c:/program files (x86)/cypress/psoc creator/4.4/psoc creator/import/gnu/arm/5.4.1/bin/../lib/gcc/arm-none-eabi/5.4.1/../../../../arm-none-eabi/lib/armv6-m\libg_nano.a(lib_a-memcpy-stub.o)
 .text          0x00000000        0x0 c:/program files (x86)/cypress/psoc creator/4.4/psoc creator/import/gnu/arm/5.4.1/bin/../lib/gcc/arm-none-eabi/5.4.1/../../../../arm-none-eabi/lib/armv6-m\libg_nano.a(lib_a-memset.o)
 .data          0x00000000        0x0 c:/program files (x86)/cypress/psoc creator/4.4/psoc creator/import/gnu/arm/5.4.1/bin/../lib/gcc/arm-none-eabi/5.4.1/../../../../arm-none-eabi/lib/armv6-m\libg_nano.a(lib_a-memset.o)
 .bss           0x00000000        0x0 c:/program files (x86)/cypress/psoc creator/4.4/psoc creator/import/gnu/arm/5.4.1/bin/../lib/gcc/arm-none-eabi/5.4.1/../../../../arm-none-eabi/lib/armv6-m\libg_nano.a(lib_a-memset.o)
 .text          0x00000000        0x0 c:/program files (x86)/cypress/psoc creator/4.4/psoc creator/import/gnu/arm/5.4.1/bin/../lib/gcc/arm-none-eabi/5.4.1/armv6-m/crtend.o
 .data          0x00000000        0x0 c:/program files (x86)/cypress/psoc creator/4.4/psoc creator/import/gnu/arm/5.4.1/bin/../lib/gcc/arm-none-eabi/5.4.1/armv6-m/crtend.o
 .bss           0x00000000        0x0 c:/program files (x86)/cypress/psoc creator/4.4/psoc creator/import/gnu/arm/5.4.1/bin/../lib/gcc/arm-none-eabi/5.4.1/armv6-m/crtend.o
 .text          0x00000000        0x0 c:/program files (x86)/cypress/psoc creator/4.4/psoc creator/import/gnu/arm/5.4.1/bin/../lib/gcc/arm-none-eabi/5.4.1/armv6-m/crtn.o
 .data          0x00000000        0x0 c:/program files (x86)/cypress/psoc creator/4.4/psoc creator/import/gnu/arm/5.4.1/bin/../lib/gcc/arm-none-eabi/5.4.1/armv6-m/crtn.o
 .bss           0x00000000        0x0 c:/program files (x86)/cypress/psoc creator/4.4/psoc creator/import/gnu/arm/5.4.1/bin/../lib/gcc/arm-none-eabi/5.4.1/armv6-m/crtn.o

Memory Configuration

Name             Origin             Length             Attributes
rom              0x00000000         0x00008000         xr
ram              0x20000000         0x00001000         xrw
*default*        0x00000000         0xffffffff

Linker script and memory map

LOAD c:/program files (x86)/cypress/psoc creator/4.4/psoc creator/import/gnu/arm/5.4.1/bin/../lib/gcc/arm-none-eabi/5.4.1/armv6-m/crti.o
LOAD c:/program files (x86)/cypress/psoc creator/4.4/psoc creator/import/gnu/arm/5.4.1/bin/../lib/gcc/arm-none-eabi/5.4.1/armv6-m/crtbegin.o
LOAD c:/program files (x86)/cypress/psoc creator/4.4/psoc creator/import/gnu/arm/5.4.1/bin/../lib/gcc/arm-none-eabi/5.4.1/../../../../arm-none-eabi/lib/armv6-m/crt0.o
START GROUP
LOAD .\CortexM0\ARM_GCC_541\Debug\main.o
LOAD .\CortexM0\ARM_GCC_541\Debug\cyfitter_cfg.o
LOAD .\CortexM0\ARM_GCC_541\Debug\cymetadata.o
LOAD .\CortexM0\ARM_GCC_541\Debug\Cm0Start.o
LOAD .\CortexM0\ARM_GCC_541\Debug\Design11.a
LOAD C:\Program Files (x86)\Cypress\PSoC Creator\4.4\PSoC Creator\psoc\content\CyComponentLibrary\CyComponentLibrary.cylib\CapSense_P4_v7_0\PSoC4\Library\Capsense_P4Library_GCC.a
END GROUP
START GROUP
LOAD c:/program files (x86)/cypress/psoc creator/4.4/psoc creator/import/gnu/arm/5.4.1/bin/../lib/gcc/arm-none-eabi/5.4.1/armv6-m\libgcc.a
LOAD c:/program files (x86)/cypress/psoc creator/4.4/psoc creator/import/gnu/arm/5.4.1/bin/../lib/gcc/arm-none-eabi/5.4.1/../../../../arm-none-eabi/lib/armv6-m\libg_nano.a
LOAD c:/program files (x86)/cypress/psoc creator/4.4/psoc creator/import/gnu/arm/5.4.1/bin/../lib/gcc/arm-none-eabi/5.4.1/../../../../arm-none-eabi/lib/armv6-m\libc_nano.a
END GROUP
START GROUP
LOAD c:/program files (x86)/cypress/psoc creator/4.4/psoc creator/import/gnu/arm/5.4.1/bin/../lib/gcc/arm-none-eabi/5.4.1/armv6-m\libgcc.a
LOAD c:/program files (x86)/cypress/psoc creator/4.4/psoc creator/import/gnu/arm/5.4.1/bin/../lib/gcc/arm-none-eabi/5.4.1/../../../../arm-none-eabi/lib/armv6-m\libc_nano.a
END GROUP
LOAD c:/program files (x86)/cypress/psoc creator/4.4/psoc creator/import/gnu/arm/5.4.1/bin/../lib/gcc/arm-none-eabi/5.4.1/armv6-m/crtend.o
LOAD c:/program files (x86)/cypress/psoc creator/4.4/psoc creator/import/gnu/arm/5.4.1/bin/../lib/gcc/arm-none-eabi/5.4.1/armv6-m/crtn.o
START GROUP
LOAD c:/program files (x86)/cypress/psoc creator/4.4/psoc creator/import/gnu/arm/5.4.1/bin/../lib/gcc/arm-none-eabi/5.4.1/armv6-m\libgcc.a
LOAD c:/program files (x86)/cypress/psoc creator/4.4/psoc creator/import/gnu/arm/5.4.1/bin/../lib/gcc/arm-none-eabi/5.4.1/../../../../arm-none-eabi/lib/armv6-m\libc.a
LOAD c:/program files (x86)/cypress/psoc creator/4.4/psoc creator/import/gnu/arm/5.4.1/bin/../lib/gcc/arm-none-eabi/5.4.1/../../../../arm-none-eabi/lib/armv6-m\libnosys.a
END GROUP
                0x00000000                CY_APPL_ORIGIN = 0x0
                0x00000080                CY_FLASH_ROW_SIZE = 0x80
                0x00000001                CY_APPL_NUM = 0x1
                0x00000001                CY_APPL_MAX = 0x1
                0x00000040                CY_METADATA_SIZE = 0x40
                0x00000000                CY_APPL_LOADABLE = 0x0
                0x00000000                CY_CHECKSUM_EXCLUDE_SIZE = ALIGN (0x0, CY_FLASH_ROW_SIZE)
                0x00000000                CY_APP_FOR_STACK_AND_COPIER = 0x0
                [!provide]                PROVIDE (__cy_heap_start, _end)
                0x00000001                PROVIDE (__cy_region_num, ((__cy_regions_end - __cy_regions) / 0x10))
                0x20001000                PROVIDE (__cy_stack, (ORIGIN (ram) + LENGTH (ram)))
                [!provide]                PROVIDE (__cy_heap_end, (__cy_stack - 0x400))

.cybootloader   0x00000000        0x0
 *(.cybootloader)
                0x00000000                appl1_start = CY_APPL_ORIGIN?CY_APPL_ORIGIN:ALIGN (CY_FLASH_ROW_SIZE)
                0x00003f80                appl2_start = (appl1_start + ALIGN ((((LENGTH (rom) - appl1_start) - (0x2 * CY_FLASH_ROW_SIZE)) / 0x2), CY_FLASH_ROW_SIZE))
                0x00000000                appl_start = (CY_APPL_NUM == 0x1)?appl1_start:appl2_start
                0x00000001                cy_project_type_bootloader = (appl_start == 0x0)?0x1:0x0
                0x00000000                cy_project_type_app_for_stack_and_copier = (CY_APP_FOR_STACK_AND_COPIER == 0x1)?0x1:0x0

.text           0x00000000     0x1c56
 CREATE_OBJECT_SYMBOLS
                0x00000000                PROVIDE (__cy_interrupt_vector, RomVectors)
 *(.romvectors)
 .romvectors    0x00000000       0x10 .\CortexM0\ARM_GCC_541\Debug\Cm0Start.o
                0x00000000                RomVectors
                0x00000001                ASSERT ((. != __cy_interrupt_vector), No interrupt vector)
                0x00000001                ASSERT (CY_APPL_ORIGIN?(SIZEOF (.cybootloader) <= CY_APPL_ORIGIN):0x1, Wrong image location)
                0x00000010                PROVIDE (__cy_reset, Reset)
 *(.text.Reset)
 .text.Reset    0x00000010        0x8 .\CortexM0\ARM_GCC_541\Debug\Cm0Start.o
                0x00000010                Reset
                0x00000001                ASSERT ((. != __cy_reset), No reset code)
 *(.psocinit)
 .psocinit      0x00000018      0x150 .\CortexM0\ARM_GCC_541\Debug\cyfitter_cfg.o
                0x000000a8                cyfitter_cfg
                0x00000168                . = MAX (., 0x100)
 *(.text .text.* .gnu.linkonce.t.*)
 .text          0x00000168       0x60 c:/program files (x86)/cypress/psoc creator/4.4/psoc creator/import/gnu/arm/5.4.1/bin/../lib/gcc/arm-none-eabi/5.4.1/armv6-m/crtbegin.o
 .text.main     0x000001c8       0x30 .\CortexM0\ARM_GCC_541\Debug\main.o
                0x000001c8                main
 .text.cfg_write_bytes32
                0x000001f8       0x34 .\CortexM0\ARM_GCC_541\Debug\cyfitter_cfg.o
 .text.CYMEMZERO
                0x0000022c        0xc .\CortexM0\ARM_GCC_541\Debug\cyfitter_cfg.o
 .text.SetAnalogRoutingPumps
                0x00000238       0x40 .\CortexM0\ARM_GCC_541\Debug\cyfitter_cfg.o
                0x00000238                SetAnalogRoutingPumps
 .text.AnalogSetDefault
                0x00000278        0xc .\CortexM0\ARM_GCC_541\Debug\cyfitter_cfg.o
 .text.IntDefaultHandler
                0x00000284       0x10 .\CortexM0\ARM_GCC_541\Debug\Cm0Start.o
                0x00000284                IntDefaultHandler
 .text.Start_c  0x00000294       0x48 .\CortexM0\ARM_GCC_541\Debug\Cm0Start.o
                0x00000294                Start_c
 .text.initialize_psoc
                0x000002dc       0x40 .\CortexM0\ARM_GCC_541\Debug\Cm0Start.o
                0x000002dc                initialize_psoc
 .text.CapSense_Initialize
                0x0000031c       0x28 .\CortexM0\ARM_GCC_541\Debug\Design11.a(CapSense_Control.o)
                0x0000031c                CapSense_Initialize
 .text.CapSense_Start
                0x00000344       0x48 .\CortexM0\ARM_GCC_541\Debug\Design11.a(CapSense_Control.o)
                0x00000344                CapSense_Start
 .text.CapSense_ProcessAllWidgets
                0x0000038c       0x44 .\CortexM0\ARM_GCC_541\Debug\Design11.a(CapSense_Control.o)
                0x0000038c                CapSense_ProcessAllWidgets
 .text.CapSense_DpInitialize
                0x000003d0       0x58 .\CortexM0\ARM_GCC_541\Debug\Design11.a(CapSense_Processing.o)
                0x000003d0                CapSense_DpInitialize
 .text.CapSense_DpUpdateThresholds
                0x00000428       0x34 .\CortexM0\ARM_GCC_541\Debug\Design11.a(CapSense_Processing.o)
                0x00000428                CapSense_DpUpdateThresholds
 .text.CapSense_DpUpdateDifferences
                0x0000045c       0x18 .\CortexM0\ARM_GCC_541\Debug\Design11.a(CapSense_Processing.o)
                0x0000045c                CapSense_DpUpdateDifferences
 .text.CapSense_DpProcessCsdWidgetRawCounts
                0x00000474       0x5c .\CortexM0\ARM_GCC_541\Debug\Design11.a(CapSense_Processing.o)
                0x00000474                CapSense_DpProcessCsdWidgetRawCounts
 .text.CapSense_DpProcessButton
                0x000004d0       0x64 .\CortexM0\ARM_GCC_541\Debug\Design11.a(CapSense_Processing.o)
                0x000004d0                CapSense_DpProcessButton
 .text.CapSense_DpProcessCsdWidgetStatus
                0x00000534       0x58 .\CortexM0\ARM_GCC_541\Debug\Design11.a(CapSense_Processing.o)
                0x00000534                CapSense_DpProcessCsdWidgetStatus
 .text.CapSense_DsInitialize
                0x0000058c       0x70 .\CortexM0\ARM_GCC_541\Debug\Design11.a(CapSense_Structure.o)
                0x0000058c                CapSense_DsInitialize
 .text.CapSense_IsWidgetActive
                0x000005fc       0x24 .\CortexM0\ARM_GCC_541\Debug\Design11.a(CapSense_Structure.o)
                0x000005fc                CapSense_IsWidgetActive
 .text.CapSense_TuInitialize
                0x00000620       0x14 .\CortexM0\ARM_GCC_541\Debug\Design11.a(CapSense_Tuner.o)
                0x00000620                CapSense_TuInitialize
 .text.CapSense_FtInitializeBaselineChannel
                0x00000634       0x20 .\CortexM0\ARM_GCC_541\Debug\Design11.a(CapSense_Filter.o)
                0x00000634                CapSense_FtInitializeBaselineChannel
 .text.CapSense_FtInitializeBaseline
                0x00000654       0x20 .\CortexM0\ARM_GCC_541\Debug\Design11.a(CapSense_Filter.o)
                0x00000654                CapSense_FtInitializeBaseline
 .text.CapSense_InitializeSensorBaseline
                0x00000674       0x20 .\CortexM0\ARM_GCC_541\Debug\Design11.a(CapSense_Filter.o)
                0x00000674                CapSense_InitializeSensorBaseline
 .text.CapSense_InitializeWidgetBaseline
                0x00000694       0x24 .\CortexM0\ARM_GCC_541\Debug\Design11.a(CapSense_Filter.o)
                0x00000694                CapSense_InitializeWidgetBaseline
 .text.CapSense_InitializeAllBaselines
                0x000006b8       0x18 .\CortexM0\ARM_GCC_541\Debug\Design11.a(CapSense_Filter.o)
                0x000006b8                CapSense_InitializeAllBaselines
 .text.CapSense_InitializeWidgetFilter
                0x000006d0       0x40 .\CortexM0\ARM_GCC_541\Debug\Design11.a(CapSense_Filter.o)
                0x000006d0                CapSense_InitializeWidgetFilter
 .text.CapSense_InitializeAllFilters
                0x00000710       0x18 .\CortexM0\ARM_GCC_541\Debug\Design11.a(CapSense_Filter.o)
                0x00000710                CapSense_InitializeAllFilters
 .text.CapSense_FtInitialize
                0x00000728        0x8 .\CortexM0\ARM_GCC_541\Debug\Design11.a(CapSense_Filter.o)
                0x00000728                CapSense_FtInitialize
 .text.CapSense_FtIIR1stOrder
                0x00000730       0x14 .\CortexM0\ARM_GCC_541\Debug\Design11.a(CapSense_Filter.o)
                0x00000730                CapSense_FtIIR1stOrder
 .text.CapSense_FtUpdateBaseline
                0x00000744       0xa0 .\CortexM0\ARM_GCC_541\Debug\Design11.a(CapSense_Filter.o)
                0x00000744                CapSense_FtUpdateBaseline
 .text.CapSense_SsTrimIdacsSourcing
                0x000007e4       0x2c .\CortexM0\ARM_GCC_541\Debug\Design11.a(CapSense_Sensing.o)
 .text.CapSense_SsTrimIdacs
                0x00000810        0x8 .\CortexM0\ARM_GCC_541\Debug\Design11.a(CapSense_Sensing.o)
 .text.CapSense_IsBusy
                0x00000818       0x10 .\CortexM0\ARM_GCC_541\Debug\Design11.a(CapSense_Sensing.o)
                0x00000818                CapSense_IsBusy
 .text.CapSense_SetupWidget
                0x00000828       0x40 .\CortexM0\ARM_GCC_541\Debug\Design11.a(CapSense_Sensing.o)
                0x00000828                CapSense_SetupWidget
 .text.CapSense_Scan
                0x00000868       0x2c .\CortexM0\ARM_GCC_541\Debug\Design11.a(CapSense_Sensing.o)
                0x00000868                CapSense_Scan
 .text.CapSense_ScanAllWidgets
                0x00000894       0x3c .\CortexM0\ARM_GCC_541\Debug\Design11.a(CapSense_Sensing.o)
                0x00000894                CapSense_ScanAllWidgets
 .text.CapSense_SsSetAllIOsState
                0x000008d0       0x88 .\CortexM0\ARM_GCC_541\Debug\Design11.a(CapSense_Sensing.o)
                0x000008d0                CapSense_SsSetAllIOsState
 .text.CapSense_SsPostAllWidgetsScan
                0x00000958        0x4 .\CortexM0\ARM_GCC_541\Debug\Design11.a(CapSense_Sensing.o)
                0x00000958                CapSense_SsPostAllWidgetsScan
 .text.CapSense_SsSetModClkClockDivider
                0x0000095c       0x28 .\CortexM0\ARM_GCC_541\Debug\Design11.a(CapSense_Sensing.o)
                0x0000095c                CapSense_SsSetModClkClockDivider
 .text.CapSense_SsSetSnsClockDivider
                0x00000984       0x28 .\CortexM0\ARM_GCC_541\Debug\Design11.a(CapSense_Sensing.o)
                0x00000984                CapSense_SsSetSnsClockDivider
 .text.CapSense_SsCSDGetColSnsClkDivider
                0x000009ac       0x10 .\CortexM0\ARM_GCC_541\Debug\Design11.a(CapSense_Sensing.o)
                0x000009ac                CapSense_SsCSDGetColSnsClkDivider
 .text.CapSense_SsCSDCalcPrsSize
                0x000009bc       0x28 .\CortexM0\ARM_GCC_541\Debug\Design11.a(CapSense_Sensing.o)
                0x000009bc                CapSense_SsCSDCalcPrsSize
 .text.CapSense_SsSetWidgetSenseClkSrc
                0x000009e4       0x14 .\CortexM0\ARM_GCC_541\Debug\Design11.a(CapSense_Sensing.o)
 .text.CapSense_SsAutoTuneWidget
                0x000009f8      0x158 .\CortexM0\ARM_GCC_541\Debug\Design11.a(CapSense_Sensing.o)
                0x000009f8                CapSense_SsAutoTuneWidget
 .text.CapSense_SsAutoTune
                0x00000b50       0x1c .\CortexM0\ARM_GCC_541\Debug\Design11.a(CapSense_Sensing.o)
                0x00000b50                CapSense_SsAutoTune
 .text.CapSense_SsInitializeSourceSenseClk
                0x00000b6c       0x20 .\CortexM0\ARM_GCC_541\Debug\Design11.a(CapSense_Sensing.o)
                0x00000b6c                CapSense_SsInitializeSourceSenseClk
 .text.CapSense_WriteBitsSafe
                0x00000b8c       0x1c .\CortexM0\ARM_GCC_541\Debug\Design11.a(CapSense_Sensing.o)
                0x00000b8c                CapSense_WriteBitsSafe
 .text.CapSense_SsCSDDisableMode
                0x00000ba8       0x18 .\CortexM0\ARM_GCC_541\Debug\Design11.a(CapSense_Sensing.o)
 .text.CapSense_SsSwitchSensingMode
                0x00000bc0       0x3c .\CortexM0\ARM_GCC_541\Debug\Design11.a(CapSense_Sensing.o)
                0x00000bc0                CapSense_SsSwitchSensingMode
 .text.CapSense_SsInitialize
                0x00000bfc       0x2c .\CortexM0\ARM_GCC_541\Debug\Design11.a(CapSense_Sensing.o)
                0x00000bfc                CapSense_SsInitialize
 .text.CapSense_SsCSDConfigIDACs
                0x00000c28       0x10 .\CortexM0\ARM_GCC_541\Debug\Design11.a(CapSense_SensingCSD_LL.o)
 .text.CapSense_SsCSDCalibrateCheck
                0x00000c38       0x98 .\CortexM0\ARM_GCC_541\Debug\Design11.a(CapSense_SensingCSD_LL.o)
 .text.CapSense_SsCSDSwitchIdacGain
                0x00000cd0       0x9c .\CortexM0\ARM_GCC_541\Debug\Design11.a(CapSense_SensingCSD_LL.o)
 .text.CapSense_SsCSDNormalizeIdac
                0x00000d6c       0xcc .\CortexM0\ARM_GCC_541\Debug\Design11.a(CapSense_SensingCSD_LL.o)
 .text.CapSense_SsCSDSetModeSnsClockDivider
                0x00000e38       0x1c .\CortexM0\ARM_GCC_541\Debug\Design11.a(CapSense_SensingCSD_LL.o)
 .text.CapSense_SsCSDInitialize
                0x00000e54       0x54 .\CortexM0\ARM_GCC_541\Debug\Design11.a(CapSense_SensingCSD_LL.o)
                0x00000e54                CapSense_SsCSDInitialize
 .text.CapSense_SsCSDSetUpIdacs
                0x00000ea8       0x50 .\CortexM0\ARM_GCC_541\Debug\Design11.a(CapSense_SensingCSD_LL.o)
                0x00000ea8                CapSense_SsCSDSetUpIdacs
 .text.CapSense_SsCSDConfigClock
                0x00000ef8       0x20 .\CortexM0\ARM_GCC_541\Debug\Design11.a(CapSense_SensingCSD_LL.o)
                0x00000ef8                CapSense_SsCSDConfigClock
 .text.CapSense_SsCSDCalculateScanDuration
                0x00000f18       0x14 .\CortexM0\ARM_GCC_541\Debug\Design11.a(CapSense_SensingCSD_LL.o)
                0x00000f18                CapSense_SsCSDCalculateScanDuration
 .text.CapSense_SsCSDStartSample
                0x00000f2c       0xac .\CortexM0\ARM_GCC_541\Debug\Design11.a(CapSense_SensingCSD_LL.o)
                0x00000f2c                CapSense_SsCSDStartSample
 .text.CapSense_CSDScanExt
                0x00000fd8       0x1c .\CortexM0\ARM_GCC_541\Debug\Design11.a(CapSense_SensingCSD_LL.o)
                0x00000fd8                CapSense_CSDScanExt
 .text.CapSense_CSDConnectSns
                0x00000ff4       0x34 .\CortexM0\ARM_GCC_541\Debug\Design11.a(CapSense_SensingCSD_LL.o)
                0x00000ff4                CapSense_CSDConnectSns
 .text.CapSense_CSDScan
                0x00001028       0x94 .\CortexM0\ARM_GCC_541\Debug\Design11.a(CapSense_SensingCSD_LL.o)
                0x00001028                CapSense_CSDScan
 .text.CapSense_SsCSDConnectSensorExt
                0x000010bc       0x24 .\CortexM0\ARM_GCC_541\Debug\Design11.a(CapSense_SensingCSD_LL.o)
                0x000010bc                CapSense_SsCSDConnectSensorExt
 .text.CapSense_CSDDisconnectSns
                0x000010e0       0x64 .\CortexM0\ARM_GCC_541\Debug\Design11.a(CapSense_SensingCSD_LL.o)
                0x000010e0                CapSense_CSDDisconnectSns
 .text.CapSense_SsCSDElectrodeCheck
                0x00001144       0x24 .\CortexM0\ARM_GCC_541\Debug\Design11.a(CapSense_SensingCSD_LL.o)
                0x00001144                CapSense_SsCSDElectrodeCheck
 .text.CapSense_CSDSetupWidget
                0x00001168       0x54 .\CortexM0\ARM_GCC_541\Debug\Design11.a(CapSense_SensingCSD_LL.o)
                0x00001168                CapSense_CSDSetupWidget
 .text.CapSense_CSDSetupWidgetExt
                0x000011bc       0x6c .\CortexM0\ARM_GCC_541\Debug\Design11.a(CapSense_SensingCSD_LL.o)
                0x000011bc                CapSense_CSDSetupWidgetExt
 .text.CapSense_SsCSDCalibrate
                0x00001228      0x158 .\CortexM0\ARM_GCC_541\Debug\Design11.a(CapSense_SensingCSD_LL.o)
 .text.CapSense_CSDCalibrateWidget
                0x00001380       0x74 .\CortexM0\ARM_GCC_541\Debug\Design11.a(CapSense_SensingCSD_LL.o)
                0x00001380                CapSense_CSDCalibrateWidget
 .text.led_Write
                0x000013f4       0x18 .\CortexM0\ARM_GCC_541\Debug\Design11.a(led.o)
                0x000013f4                led_Write
 .text.CapSense_ISR_SetVector
                0x0000140c        0xc .\CortexM0\ARM_GCC_541\Debug\Design11.a(CapSense_ISR.o)
                0x0000140c                CapSense_ISR_SetVector
 .text.CapSense_ISR_SetPriority
                0x00001418       0x20 .\CortexM0\ARM_GCC_541\Debug\Design11.a(CapSense_ISR.o)
                0x00001418                CapSense_ISR_SetPriority
 .text.CapSense_ISR_Enable
                0x00001438       0x10 .\CortexM0\ARM_GCC_541\Debug\Design11.a(CapSense_ISR.o)
                0x00001438                CapSense_ISR_Enable
 .text.CapSense_ISR_Disable
                0x00001448       0x10 .\CortexM0\ARM_GCC_541\Debug\Design11.a(CapSense_ISR.o)
                0x00001448                CapSense_ISR_Disable
 .text.CapSense_ISR_StartEx
                0x00001458       0x1c .\CortexM0\ARM_GCC_541\Debug\Design11.a(CapSense_ISR.o)
                0x00001458                CapSense_ISR_StartEx
 .text.CyIntEnable
                0x00001474       0x14 .\CortexM0\ARM_GCC_541\Debug\Design11.a(CyLib.o)
                0x00001474                CyIntEnable
 .text.CyHalt   0x00001488        0x4 .\CortexM0\ARM_GCC_541\Debug\Design11.a(CyLib.o)
                0x00001488                CyHalt
 .text.CyIntSetVector
                0x0000148c       0x24 .\CortexM0\ARM_GCC_541\Debug\Design11.a(CyLib.o)
                0x0000148c                CyIntSetVector
 .text.CyDelayUs
                0x000014b0       0x14 .\CortexM0\ARM_GCC_541\Debug\Design11.a(CyLib.o)
                0x000014b0                CyDelayUs
 .text.CySysClkWriteImoFreq
                0x000014c4      0x164 .\CortexM0\ARM_GCC_541\Debug\Design11.a(CyLib.o)
                0x000014c4                CySysClkWriteImoFreq
 .text.CySysWdtLocked
                0x00001628       0x14 .\CortexM0\ARM_GCC_541\Debug\Design11.a(CyLFClk.o)
 .text.CySysWdtLock
                0x0000163c       0x1c .\CortexM0\ARM_GCC_541\Debug\Design11.a(CyLFClk.o)
                0x0000163c                CySysWdtLock
 .text.CySysWdtUnlock
                0x00001658       0x30 .\CortexM0\ARM_GCC_541\Debug\Design11.a(CyLFClk.o)
                0x00001658                CySysWdtUnlock
 .text.CySysWdtClearInterrupt
                0x00001688       0x4c .\CortexM0\ARM_GCC_541\Debug\Design11.a(CyLFClk.o)
                0x00001688                CySysWdtClearInterrupt
 .text.CySysWdtIsr
                0x000016d4       0xa4 .\CortexM0\ARM_GCC_541\Debug\Design11.a(CyLFClk.o)
                0x000016d4                CySysWdtIsr
 .text          0x00001778       0x24 .\CortexM0\ARM_GCC_541\Debug\Design11.a(CyBootAsmGnu.o)
                0x00001778                CyDelayCycles
                0x0000178c                CyEnterCriticalSection
                0x00001794                CyExitCriticalSection
 .text.CapSense_SsCSDPostScan
                0x0000179c       0x20 .\CortexM0\ARM_GCC_541\Debug\Design11.a(CapSense_INT.o)
 .text.CapSense_SsCSDInitNextScan
                0x000017bc       0xa8 .\CortexM0\ARM_GCC_541\Debug\Design11.a(CapSense_INT.o)
 .text.CapSense_CSDPostSingleScan
                0x00001864       0x44 .\CortexM0\ARM_GCC_541\Debug\Design11.a(CapSense_INT.o)
                0x00001864                CapSense_CSDPostSingleScan
 .text.CapSense_CSDPostMultiScan
                0x000018a8       0x58 .\CortexM0\ARM_GCC_541\Debug\Design11.a(CapSense_INT.o)
                0x000018a8                CapSense_CSDPostMultiScan
 .text.SmartSense_TunePrescalers
                0x00001900       0x60 C:\Program Files (x86)\Cypress\PSoC Creator\4.4\PSoC Creator\psoc\content\CyComponentLibrary\CyComponentLibrary.cylib\CapSense_P4_v7_0\PSoC4\Library\Capsense_P4Library_GCC.a(CapSense_SmartSense_LL.o)
                0x00001900                SmartSense_TunePrescalers
 .text.SmartSense_TuneSensitivity
                0x00001960       0x7c C:\Program Files (x86)\Cypress\PSoC Creator\4.4\PSoC Creator\psoc\content\CyComponentLibrary\CyComponentLibrary.cylib\CapSense_P4_v7_0\PSoC4\Library\Capsense_P4Library_GCC.a(CapSense_SmartSense_LL.o)
                0x00001960                SmartSense_TuneSensitivity
 .text.SmartSense_UpdateThresholds
                0x000019dc       0x42 C:\Program Files (x86)\Cypress\PSoC Creator\4.4\PSoC Creator\psoc\content\CyComponentLibrary\CyComponentLibrary.cylib\CapSense_P4_v7_0\PSoC4\Library\Capsense_P4Library_GCC.a(CapSense_SmartSense_SL.o)
                0x000019dc                SmartSense_UpdateThresholds
 .text.SmartSense_InitializeNoiseEnvelope
                0x00001a1e       0x18 C:\Program Files (x86)\Cypress\PSoC Creator\4.4\PSoC Creator\psoc\content\CyComponentLibrary\CyComponentLibrary.cylib\CapSense_P4_v7_0\PSoC4\Library\Capsense_P4Library_GCC.a(CapSense_SmartSense_SL.o)
                0x00001a1e                SmartSense_InitializeNoiseEnvelope
 .text.SmartSense_RunNoiseEnvelope
                0x00001a36       0x8e C:\Program Files (x86)\Cypress\PSoC Creator\4.4\PSoC Creator\psoc\content\CyComponentLibrary\CyComponentLibrary.cylib\CapSense_P4_v7_0\PSoC4\Library\Capsense_P4Library_GCC.a(CapSense_SmartSense_SL.o)
                0x00001a36                SmartSense_RunNoiseEnvelope
 .text          0x00001ac4      0x114 c:/program files (x86)/cypress/psoc creator/4.4/psoc creator/import/gnu/arm/5.4.1/bin/../lib/gcc/arm-none-eabi/5.4.1/armv6-m\libgcc.a(_udivsi3.o)
                0x00001ac4                __aeabi_uidiv
                0x00001ac4                __udivsi3
                0x00001bd0                __aeabi_uidivmod
 .text          0x00001bd8        0x4 c:/program files (x86)/cypress/psoc creator/4.4/psoc creator/import/gnu/arm/5.4.1/bin/../lib/gcc/arm-none-eabi/5.4.1/armv6-m\libgcc.a(_dvmd_tls.o)
                0x00001bd8                __aeabi_idiv0
                0x00001bd8                __aeabi_ldiv0
 .text.__errno  0x00001bdc        0xc c:/program files (x86)/cypress/psoc creator/4.4/psoc creator/import/gnu/arm/5.4.1/bin/../lib/gcc/arm-none-eabi/5.4.1/../../../../arm-none-eabi/lib/armv6-m\libg_nano.a(lib_a-errno.o)
                0x00001bdc                __errno
 .text.__libc_init_array
                0x00001be8       0x4c c:/program files (x86)/cypress/psoc creator/4.4/psoc creator/import/gnu/arm/5.4.1/bin/../lib/gcc/arm-none-eabi/5.4.1/../../../../arm-none-eabi/lib/armv6-m\libg_nano.a(lib_a-init.o)
                0x00001be8                __libc_init_array
 .text.memcpy   0x00001c34       0x12 c:/program files (x86)/cypress/psoc creator/4.4/psoc creator/import/gnu/arm/5.4.1/bin/../lib/gcc/arm-none-eabi/5.4.1/../../../../arm-none-eabi/lib/armv6-m\libg_nano.a(lib_a-memcpy-stub.o)
                0x00001c34                memcpy
 .text.memset   0x00001c46       0x10 c:/program files (x86)/cypress/psoc creator/4.4/psoc creator/import/gnu/arm/5.4.1/bin/../lib/gcc/arm-none-eabi/5.4.1/../../../../arm-none-eabi/lib/armv6-m\libg_nano.a(lib_a-memset.o)
                0x00001c46                memset
 *(.plt)
 *(.gnu.warning)
 *(.glue_7t)
 .glue_7t       0x00001c56        0x0 linker stubs
 *(.glue_7)
 .glue_7        0x00001c56        0x0 linker stubs
 *(.vfp11_veneer)
 .vfp11_veneer  0x00001c56        0x0 linker stubs
 *(.bootloader)
 *(.ARM.extab* .gnu.linkonce.armextab.*)
 *(.gcc_except_table)

.v4_bx          0x00001c58        0x0
 .v4_bx         0x00001c58        0x0 linker stubs

.iplt           0x00001c58        0x0
 .iplt          0x00001c58        0x0 c:/program files (x86)/cypress/psoc creator/4.4/psoc creator/import/gnu/arm/5.4.1/bin/../lib/gcc/arm-none-eabi/5.4.1/armv6-m/crtbegin.o

.eh_frame_hdr
 *(.eh_frame_hdr)

.eh_frame       0x00001c58        0x4
 *(.eh_frame)
 .eh_frame      0x00001c58        0x0 c:/program files (x86)/cypress/psoc creator/4.4/psoc creator/import/gnu/arm/5.4.1/bin/../lib/gcc/arm-none-eabi/5.4.1/armv6-m/crtbegin.o
 .eh_frame      0x00001c58        0x4 c:/program files (x86)/cypress/psoc creator/4.4/psoc creator/import/gnu/arm/5.4.1/bin/../lib/gcc/arm-none-eabi/5.4.1/armv6-m/crtend.o
                [!provide]                PROVIDE (__exidx_start, .)

.ARM.exidx
 *(.ARM.exidx* .gnu.linkonce.armexidx.*)
                0x00001c5c                __exidx_end = .

.rodata         0x00001c5c      0x10c
 *(.rodata .rodata.* .gnu.linkonce.r.*)
 .rodata        0x00001c5c       0x40 .\CortexM0\ARM_GCC_541\Debug\cyfitter_cfg.o
 .rodata        0x00001c9c       0x54 .\CortexM0\ARM_GCC_541\Debug\Design11.a(CapSense_Structure.o)
                0x00001c9c                CapSense_ramIdacInit
                0x00001ca0                CapSense_dsFlash
                0x00001cc0                CapSense_ramWidgetInit
                0x00001cd4                CapSense_ioList
 .rodata        0x00001cf0       0x11 .\CortexM0\ARM_GCC_541\Debug\Design11.a(CapSense_Sensing.o)
                0x00001cf0                CapSense_idacGainTable
                0x00001d00                CapSense_scanFreqIndex
 *fill*         0x00001d01        0x3 
 .rodata        0x00001d04       0x2e .\CortexM0\ARM_GCC_541\Debug\Design11.a(CyLib.o)
                0x00001d04                cyImoFreqMhz2Reg
 .rodata.str1.1
                0x00001d32        0x2 c:/program files (x86)/cypress/psoc creator/4.4/psoc creator/import/gnu/arm/5.4.1/bin/../lib/gcc/arm-none-eabi/5.4.1/../../../../arm-none-eabi/lib/armv6-m\libg_nano.a(lib_a-impure.o)
                0x00001d34                . = ALIGN (0x4)
 *(.init)
 .init          0x00001d34        0x4 c:/program files (x86)/cypress/psoc creator/4.4/psoc creator/import/gnu/arm/5.4.1/bin/../lib/gcc/arm-none-eabi/5.4.1/armv6-m/crti.o
                0x00001d34                _init
 .init          0x00001d38        0x8 c:/program files (x86)/cypress/psoc creator/4.4/psoc creator/import/gnu/arm/5.4.1/bin/../lib/gcc/arm-none-eabi/5.4.1/armv6-m/crtn.o
                0x00001d40                . = ALIGN (0x4)
                0x00001d40                __preinit_array_start = .
 *(.preinit_array)
                0x00001d40                __preinit_array_end = .
                0x00001d40                . = ALIGN (0x4)
                0x00001d40                __init_array_start = .
 *(SORT(.init_array.*))
 *(.init_array)
 .init_array    0x00001d40        0x4 c:/program files (x86)/cypress/psoc creator/4.4/psoc creator/import/gnu/arm/5.4.1/bin/../lib/gcc/arm-none-eabi/5.4.1/armv6-m/crtbegin.o
 .init_array    0x00001d44        0x4 .\CortexM0\ARM_GCC_541\Debug\Cm0Start.o
                0x00001d48                __init_array_end = .
                0x00001d48                . = ALIGN (0x4)
 *(.fini)
 .fini          0x00001d48        0x4 c:/program files (x86)/cypress/psoc creator/4.4/psoc creator/import/gnu/arm/5.4.1/bin/../lib/gcc/arm-none-eabi/5.4.1/armv6-m/crti.o
                0x00001d48                _fini
 .fini          0x00001d4c        0x8 c:/program files (x86)/cypress/psoc creator/4.4/psoc creator/import/gnu/arm/5.4.1/bin/../lib/gcc/arm-none-eabi/5.4.1/armv6-m/crtn.o
                0x00001d54                . = ALIGN (0x4)
                0x00001d54                __fini_array_start = .
 *(.fini_array)
 .fini_array    0x00001d54        0x4 c:/program files (x86)/cypress/psoc creator/4.4/psoc creator/import/gnu/arm/5.4.1/bin/../lib/gcc/arm-none-eabi/5.4.1/armv6-m/crtbegin.o
 *(SORT(.fini_array.*))
                0x00001d58                __fini_array_end = .
                0x00001d58                . = ALIGN (0x4)
 *crtbegin.o(.ctors)
 *(EXCLUDE_FILE(*crtend.o) .ctors)
 *(SORT(.ctors.*))
 *crtend.o(.ctors)
                0x00001d58                . = ALIGN (0x4)
 *crtbegin.o(.dtors)
 *(EXCLUDE_FILE(*crtend.o) .dtors)
 *(SORT(.dtors.*))
 *crtend.o(.dtors)
                0x00001d58                . = ALIGN (0x4)
                0x00001d58                __cy_regions = .
                0x00001d58        0x4 LONG 0x1d68 __cy_region_init_ram
                0x00001d5c        0x4 LONG 0x200000c0 __cy_region_start_data
                0x00001d60        0x4 LONG 0x88 __cy_region_init_size_ram
                0x00001d64        0x4 LONG 0xa8 __cy_region_zero_size_ram
                0x00001d68                __cy_regions_end = .
                0x00001d68                . = ALIGN (0x8)
                0x00001d68                _etext = .

.cy_checksum_exclude
                0x00001d68        0x0
 *(.cy_checksum_exclude)

.ramvectors     0x20000000       0xc0
                0x20000000                __cy_region_start_ram = .
 *(.ramvectors)
 .ramvectors    0x20000000       0xc0 .\CortexM0\ARM_GCC_541\Debug\Cm0Start.o
                0x20000000                CyRamVectors

.noinit
 *(.noinit)

.data           0x200000c0       0x88 load address 0x00001d68
                0x200000c0                __cy_region_start_data = .
 *(.jcr)
 .jcr           0x200000c0        0x0 c:/program files (x86)/cypress/psoc creator/4.4/psoc creator/import/gnu/arm/5.4.1/bin/../lib/gcc/arm-none-eabi/5.4.1/armv6-m/crtbegin.o
 .jcr           0x200000c0        0x4 c:/program files (x86)/cypress/psoc creator/4.4/psoc creator/import/gnu/arm/5.4.1/bin/../lib/gcc/arm-none-eabi/5.4.1/armv6-m/crtend.o
 *(.got.plt)
 *(.got)
 *(.shdata)
 *(.data .data.* .gnu.linkonce.d.*)
 .data          0x200000c4        0x8 .\CortexM0\ARM_GCC_541\Debug\Design11.a(CapSense_SensingCSD_LL.o)
                0x200000c4                CapSense_configCsd
 .data          0x200000cc       0x14 .\CortexM0\ARM_GCC_541\Debug\Design11.a(CyLib.o)
                0x200000cc                CySysClkPumpConfig
                0x200000d0                cydelay32kMs
                0x200000d4                cydelayFreqKhz
                0x200000d8                cydelayFreqMhz
                0x200000dc                cydelayFreqHz
 .data          0x200000e0        0x4 .\CortexM0\ARM_GCC_541\Debug\Design11.a(CyLFClk.o)
 .data.impure_data
                0x200000e4       0x60 c:/program files (x86)/cypress/psoc creator/4.4/psoc creator/import/gnu/arm/5.4.1/bin/../lib/gcc/arm-none-eabi/5.4.1/../../../../arm-none-eabi/lib/armv6-m\libg_nano.a(lib_a-impure.o)
 .data._impure_ptr
                0x20000144        0x4 c:/program files (x86)/cypress/psoc creator/4.4/psoc creator/import/gnu/arm/5.4.1/bin/../lib/gcc/arm-none-eabi/5.4.1/../../../../arm-none-eabi/lib/armv6-m\libg_nano.a(lib_a-impure.o)
                0x20000144                _impure_ptr
                0x20000148                . = ALIGN (0x8)
 *(.ram)
                0x20000148                _edata = .

.igot.plt       0x20000148        0x0 load address 0x00001df0
 .igot.plt      0x20000148        0x0 c:/program files (x86)/cypress/psoc creator/4.4/psoc creator/import/gnu/arm/5.4.1/bin/../lib/gcc/arm-none-eabi/5.4.1/armv6-m/crtbegin.o

.bss            0x20000148       0xa8 load address 0x00001df0
                0x20000148                PROVIDE (__bss_start__, .)
 *(.shbss)
 *(.bss .bss.* .gnu.linkonce.b.*)
 .bss           0x20000148       0x1c c:/program files (x86)/cypress/psoc creator/4.4/psoc creator/import/gnu/arm/5.4.1/bin/../lib/gcc/arm-none-eabi/5.4.1/armv6-m/crtbegin.o
 .bss           0x20000164        0x1 .\CortexM0\ARM_GCC_541\Debug\Design11.a(CapSense_Control.o)
 *fill*         0x20000165        0x3 
 .bss           0x20000168        0xd .\CortexM0\ARM_GCC_541\Debug\Design11.a(CapSense_Structure.o)
 *fill*         0x20000175        0x3 
 .bss           0x20000178        0x4 .\CortexM0\ARM_GCC_541\Debug\Design11.a(CapSense_Tuner.o)
 .bss           0x2000017c        0x4 .\CortexM0\ARM_GCC_541\Debug\Design11.a(CapSense_Sensing.o)
                0x2000017c                CapSense_currentSenseMethod
                0x2000017d                CapSense_requestScanAllWidget
                0x2000017e                CapSense_sensorIndex
                0x2000017f                CapSense_widgetIndex
 .bss           0x20000180        0x1 .\CortexM0\ARM_GCC_541\Debug\Design11.a(CapSense_SensingCSD_LL.o)
 *fill*         0x20000181        0x3 
 .bss           0x20000184       0x20 .\CortexM0\ARM_GCC_541\Debug\Design11.a(CyLFClk.o)
 *(COMMON)
 COMMON         0x200001a4       0x44 .\CortexM0\ARM_GCC_541\Debug\Design11.a(CapSense_Structure.o)
                0x200001a4                CapSense_dsRam
 COMMON         0x200001e8        0x8 .\CortexM0\ARM_GCC_541\Debug\Design11.a(CapSense_Sensing.o)
                0x200001e8                CapSense_curRamSnsPtr
                0x200001ec                CapSense_curSnsIOPtr
                0x200001f0                . = ALIGN (0x8)
 *(.ram.b)
                0x200001f0                _end = .
                0x200001f0                __end = .
                0x200001f0                PROVIDE (end, .)
                0x200001f0                PROVIDE (__bss_end__, .)
                0x00001d68                __cy_region_init_ram = LOADADDR (.data)
                0x00000088                __cy_region_init_size_ram = (_edata - ADDR (.data))
                0x000000a8                __cy_region_zero_size_ram = (_end - _edata)

.heap           0x200001f0       0x80 load address 0x00001df0
                0x200001f0                . = _end
                0x20000270                . = (. + 0x80)
 *fill*         0x200001f0       0x80 
                0x20000270                __cy_heap_limit = .

.stack          0x20000c00      0x400
                0x20000c00                __cy_stack_limit = .
                0x20001000                . = (. + 0x400)
 *fill*         0x20000c00      0x400 
                0x00000001                ASSERT ((__cy_stack_limit >= __cy_heap_limit), region RAM overflowed with stack)
                0x00000000                cy_checksum_exclude_size = (CY_APPL_LOADABLE == 0x1)?SIZEOF (.cy_checksum_exclude):0x0
                0x00000001                ASSERT ((cy_checksum_exclude_size <= CY_CHECKSUM_EXCLUDE_SIZE), CY_BOOT: Section .cy_checksum_exclude size exceedes specified limit.)
                0x00007fc0                cyloadermeta_start = (cy_project_type_bootloader || cy_project_type_app_for_stack_and_copier)?(LENGTH (rom) - CY_METADATA_SIZE):0xf0000000

.cyloadermeta
 *(.cyloadermeta)
                0x00007fc0                cyloadablemeta_start = cy_project_type_app_for_stack_and_copier?((LENGTH (rom) - CY_FLASH_ROW_SIZE) - CY_METADATA_SIZE):((LENGTH (rom) - (CY_FLASH_ROW_SIZE * (CY_APPL_NUM - 0x1))) - CY_METADATA_SIZE)

.cyloadablemeta
 *(.cyloadablemeta)

.cyflashprotect
                0x90400000       0x20
 *(.cyflashprotect)
 .cyflashprotect
                0x90400000       0x20 .\CortexM0\ARM_GCC_541\Debug\cymetadata.o
                0x90400000                cy_meta_flashprotect

.cymeta         0x90500000        0xc
 *(.cymeta)
 .cymeta        0x90500000        0xc .\CortexM0\ARM_GCC_541\Debug\cymetadata.o
                0x90500000                cy_metadata

.cychipprotect  0x90600000        0x1
 *(.cychipprotect)
 .cychipprotect
                0x90600000        0x1 .\CortexM0\ARM_GCC_541\Debug\cymetadata.o
                0x90600000                cy_meta_chipprotect

.rel.dyn        0x00001df0        0x0 load address 0x90600004
 .rel.iplt      0x00001df0        0x0 c:/program files (x86)/cypress/psoc creator/4.4/psoc creator/import/gnu/arm/5.4.1/bin/../lib/gcc/arm-none-eabi/5.4.1/armv6-m/crtbegin.o

.stab
 *(.stab)

.stabstr
 *(.stabstr)

.debug
 *(.debug)

.line
 *(.line)

.debug_srcinfo
 *(.debug_srcinfo)

.debug_sfnames
 *(.debug_sfnames)

.debug_aranges  0x00000000      0x878
 *(.debug_aranges)
 .debug_aranges
                0x00000000       0x20 .\CortexM0\ARM_GCC_541\Debug\main.o
 .debug_aranges
                0x00000020       0x48 .\CortexM0\ARM_GCC_541\Debug\cyfitter_cfg.o
 .debug_aranges
                0x00000068       0x18 .\CortexM0\ARM_GCC_541\Debug\cymetadata.o
 .debug_aranges
                0x00000080       0x48 .\CortexM0\ARM_GCC_541\Debug\Cm0Start.o
 .debug_aranges
                0x000000c8       0x68 .\CortexM0\ARM_GCC_541\Debug\Design11.a(CapSense_Control.o)
 .debug_aranges
                0x00000130       0x50 .\CortexM0\ARM_GCC_541\Debug\Design11.a(CapSense_Processing.o)
 .debug_aranges
                0x00000180       0x50 .\CortexM0\ARM_GCC_541\Debug\Design11.a(CapSense_Structure.o)
 .debug_aranges
                0x000001d0       0x28 .\CortexM0\ARM_GCC_541\Debug\Design11.a(CapSense_Tuner.o)
 .debug_aranges
                0x000001f8       0x90 .\CortexM0\ARM_GCC_541\Debug\Design11.a(CapSense_Filter.o)
 .debug_aranges
                0x00000288      0x100 .\CortexM0\ARM_GCC_541\Debug\Design11.a(CapSense_Sensing.o)
 .debug_aranges
                0x00000388       0xc0 .\CortexM0\ARM_GCC_541\Debug\Design11.a(CapSense_SensingCSD_LL.o)
 .debug_aranges
                0x00000448       0x48 .\CortexM0\ARM_GCC_541\Debug\Design11.a(led.o)
 .debug_aranges
                0x00000490       0x80 .\CortexM0\ARM_GCC_541\Debug\Design11.a(CapSense_ISR.o)
 .debug_aranges
                0x00000510      0x180 .\CortexM0\ARM_GCC_541\Debug\Design11.a(CyLib.o)
 .debug_aranges
                0x00000690      0x138 .\CortexM0\ARM_GCC_541\Debug\Design11.a(CyLFClk.o)
 .debug_aranges
                0x000007c8       0x20 .\CortexM0\ARM_GCC_541\Debug\Design11.a(CyBootAsmGnu.o)
 .debug_aranges
                0x000007e8       0x38 .\CortexM0\ARM_GCC_541\Debug\Design11.a(CapSense_INT.o)
 .debug_aranges
                0x00000820       0x28 C:\Program Files (x86)\Cypress\PSoC Creator\4.4\PSoC Creator\psoc\content\CyComponentLibrary\CyComponentLibrary.cylib\CapSense_P4_v7_0\PSoC4\Library\Capsense_P4Library_GCC.a(CapSense_SmartSense_LL.o)
 .debug_aranges
                0x00000848       0x30 C:\Program Files (x86)\Cypress\PSoC Creator\4.4\PSoC Creator\psoc\content\CyComponentLibrary\CyComponentLibrary.cylib\CapSense_P4_v7_0\PSoC4\Library\Capsense_P4Library_GCC.a(CapSense_SmartSense_SL.o)

.debug_pubnames
 *(.debug_pubnames)

.debug_info     0x00000000     0x8b1d
 *(.debug_info .gnu.linkonce.wi.*)
 .debug_info    0x00000000      0x157 .\CortexM0\ARM_GCC_541\Debug\main.o
 .debug_info    0x00000157      0x404 .\CortexM0\ARM_GCC_541\Debug\cyfitter_cfg.o
 .debug_info    0x0000055b       0xf8 .\CortexM0\ARM_GCC_541\Debug\cymetadata.o
 .debug_info    0x00000653      0x3a2 .\CortexM0\ARM_GCC_541\Debug\Cm0Start.o
 .debug_info    0x000009f5      0xa63 .\CortexM0\ARM_GCC_541\Debug\Design11.a(CapSense_Control.o)
 .debug_info    0x00001458      0xb94 .\CortexM0\ARM_GCC_541\Debug\Design11.a(CapSense_Processing.o)
 .debug_info    0x00001fec      0xaba .\CortexM0\ARM_GCC_541\Debug\Design11.a(CapSense_Structure.o)
 .debug_info    0x00002aa6      0x678 .\CortexM0\ARM_GCC_541\Debug\Design11.a(CapSense_Tuner.o)
 .debug_info    0x0000311e      0xa23 .\CortexM0\ARM_GCC_541\Debug\Design11.a(CapSense_Filter.o)
 .debug_info    0x00003b41     0x1438 .\CortexM0\ARM_GCC_541\Debug\Design11.a(CapSense_Sensing.o)
 .debug_info    0x00004f79     0x123f .\CortexM0\ARM_GCC_541\Debug\Design11.a(CapSense_SensingCSD_LL.o)
 .debug_info    0x000061b8      0x19b .\CortexM0\ARM_GCC_541\Debug\Design11.a(led.o)
 .debug_info    0x00006353      0x305 .\CortexM0\ARM_GCC_541\Debug\Design11.a(CapSense_ISR.o)
 .debug_info    0x00006658      0xaed .\CortexM0\ARM_GCC_541\Debug\Design11.a(CyLib.o)
 .debug_info    0x00007145      0xcfe .\CortexM0\ARM_GCC_541\Debug\Design11.a(CyLFClk.o)
 .debug_info    0x00007e43       0x7a .\CortexM0\ARM_GCC_541\Debug\Design11.a(CyBootAsmGnu.o)
 .debug_info    0x00007ebd      0x7b0 .\CortexM0\ARM_GCC_541\Debug\Design11.a(CapSense_INT.o)
 .debug_info    0x0000866d      0x25c C:\Program Files (x86)\Cypress\PSoC Creator\4.4\PSoC Creator\psoc\content\CyComponentLibrary\CyComponentLibrary.cylib\CapSense_P4_v7_0\PSoC4\Library\Capsense_P4Library_GCC.a(CapSense_SmartSense_LL.o)
 .debug_info    0x000088c9      0x254 C:\Program Files (x86)\Cypress\PSoC Creator\4.4\PSoC Creator\psoc\content\CyComponentLibrary\CyComponentLibrary.cylib\CapSense_P4_v7_0\PSoC4\Library\Capsense_P4Library_GCC.a(CapSense_SmartSense_SL.o)

.debug_abbrev   0x00000000     0x1c91
 *(.debug_abbrev)
 .debug_abbrev  0x00000000       0xb4 .\CortexM0\ARM_GCC_541\Debug\main.o
 .debug_abbrev  0x000000b4      0x1cf .\CortexM0\ARM_GCC_541\Debug\cyfitter_cfg.o
 .debug_abbrev  0x00000283       0x5d .\CortexM0\ARM_GCC_541\Debug\cymetadata.o
 .debug_abbrev  0x000002e0      0x1d7 .\CortexM0\ARM_GCC_541\Debug\Cm0Start.o
 .debug_abbrev  0x000004b7      0x218 .\CortexM0\ARM_GCC_541\Debug\Design11.a(CapSense_Control.o)
 .debug_abbrev  0x000006cf      0x1c2 .\CortexM0\ARM_GCC_541\Debug\Design11.a(CapSense_Processing.o)
 .debug_abbrev  0x00000891      0x21d .\CortexM0\ARM_GCC_541\Debug\Design11.a(CapSense_Structure.o)
 .debug_abbrev  0x00000aae      0x166 .\CortexM0\ARM_GCC_541\Debug\Design11.a(CapSense_Tuner.o)
 .debug_abbrev  0x00000c14      0x206 .\CortexM0\ARM_GCC_541\Debug\Design11.a(CapSense_Filter.o)
 .debug_abbrev  0x00000e1a      0x22a .\CortexM0\ARM_GCC_541\Debug\Design11.a(CapSense_Sensing.o)
 .debug_abbrev  0x00001044      0x28b .\CortexM0\ARM_GCC_541\Debug\Design11.a(CapSense_SensingCSD_LL.o)
 .debug_abbrev  0x000012cf       0xc8 .\CortexM0\ARM_GCC_541\Debug\Design11.a(led.o)
 .debug_abbrev  0x00001397      0x19a .\CortexM0\ARM_GCC_541\Debug\Design11.a(CapSense_ISR.o)
 .debug_abbrev  0x00001531      0x1d3 .\CortexM0\ARM_GCC_541\Debug\Design11.a(CyLib.o)
 .debug_abbrev  0x00001704      0x210 .\CortexM0\ARM_GCC_541\Debug\Design11.a(CyLFClk.o)
 .debug_abbrev  0x00001914       0x14 .\CortexM0\ARM_GCC_541\Debug\Design11.a(CyBootAsmGnu.o)
 .debug_abbrev  0x00001928      0x17f .\CortexM0\ARM_GCC_541\Debug\Design11.a(CapSense_INT.o)
 .debug_abbrev  0x00001aa7      0x124 C:\Program Files (x86)\Cypress\PSoC Creator\4.4\PSoC Creator\psoc\content\CyComponentLibrary\CyComponentLibrary.cylib\CapSense_P4_v7_0\PSoC4\Library\Capsense_P4Library_GCC.a(CapSense_SmartSense_LL.o)
 .debug_abbrev  0x00001bcb       0xc6 C:\Program Files (x86)\Cypress\PSoC Creator\4.4\PSoC Creator\psoc\content\CyComponentLibrary\CyComponentLibrary.cylib\CapSense_P4_v7_0\PSoC4\Library\Capsense_P4Library_GCC.a(CapSense_SmartSense_SL.o)

.debug_line     0x00000000     0x28de
 *(.debug_line)
 .debug_line    0x00000000       0xaf .\CortexM0\ARM_GCC_541\Debug\main.o
 .debug_line    0x000000af      0x18e .\CortexM0\ARM_GCC_541\Debug\cyfitter_cfg.o
 .debug_line    0x0000023d      0x141 .\CortexM0\ARM_GCC_541\Debug\cymetadata.o
 .debug_line    0x0000037e      0x235 .\CortexM0\ARM_GCC_541\Debug\Cm0Start.o
 .debug_line    0x000005b3      0x22e .\CortexM0\ARM_GCC_541\Debug\Design11.a(CapSense_Control.o)
 .debug_line    0x000007e1      0x329 .\CortexM0\ARM_GCC_541\Debug\Design11.a(CapSense_Processing.o)
 .debug_line    0x00000b0a      0x1dc .\CortexM0\ARM_GCC_541\Debug\Design11.a(CapSense_Structure.o)
 .debug_line    0x00000ce6      0x138 .\CortexM0\ARM_GCC_541\Debug\Design11.a(CapSense_Tuner.o)
 .debug_line    0x00000e1e      0x24f .\CortexM0\ARM_GCC_541\Debug\Design11.a(CapSense_Filter.o)
 .debug_line    0x0000106d      0x5ff .\CortexM0\ARM_GCC_541\Debug\Design11.a(CapSense_Sensing.o)
 .debug_line    0x0000166c      0x473 .\CortexM0\ARM_GCC_541\Debug\Design11.a(CapSense_SensingCSD_LL.o)
 .debug_line    0x00001adf       0xba .\CortexM0\ARM_GCC_541\Debug\Design11.a(led.o)
 .debug_line    0x00001b99      0x158 .\CortexM0\ARM_GCC_541\Debug\Design11.a(CapSense_ISR.o)
 .debug_line    0x00001cf1      0x460 .\CortexM0\ARM_GCC_541\Debug\Design11.a(CyLib.o)
 .debug_line    0x00002151      0x466 .\CortexM0\ARM_GCC_541\Debug\Design11.a(CyLFClk.o)
 .debug_line    0x000025b7       0x69 .\CortexM0\ARM_GCC_541\Debug\Design11.a(CyBootAsmGnu.o)
 .debug_line    0x00002620      0x147 .\CortexM0\ARM_GCC_541\Debug\Design11.a(CapSense_INT.o)
 .debug_line    0x00002767       0xa0 C:\Program Files (x86)\Cypress\PSoC Creator\4.4\PSoC Creator\psoc\content\CyComponentLibrary\CyComponentLibrary.cylib\CapSense_P4_v7_0\PSoC4\Library\Capsense_P4Library_GCC.a(CapSense_SmartSense_LL.o)
 .debug_line    0x00002807       0xd7 C:\Program Files (x86)\Cypress\PSoC Creator\4.4\PSoC Creator\psoc\content\CyComponentLibrary\CyComponentLibrary.cylib\CapSense_P4_v7_0\PSoC4\Library\Capsense_P4Library_GCC.a(CapSense_SmartSense_SL.o)

.debug_frame    0x00000000     0x17a4
 *(.debug_frame)
 .debug_frame   0x00000000       0x2c .\CortexM0\ARM_GCC_541\Debug\main.o
 .debug_frame   0x0000002c       0xb8 .\CortexM0\ARM_GCC_541\Debug\cyfitter_cfg.o
 .debug_frame   0x000000e4       0xbc .\CortexM0\ARM_GCC_541\Debug\Cm0Start.o
 .debug_frame   0x000001a0      0x11c .\CortexM0\ARM_GCC_541\Debug\Design11.a(CapSense_Control.o)
 .debug_frame   0x000002bc      0x100 .\CortexM0\ARM_GCC_541\Debug\Design11.a(CapSense_Processing.o)
 .debug_frame   0x000003bc       0xc0 .\CortexM0\ARM_GCC_541\Debug\Design11.a(CapSense_Structure.o)
 .debug_frame   0x0000047c       0x40 .\CortexM0\ARM_GCC_541\Debug\Design11.a(CapSense_Tuner.o)
 .debug_frame   0x000004bc      0x1d0 .\CortexM0\ARM_GCC_541\Debug\Design11.a(CapSense_Filter.o)
 .debug_frame   0x0000068c      0x348 .\CortexM0\ARM_GCC_541\Debug\Design11.a(CapSense_Sensing.o)
 .debug_frame   0x000009d4      0x2c0 .\CortexM0\ARM_GCC_541\Debug\Design11.a(CapSense_SensingCSD_LL.o)
 .debug_frame   0x00000c94       0x70 .\CortexM0\ARM_GCC_541\Debug\Design11.a(led.o)
 .debug_frame   0x00000d04      0x110 .\CortexM0\ARM_GCC_541\Debug\Design11.a(CapSense_ISR.o)
 .debug_frame   0x00000e14      0x3e0 .\CortexM0\ARM_GCC_541\Debug\Design11.a(CyLib.o)
 .debug_frame   0x000011f4      0x3a8 .\CortexM0\ARM_GCC_541\Debug\Design11.a(CyLFClk.o)
 .debug_frame   0x0000159c       0x78 .\CortexM0\ARM_GCC_541\Debug\Design11.a(CapSense_INT.o)
 .debug_frame   0x00001614       0x5c C:\Program Files (x86)\Cypress\PSoC Creator\4.4\PSoC Creator\psoc\content\CyComponentLibrary\CyComponentLibrary.cylib\CapSense_P4_v7_0\PSoC4\Library\Capsense_P4Library_GCC.a(CapSense_SmartSense_LL.o)
 .debug_frame   0x00001670       0x58 C:\Program Files (x86)\Cypress\PSoC Creator\4.4\PSoC Creator\psoc\content\CyComponentLibrary\CyComponentLibrary.cylib\CapSense_P4_v7_0\PSoC4\Library\Capsense_P4Library_GCC.a(CapSense_SmartSense_SL.o)
 .debug_frame   0x000016c8       0x20 c:/program files (x86)/cypress/psoc creator/4.4/psoc creator/import/gnu/arm/5.4.1/bin/../lib/gcc/arm-none-eabi/5.4.1/armv6-m\libgcc.a(_udivsi3.o)
 .debug_frame   0x000016e8       0x20 c:/program files (x86)/cypress/psoc creator/4.4/psoc creator/import/gnu/arm/5.4.1/bin/../lib/gcc/arm-none-eabi/5.4.1/../../../../arm-none-eabi/lib/armv6-m\libg_nano.a(lib_a-errno.o)
 .debug_frame   0x00001708       0x28 c:/program files (x86)/cypress/psoc creator/4.4/psoc creator/import/gnu/arm/5.4.1/bin/../lib/gcc/arm-none-eabi/5.4.1/../../../../arm-none-eabi/lib/armv6-m\libg_nano.a(lib_a-exit.o)
 .debug_frame   0x00001730       0x2c c:/program files (x86)/cypress/psoc creator/4.4/psoc creator/import/gnu/arm/5.4.1/bin/../lib/gcc/arm-none-eabi/5.4.1/../../../../arm-none-eabi/lib/armv6-m\libg_nano.a(lib_a-init.o)
 .debug_frame   0x0000175c       0x28 c:/program files (x86)/cypress/psoc creator/4.4/psoc creator/import/gnu/arm/5.4.1/bin/../lib/gcc/arm-none-eabi/5.4.1/../../../../arm-none-eabi/lib/armv6-m\libg_nano.a(lib_a-memcpy-stub.o)
 .debug_frame   0x00001784       0x20 c:/program files (x86)/cypress/psoc creator/4.4/psoc creator/import/gnu/arm/5.4.1/bin/../lib/gcc/arm-none-eabi/5.4.1/../../../../arm-none-eabi/lib/armv6-m\libg_nano.a(lib_a-memset.o)

.debug_str      0x00000000     0x2ca0
 *(.debug_str)
 .debug_str     0x00000000      0x1b3 .\CortexM0\ARM_GCC_541\Debug\main.o
                                0x1f3 (size before relaxing)
 .debug_str     0x000001b3      0x153 .\CortexM0\ARM_GCC_541\Debug\cyfitter_cfg.o
                                0x2e7 (size before relaxing)
 .debug_str     0x00000306       0x63 .\CortexM0\ARM_GCC_541\Debug\cymetadata.o
                                0x1b2 (size before relaxing)
 .debug_str     0x00000369      0x13a .\CortexM0\ARM_GCC_541\Debug\Cm0Start.o
                                0x2eb (size before relaxing)
 .debug_str     0x000004a3      0x78f .\CortexM0\ARM_GCC_541\Debug\Design11.a(CapSense_Control.o)
                                0x961 (size before relaxing)
 .debug_str     0x00000c32      0x1d8 .\CortexM0\ARM_GCC_541\Debug\Design11.a(CapSense_Processing.o)
                                0x8e3 (size before relaxing)
 .debug_str     0x00000e0a      0x1c6 .\CortexM0\ARM_GCC_541\Debug\Design11.a(CapSense_Structure.o)
                                0x7fe (size before relaxing)
 .debug_str     0x00000fd0      0x171 .\CortexM0\ARM_GCC_541\Debug\Design11.a(CapSense_Tuner.o)
                                0x698 (size before relaxing)
 .debug_str     0x00001141      0x256 .\CortexM0\ARM_GCC_541\Debug\Design11.a(CapSense_Filter.o)
                                0x7f0 (size before relaxing)
 .debug_str     0x00001397      0x7dc .\CortexM0\ARM_GCC_541\Debug\Design11.a(CapSense_Sensing.o)
                                0xeb4 (size before relaxing)
 .debug_str     0x00001b73      0x35b .\CortexM0\ARM_GCC_541\Debug\Design11.a(CapSense_SensingCSD_LL.o)
                                0xc40 (size before relaxing)
 .debug_str     0x00001ece       0x93 .\CortexM0\ARM_GCC_541\Debug\Design11.a(led.o)
                                0x212 (size before relaxing)
 .debug_str     0x00001f61      0x14b .\CortexM0\ARM_GCC_541\Debug\Design11.a(CapSense_ISR.o)
                                0x336 (size before relaxing)
 .debug_str     0x000020ac      0x45b .\CortexM0\ARM_GCC_541\Debug\Design11.a(CyLib.o)
                                0x6a0 (size before relaxing)
 .debug_str     0x00002507      0x519 .\CortexM0\ARM_GCC_541\Debug\Design11.a(CyLFClk.o)
                                0x727 (size before relaxing)
 .debug_str     0x00002a20       0x8d .\CortexM0\ARM_GCC_541\Debug\Design11.a(CapSense_INT.o)
                                0x717 (size before relaxing)
 .debug_str     0x00002aad      0x186 C:\Program Files (x86)\Cypress\PSoC Creator\4.4\PSoC Creator\psoc\content\CyComponentLibrary\CyComponentLibrary.cylib\CapSense_P4_v7_0\PSoC4\Library\Capsense_P4Library_GCC.a(CapSense_SmartSense_LL.o)
                                0x2c4 (size before relaxing)
 .debug_str     0x00002c33       0x6d C:\Program Files (x86)\Cypress\PSoC Creator\4.4\PSoC Creator\psoc\content\CyComponentLibrary\CyComponentLibrary.cylib\CapSense_P4_v7_0\PSoC4\Library\Capsense_P4Library_GCC.a(CapSense_SmartSense_SL.o)
                                0x313 (size before relaxing)

.debug_loc      0x00000000     0x475f
 *(.debug_loc)
 .debug_loc     0x00000000       0x1f .\CortexM0\ARM_GCC_541\Debug\main.o
 .debug_loc     0x0000001f      0x14d .\CortexM0\ARM_GCC_541\Debug\cyfitter_cfg.o
 .debug_loc     0x0000016c      0x14f .\CortexM0\ARM_GCC_541\Debug\Cm0Start.o
 .debug_loc     0x000002bb      0x419 .\CortexM0\ARM_GCC_541\Debug\Design11.a(CapSense_Control.o)
 .debug_loc     0x000006d4      0x5e8 .\CortexM0\ARM_GCC_541\Debug\Design11.a(CapSense_Processing.o)
 .debug_loc     0x00000cbc      0x3ba .\CortexM0\ARM_GCC_541\Debug\Design11.a(CapSense_Structure.o)
 .debug_loc     0x00001076      0x176 .\CortexM0\ARM_GCC_541\Debug\Design11.a(CapSense_Tuner.o)
 .debug_loc     0x000011ec      0x8e6 .\CortexM0\ARM_GCC_541\Debug\Design11.a(CapSense_Filter.o)
 .debug_loc     0x00001ad2      0x9d1 .\CortexM0\ARM_GCC_541\Debug\Design11.a(CapSense_Sensing.o)
 .debug_loc     0x000024a3      0xd97 .\CortexM0\ARM_GCC_541\Debug\Design11.a(CapSense_SensingCSD_LL.o)
 .debug_loc     0x0000323a       0x81 .\CortexM0\ARM_GCC_541\Debug\Design11.a(led.o)
 .debug_loc     0x000032bb       0x82 .\CortexM0\ARM_GCC_541\Debug\Design11.a(CapSense_ISR.o)
 .debug_loc     0x0000333d      0x599 .\CortexM0\ARM_GCC_541\Debug\Design11.a(CyLib.o)
 .debug_loc     0x000038d6      0x9b5 .\CortexM0\ARM_GCC_541\Debug\Design11.a(CyLFClk.o)
 .debug_loc     0x0000428b       0x3c .\CortexM0\ARM_GCC_541\Debug\Design11.a(CapSense_INT.o)
 .debug_loc     0x000042c7      0x2ff C:\Program Files (x86)\Cypress\PSoC Creator\4.4\PSoC Creator\psoc\content\CyComponentLibrary\CyComponentLibrary.cylib\CapSense_P4_v7_0\PSoC4\Library\Capsense_P4Library_GCC.a(CapSense_SmartSense_LL.o)
 .debug_loc     0x000045c6      0x199 C:\Program Files (x86)\Cypress\PSoC Creator\4.4\PSoC Creator\psoc\content\CyComponentLibrary\CyComponentLibrary.cylib\CapSense_P4_v7_0\PSoC4\Library\Capsense_P4Library_GCC.a(CapSense_SmartSense_SL.o)

.debug_macinfo
 *(.debug_macinfo)

.debug_ranges   0x00000000      0x748
 *(.debug_ranges)
 .debug_ranges  0x00000000       0x10 .\CortexM0\ARM_GCC_541\Debug\main.o
 .debug_ranges  0x00000010       0x38 .\CortexM0\ARM_GCC_541\Debug\cyfitter_cfg.o
 .debug_ranges  0x00000048       0x38 .\CortexM0\ARM_GCC_541\Debug\Cm0Start.o
 .debug_ranges  0x00000080       0x58 .\CortexM0\ARM_GCC_541\Debug\Design11.a(CapSense_Control.o)
 .debug_ranges  0x000000d8       0x40 .\CortexM0\ARM_GCC_541\Debug\Design11.a(CapSense_Processing.o)
 .debug_ranges  0x00000118       0x40 .\CortexM0\ARM_GCC_541\Debug\Design11.a(CapSense_Structure.o)
 .debug_ranges  0x00000158       0x18 .\CortexM0\ARM_GCC_541\Debug\Design11.a(CapSense_Tuner.o)
 .debug_ranges  0x00000170       0x80 .\CortexM0\ARM_GCC_541\Debug\Design11.a(CapSense_Filter.o)
 .debug_ranges  0x000001f0       0xf0 .\CortexM0\ARM_GCC_541\Debug\Design11.a(CapSense_Sensing.o)
 .debug_ranges  0x000002e0       0xb0 .\CortexM0\ARM_GCC_541\Debug\Design11.a(CapSense_SensingCSD_LL.o)
 .debug_ranges  0x00000390       0x38 .\CortexM0\ARM_GCC_541\Debug\Design11.a(led.o)
 .debug_ranges  0x000003c8       0x70 .\CortexM0\ARM_GCC_541\Debug\Design11.a(CapSense_ISR.o)
 .debug_ranges  0x00000438      0x170 .\CortexM0\ARM_GCC_541\Debug\Design11.a(CyLib.o)
 .debug_ranges  0x000005a8      0x128 .\CortexM0\ARM_GCC_541\Debug\Design11.a(CyLFClk.o)
 .debug_ranges  0x000006d0       0x28 .\CortexM0\ARM_GCC_541\Debug\Design11.a(CapSense_INT.o)
 .debug_ranges  0x000006f8       0x30 C:\Program Files (x86)\Cypress\PSoC Creator\4.4\PSoC Creator\psoc\content\CyComponentLibrary\CyComponentLibrary.cylib\CapSense_P4_v7_0\PSoC4\Library\Capsense_P4Library_GCC.a(CapSense_SmartSense_LL.o)
 .debug_ranges  0x00000728       0x20 C:\Program Files (x86)\Cypress\PSoC Creator\4.4\PSoC Creator\psoc\content\CyComponentLibrary\CyComponentLibrary.cylib\CapSense_P4_v7_0\PSoC4\Library\Capsense_P4Library_GCC.a(CapSense_SmartSense_SL.o)

.comment        0x00000000       0x6e
 .comment       0x00000000       0x6e .\CortexM0\ARM_GCC_541\Debug\main.o
                                 0x6f (size before relaxing)
 .comment       0x0000006e       0x6f .\CortexM0\ARM_GCC_541\Debug\cyfitter_cfg.o
 .comment       0x0000006e       0x6f .\CortexM0\ARM_GCC_541\Debug\cymetadata.o
 .comment       0x0000006e       0x6f .\CortexM0\ARM_GCC_541\Debug\Cm0Start.o
 .comment       0x0000006e       0x6f .\CortexM0\ARM_GCC_541\Debug\Design11.a(CapSense_Control.o)
 .comment       0x0000006e       0x6f .\CortexM0\ARM_GCC_541\Debug\Design11.a(CapSense_Processing.o)
 .comment       0x0000006e       0x6f .\CortexM0\ARM_GCC_541\Debug\Design11.a(CapSense_Structure.o)
 .comment       0x0000006e       0x6f .\CortexM0\ARM_GCC_541\Debug\Design11.a(CapSense_Tuner.o)
 .comment       0x0000006e       0x6f .\CortexM0\ARM_GCC_541\Debug\Design11.a(CapSense_Filter.o)
 .comment       0x0000006e       0x6f .\CortexM0\ARM_GCC_541\Debug\Design11.a(CapSense_Sensing.o)
 .comment       0x0000006e       0x6f .\CortexM0\ARM_GCC_541\Debug\Design11.a(CapSense_SensingCSD_LL.o)
 .comment       0x0000006e       0x6f .\CortexM0\ARM_GCC_541\Debug\Design11.a(led.o)
 .comment       0x0000006e       0x6f .\CortexM0\ARM_GCC_541\Debug\Design11.a(CapSense_ISR.o)
 .comment       0x0000006e       0x6f .\CortexM0\ARM_GCC_541\Debug\Design11.a(CyLib.o)
 .comment       0x0000006e       0x6f .\CortexM0\ARM_GCC_541\Debug\Design11.a(CyLFClk.o)
 .comment       0x0000006e       0x6f .\CortexM0\ARM_GCC_541\Debug\Design11.a(CapSense_INT.o)
 .comment       0x0000006e       0x6f C:\Program Files (x86)\Cypress\PSoC Creator\4.4\PSoC Creator\psoc\content\CyComponentLibrary\CyComponentLibrary.cylib\CapSense_P4_v7_0\PSoC4\Library\Capsense_P4Library_GCC.a(CapSense_SmartSense_LL.o)
 .comment       0x0000006e       0x6f C:\Program Files (x86)\Cypress\PSoC Creator\4.4\PSoC Creator\psoc\content\CyComponentLibrary\CyComponentLibrary.cylib\CapSense_P4_v7_0\PSoC4\Library\Capsense_P4Library_GCC.a(CapSense_SmartSense_SL.o)

.debug_weaknames
 *(.debug_weaknames)

.debug_funcnames
 *(.debug_funcnames)

.debug_typenames
 *(.debug_typenames)

.debug_varnames
 *(.debug_varnames)

.note.gnu.arm.ident
 *(.note.gnu.arm.ident)

.ARM.attributes
                0x00000000       0x28
 *(.ARM.attributes)
 .ARM.attributes
                0x00000000       0x1e c:/program files (x86)/cypress/psoc creator/4.4/psoc creator/import/gnu/arm/5.4.1/bin/../lib/gcc/arm-none-eabi/5.4.1/armv6-m/crti.o
 .ARM.attributes
                0x0000001e       0x2c c:/program files (x86)/cypress/psoc creator/4.4/psoc creator/import/gnu/arm/5.4.1/bin/../lib/gcc/arm-none-eabi/5.4.1/armv6-m/crtbegin.o
 .ARM.attributes
                0x0000004a       0x1b c:/program files (x86)/cypress/psoc creator/4.4/psoc creator/import/gnu/arm/5.4.1/bin/../lib/gcc/arm-none-eabi/5.4.1/../../../../arm-none-eabi/lib/armv6-m/crt0.o
 .ARM.attributes
                0x00000065       0x31 .\CortexM0\ARM_GCC_541\Debug\main.o
 .ARM.attributes
                0x00000096       0x31 .\CortexM0\ARM_GCC_541\Debug\cyfitter_cfg.o
 .ARM.attributes
                0x000000c7       0x31 .\CortexM0\ARM_GCC_541\Debug\cymetadata.o
 .ARM.attributes
                0x000000f8       0x31 .\CortexM0\ARM_GCC_541\Debug\Cm0Start.o
 .ARM.attributes
                0x00000129       0x31 .\CortexM0\ARM_GCC_541\Debug\Design11.a(CapSense_Control.o)
 .ARM.attributes
                0x0000015a       0x31 .\CortexM0\ARM_GCC_541\Debug\Design11.a(CapSense_Processing.o)
 .ARM.attributes
                0x0000018b       0x31 .\CortexM0\ARM_GCC_541\Debug\Design11.a(CapSense_Structure.o)
 .ARM.attributes
                0x000001bc       0x31 .\CortexM0\ARM_GCC_541\Debug\Design11.a(CapSense_Tuner.o)
 .ARM.attributes
                0x000001ed       0x31 .\CortexM0\ARM_GCC_541\Debug\Design11.a(CapSense_Filter.o)
 .ARM.attributes
                0x0000021e       0x31 .\CortexM0\ARM_GCC_541\Debug\Design11.a(CapSense_Sensing.o)
 .ARM.attributes
                0x0000024f       0x31 .\CortexM0\ARM_GCC_541\Debug\Design11.a(CapSense_SensingCSD_LL.o)
 .ARM.attributes
                0x00000280       0x31 .\CortexM0\ARM_GCC_541\Debug\Design11.a(led.o)
 .ARM.attributes
                0x000002b1       0x31 .\CortexM0\ARM_GCC_541\Debug\Design11.a(CapSense_ISR.o)
 .ARM.attributes
                0x000002e2       0x31 .\CortexM0\ARM_GCC_541\Debug\Design11.a(CyLib.o)
 .ARM.attributes
                0x00000313       0x31 .\CortexM0\ARM_GCC_541\Debug\Design11.a(CyLFClk.o)
 .ARM.attributes
                0x00000344       0x21 .\CortexM0\ARM_GCC_541\Debug\Design11.a(CyBootAsmGnu.o)
 .ARM.attributes
                0x00000365       0x31 .\CortexM0\ARM_GCC_541\Debug\Design11.a(CapSense_INT.o)
 .ARM.attributes
                0x00000396       0x31 C:\Program Files (x86)\Cypress\PSoC Creator\4.4\PSoC Creator\psoc\content\CyComponentLibrary\CyComponentLibrary.cylib\CapSense_P4_v7_0\PSoC4\Library\Capsense_P4Library_GCC.a(CapSense_SmartSense_LL.o)
 .ARM.attributes
                0x000003c7       0x31 C:\Program Files (x86)\Cypress\PSoC Creator\4.4\PSoC Creator\psoc\content\CyComponentLibrary\CyComponentLibrary.cylib\CapSense_P4_v7_0\PSoC4\Library\Capsense_P4Library_GCC.a(CapSense_SmartSense_SL.o)
 .ARM.attributes
                0x000003f8       0x1e c:/program files (x86)/cypress/psoc creator/4.4/psoc creator/import/gnu/arm/5.4.1/bin/../lib/gcc/arm-none-eabi/5.4.1/armv6-m\libgcc.a(_udivsi3.o)
 .ARM.attributes
                0x00000416       0x1e c:/program files (x86)/cypress/psoc creator/4.4/psoc creator/import/gnu/arm/5.4.1/bin/../lib/gcc/arm-none-eabi/5.4.1/armv6-m\libgcc.a(_dvmd_tls.o)
 .ARM.attributes
                0x00000434       0x2c c:/program files (x86)/cypress/psoc creator/4.4/psoc creator/import/gnu/arm/5.4.1/bin/../lib/gcc/arm-none-eabi/5.4.1/../../../../arm-none-eabi/lib/armv6-m\libg_nano.a(lib_a-errno.o)
 .ARM.attributes
                0x00000460       0x2c c:/program files (x86)/cypress/psoc creator/4.4/psoc creator/import/gnu/arm/5.4.1/bin/../lib/gcc/arm-none-eabi/5.4.1/../../../../arm-none-eabi/lib/armv6-m\libg_nano.a(lib_a-exit.o)
 .ARM.attributes
                0x0000048c       0x2c c:/program files (x86)/cypress/psoc creator/4.4/psoc creator/import/gnu/arm/5.4.1/bin/../lib/gcc/arm-none-eabi/5.4.1/../../../../arm-none-eabi/lib/armv6-m\libg_nano.a(lib_a-impure.o)
 .ARM.attributes
                0x000004b8       0x2c c:/program files (x86)/cypress/psoc creator/4.4/psoc creator/import/gnu/arm/5.4.1/bin/../lib/gcc/arm-none-eabi/5.4.1/../../../../arm-none-eabi/lib/armv6-m\libg_nano.a(lib_a-init.o)
 .ARM.attributes
                0x000004e4       0x2c c:/program files (x86)/cypress/psoc creator/4.4/psoc creator/import/gnu/arm/5.4.1/bin/../lib/gcc/arm-none-eabi/5.4.1/../../../../arm-none-eabi/lib/armv6-m\libg_nano.a(lib_a-memcpy-stub.o)
 .ARM.attributes
                0x00000510       0x2c c:/program files (x86)/cypress/psoc creator/4.4/psoc creator/import/gnu/arm/5.4.1/bin/../lib/gcc/arm-none-eabi/5.4.1/../../../../arm-none-eabi/lib/armv6-m\libg_nano.a(lib_a-memset.o)
 .ARM.attributes
                0x0000053c       0x2c c:/program files (x86)/cypress/psoc creator/4.4/psoc creator/import/gnu/arm/5.4.1/bin/../lib/gcc/arm-none-eabi/5.4.1/armv6-m/crtend.o
 .ARM.attributes
                0x00000568       0x1e c:/program files (x86)/cypress/psoc creator/4.4/psoc creator/import/gnu/arm/5.4.1/bin/../lib/gcc/arm-none-eabi/5.4.1/armv6-m/crtn.o

/DISCARD/
 *(.note.GNU-stack)
OUTPUT(C:\DenysProjects\Workspace01\Design11.cydsn\CortexM0\ARM_GCC_541\Debug\Design11.elf elf32-littlearm)
